Archive member included to satisfy reference by file (symbol)

../../../external/micro-ecc/nrf52hf_armgcc/armgcc/micro_ecc_lib_nrf52.a(uECC.c.o)
                              _build/nrf52832_xxaa_s132/micro_ecc_backend_ecc.c.o (uECC_set_rng)
/usr/local/gcc-arm-none-eabi-8-2019-q3-update/bin/../lib/gcc/arm-none-eabi/8.3.1/../../../../arm-none-eabi/lib/thumb/v7e-m+fp/hard/libc_nano.a(lib_a-exit.o)
                              /usr/local/gcc-arm-none-eabi-8-2019-q3-update/bin/../lib/gcc/arm-none-eabi/8.3.1/../../../../arm-none-eabi/lib/thumb/v7e-m+fp/hard/crt0.o (exit)
/usr/local/gcc-arm-none-eabi-8-2019-q3-update/bin/../lib/gcc/arm-none-eabi/8.3.1/../../../../arm-none-eabi/lib/thumb/v7e-m+fp/hard/libc_nano.a(lib_a-impure.o)
                              /usr/local/gcc-arm-none-eabi-8-2019-q3-update/bin/../lib/gcc/arm-none-eabi/8.3.1/../../../../arm-none-eabi/lib/thumb/v7e-m+fp/hard/libc_nano.a(lib_a-exit.o) (_global_impure_ptr)
/usr/local/gcc-arm-none-eabi-8-2019-q3-update/bin/../lib/gcc/arm-none-eabi/8.3.1/../../../../arm-none-eabi/lib/thumb/v7e-m+fp/hard/libc_nano.a(lib_a-init.o)
                              /usr/local/gcc-arm-none-eabi-8-2019-q3-update/bin/../lib/gcc/arm-none-eabi/8.3.1/../../../../arm-none-eabi/lib/thumb/v7e-m+fp/hard/crt0.o (__libc_init_array)
/usr/local/gcc-arm-none-eabi-8-2019-q3-update/bin/../lib/gcc/arm-none-eabi/8.3.1/../../../../arm-none-eabi/lib/thumb/v7e-m+fp/hard/libc_nano.a(lib_a-memcmp.o)
                              _build/nrf52832_xxaa_s132/nrf_bootloader_fw_activation.c.o (memcmp)
/usr/local/gcc-arm-none-eabi-8-2019-q3-update/bin/../lib/gcc/arm-none-eabi/8.3.1/../../../../arm-none-eabi/lib/thumb/v7e-m+fp/hard/libc_nano.a(lib_a-memcpy-stub.o)
                              _build/nrf52832_xxaa_s132/app_scheduler.c.o (memcpy)
/usr/local/gcc-arm-none-eabi-8-2019-q3-update/bin/../lib/gcc/arm-none-eabi/8.3.1/../../../../arm-none-eabi/lib/thumb/v7e-m+fp/hard/libc_nano.a(lib_a-memset.o)
                              /usr/local/gcc-arm-none-eabi-8-2019-q3-update/bin/../lib/gcc/arm-none-eabi/8.3.1/../../../../arm-none-eabi/lib/thumb/v7e-m+fp/hard/crt0.o (memset)
/usr/local/gcc-arm-none-eabi-8-2019-q3-update/bin/../lib/gcc/arm-none-eabi/8.3.1/../../../../arm-none-eabi/lib/thumb/v7e-m+fp/hard/libc_nano.a(lib_a-strlen.o)
                              _build/nrf52832_xxaa_s132/nrf_fprintf_format.c.o (strlen)
/usr/local/gcc-arm-none-eabi-8-2019-q3-update/bin/../lib/gcc/arm-none-eabi/8.3.1/../../../../arm-none-eabi/lib/thumb/v7e-m+fp/hard/libnosys.a(_exit.o)
                              /usr/local/gcc-arm-none-eabi-8-2019-q3-update/bin/../lib/gcc/arm-none-eabi/8.3.1/../../../../arm-none-eabi/lib/thumb/v7e-m+fp/hard/libc_nano.a(lib_a-exit.o) (_exit)

Allocating common symbols
Common symbol       size              file

nrf_nvic_state      0xc               _build/nrf52832_xxaa_s132/app_util_platform.c.o
s_dfu_settings      0x380             _build/nrf52832_xxaa_s132/nrf_dfu_settings.c.o

Discarded input sections

 .text          0x0000000000000000        0x0 /usr/local/gcc-arm-none-eabi-8-2019-q3-update/bin/../lib/gcc/arm-none-eabi/8.3.1/thumb/v7e-m+fp/hard/crti.o
 .data          0x0000000000000000        0x0 /usr/local/gcc-arm-none-eabi-8-2019-q3-update/bin/../lib/gcc/arm-none-eabi/8.3.1/thumb/v7e-m+fp/hard/crti.o
 .bss           0x0000000000000000        0x0 /usr/local/gcc-arm-none-eabi-8-2019-q3-update/bin/../lib/gcc/arm-none-eabi/8.3.1/thumb/v7e-m+fp/hard/crti.o
 .data          0x0000000000000000        0x4 /usr/local/gcc-arm-none-eabi-8-2019-q3-update/bin/../lib/gcc/arm-none-eabi/8.3.1/thumb/v7e-m+fp/hard/crtbegin.o
 .data          0x0000000000000000        0x0 /usr/local/gcc-arm-none-eabi-8-2019-q3-update/bin/../lib/gcc/arm-none-eabi/8.3.1/../../../../arm-none-eabi/lib/thumb/v7e-m+fp/hard/crt0.o
 .bss           0x0000000000000000        0x0 /usr/local/gcc-arm-none-eabi-8-2019-q3-update/bin/../lib/gcc/arm-none-eabi/8.3.1/../../../../arm-none-eabi/lib/thumb/v7e-m+fp/hard/crt0.o
 .ARM.extab     0x0000000000000000        0x0 /usr/local/gcc-arm-none-eabi-8-2019-q3-update/bin/../lib/gcc/arm-none-eabi/8.3.1/../../../../arm-none-eabi/lib/thumb/v7e-m+fp/hard/crt0.o
 .data          0x0000000000000000        0x0 _build/nrf52832_xxaa_s132/gcc_startup_nrf52.S.o
 .bss           0x0000000000000000        0x0 _build/nrf52832_xxaa_s132/gcc_startup_nrf52.S.o
 .group         0x0000000000000000        0xc _build/nrf52832_xxaa_s132/system_nrf52.c.o
 .group         0x0000000000000000        0xc _build/nrf52832_xxaa_s132/system_nrf52.c.o
 .group         0x0000000000000000        0xc _build/nrf52832_xxaa_s132/system_nrf52.c.o
 .group         0x0000000000000000        0xc _build/nrf52832_xxaa_s132/system_nrf52.c.o
 .group         0x0000000000000000        0xc _build/nrf52832_xxaa_s132/system_nrf52.c.o
 .group         0x0000000000000000        0xc _build/nrf52832_xxaa_s132/system_nrf52.c.o
 .group         0x0000000000000000        0xc _build/nrf52832_xxaa_s132/system_nrf52.c.o
[...]
Memory Configuration

Name             Origin             Length             Attributes
FLASH            0x0000000000078000 0x0000000000006000 xr
RAM              0x00000000200057b8 0x000000000000a848 xrw
uicr_bootloader_start_address 0x0000000000000ff8 0x0000000000000004 r
uicr_mbr_params_page 0x0000000000000ffc 0x0000000000000004 r
mbr_params_page  0x000000000007e000 0x0000000000001000 r
bootloader_settings_page 0x000000000007f000 0x0000000000001000 r
*default*        0x0000000000000000 0xffffffffffffffff

Linker script and memory map


.text           0x0000000000078000     0x5988
 *(.isr_vector)
 .isr_vector    0x0000000000078000      0x200 _build/nrf52832_xxaa_s132/gcc_startup_nrf52.S.o
                0x0000000000078000                __isr_vector
 *(.text*)
 .text          0x0000000000078200       0x40 /usr/local/gcc-arm-none-eabi-8-2019-q3-update/bin/../lib/gcc/arm-none-eabi/8.3.1/thumb/v7e-m+fp/hard/crtbegin.o
 .text          0x0000000000078240       0x74 /usr/local/gcc-arm-none-eabi-8-2019-q3-update/bin/../lib/gcc/arm-none-eabi/8.3.1/../../../../arm-none-eabi/lib/thumb/v7e-m+fp/hard/crt0.o
                0x0000000000078240                _mainCRTStartup
                0x0000000000078240                _start
 .text          0x00000000000782b4       0x3c _build/nrf52832_xxaa_s132/gcc_startup_nrf52.S.o
                0x00000000000782b4                Reset_Handler
                0x00000000000782dc                NMI_Handler
                0x00000000000782de                HardFault_Handler
                0x00000000000782e0                MemoryManagement_Handler
                0x00000000000782e2                BusFault_Handler
                0x00000000000782e4                UsageFault_Handler
                0x00000000000782e8                DebugMon_Handler
                0x00000000000782ea                PendSV_Handler
                0x00000000000782ec                SysTick_Handler
                0x00000000000782ee                QDEC_IRQHandler
                0x00000000000782ee                TIMER3_IRQHandler
                0x00000000000782ee                FPU_IRQHandler
                0x00000000000782ee                SPIM0_SPIS0_TWIM0_TWIS0_SPI0_TWI0_IRQHandler
                0x00000000000782ee                UARTE0_UART0_IRQHandler
                0x00000000000782ee                TIMER4_IRQHandler
                0x00000000000782ee                I2S_IRQHandler
                0x00000000000782ee                SWI4_EGU4_IRQHandler
                0x00000000000782ee                TIMER0_IRQHandler
                0x00000000000782ee                TIMER1_IRQHandler
                0x00000000000782ee                PWM2_IRQHandler
                0x00000000000782ee                ECB_IRQHandler
                0x00000000000782ee                SPIM1_SPIS1_TWIM1_TWIS1_SPI1_TWI1_IRQHandler
                0x00000000000782ee                Default_Handler
                0x00000000000782ee                SAADC_IRQHandler
                0x00000000000782ee                CCM_AAR_IRQHandler
                0x00000000000782ee                SWI5_EGU5_IRQHandler
                0x00000000000782ee                RNG_IRQHandler
                0x00000000000782ee                PWM0_IRQHandler
                0x00000000000782ee                SWI3_EGU3_IRQHandler
                0x00000000000782ee                RTC1_IRQHandler
                0x00000000000782ee                SWI1_EGU1_IRQHandler
                0x00000000000782ee                SPIM2_SPIS2_SPI2_IRQHandler
                0x00000000000782ee                NFCT_IRQHandler
                0x00000000000782ee                MWU_IRQHandler
                0x00000000000782ee                TIMER2_IRQHandler
                0x00000000000782ee                COMP_LPCOMP_IRQHandler
                0x00000000000782ee                RTC0_IRQHandler
                0x00000000000782ee                SWI0_EGU0_IRQHandler
                0x00000000000782ee                GPIOTE_IRQHandler
                0x00000000000782ee                PWM1_IRQHandler
                0x00000000000782ee                POWER_CLOCK_IRQHandler
                0x00000000000782ee                RADIO_IRQHandler
                0x00000000000782ee                PDM_IRQHandler
                0x00000000000782ee                TEMP_IRQHandler
 .text.errata_12
                0x00000000000782f0       0x40 _build/nrf52832_xxaa_s132/system_nrf52.c.o
 .text.errata_16
                0x0000000000078330       0x34 _build/nrf52832_xxaa_s132/system_nrf52.c.o
 .text.SystemInit
                0x0000000000078364      0x25c _build/nrf52832_xxaa_s132/system_nrf52.c.o
                0x0000000000078364                SystemInit
 .text.app_sched_init
                0x00000000000785c0       0x48 _build/nrf52832_xxaa_s132/app_scheduler.c.o
                0x00000000000785c0                app_sched_init
 .text.app_sched_event_put
                0x0000000000078608       0xcc _build/nrf52832_xxaa_s132/app_scheduler.c.o
                0x0000000000078608                app_sched_event_put
 .text.app_sched_execute
                0x00000000000786d4       0x64 _build/nrf52832_xxaa_s132/app_scheduler.c.o
                0x00000000000786d4                app_sched_execute
 .text.app_util_critical_region_enter
                0x0000000000078738       0x48 _build/nrf52832_xxaa_s132/app_util_platform.c.o
                0x0000000000078738                app_util_critical_region_enter
 .text.app_util_critical_region_exit
                0x0000000000078780       0x2c _build/nrf52832_xxaa_s132/app_util_platform.c.o
                0x0000000000078780                app_util_critical_region_exit
 .text.crc32_compute
                0x00000000000787ac       0x38 _build/nrf52832_xxaa_s132/crc32.c.o
                0x00000000000787ac                crc32_compute
 .text.nrf_atfifo_init
                0x00000000000787e4       0x26 _build/nrf52832_xxaa_s132/nrf_atfifo.c.o
                0x00000000000787e4                nrf_atfifo_init
 .text.nrf_atfifo_clear
                0x000000000007880a       0x44 _build/nrf52832_xxaa_s132/nrf_atfifo.c.o
                0x000000000007880a                nrf_atfifo_clear
 .text.nrf_atfifo_item_alloc
                0x000000000007884e       0x54 _build/nrf52832_xxaa_s132/nrf_atfifo.c.o
                0x000000000007884e                nrf_atfifo_item_alloc
 .text.nrf_atfifo_item_put
                0x00000000000788a2       0x20 _build/nrf52832_xxaa_s132/nrf_atfifo.c.o
                0x00000000000788a2                nrf_atfifo_item_put
 .text.nrf_atfifo_item_get
                0x00000000000788c2       0x56 _build/nrf52832_xxaa_s132/nrf_atfifo.c.o
                0x00000000000788c2                nrf_atfifo_item_get
 .text.nrf_atfifo_item_free
                0x0000000000078918       0x20 _build/nrf52832_xxaa_s132/nrf_atfifo.c.o
                0x0000000000078918                nrf_atfifo_item_free
 .text.nrf_atomic_u32_fetch_or
                0x0000000000078938       0x16 _build/nrf52832_xxaa_s132/nrf_atomic.c.o
                0x0000000000078938                nrf_atomic_u32_fetch_or
 .text.nrf_atomic_u32_and
                0x000000000007894e       0x16 _build/nrf52832_xxaa_s132/nrf_atomic.c.o
                0x000000000007894e                nrf_atomic_u32_and
 .text.nrf_atomic_flag_set_fetch
                0x0000000000078964        0x6 _build/nrf52832_xxaa_s132/nrf_atomic.c.o
                0x0000000000078964                nrf_atomic_flag_set_fetch
 .text.nrf_atomic_flag_clear
                0x000000000007896a        0x6 _build/nrf52832_xxaa_s132/nrf_atomic.c.o
                0x000000000007896a                nrf_atomic_flag_clear
 .text.nrf_balloc_init
                0x0000000000078970       0x2e _build/nrf52832_xxaa_s132/nrf_balloc.c.o
                0x0000000000078970                nrf_balloc_init
 .text.nrf_balloc_alloc
                0x000000000007899e       0x4c _build/nrf52832_xxaa_s132/nrf_balloc.c.o
                0x000000000007899e                nrf_balloc_alloc
 .text.nrf_balloc_free
                0x00000000000789ea       0x34 _build/nrf52832_xxaa_s132/nrf_balloc.c.o
                0x00000000000789ea                nrf_balloc_free
 .text.nrf_fstorage_init
                0x0000000000078a1e        0x8 _build/nrf52832_xxaa_s132/nrf_fstorage.c.o
                0x0000000000078a1e                nrf_fstorage_init
 .text.nrf_fstorage_write
                0x0000000000078a26        0xe _build/nrf52832_xxaa_s132/nrf_fstorage.c.o
                0x0000000000078a26                nrf_fstorage_write
 .text.nrf_fstorage_erase
                0x0000000000078a34        0xe _build/nrf52832_xxaa_s132/nrf_fstorage.c.o
                0x0000000000078a34                nrf_fstorage_erase
 *fill*         0x0000000000078a42        0x2 
 .text.nrf_fstorage_is_busy
                0x0000000000078a44       0x44 _build/nrf52832_xxaa_s132/nrf_fstorage.c.o
                0x0000000000078a44                nrf_fstorage_is_busy
 .text.init     0x0000000000078a88        0xc _build/nrf52832_xxaa_s132/nrf_fstorage_nvmc.c.o
 .text.rmap     0x0000000000078a94        0x4 _build/nrf52832_xxaa_s132/nrf_fstorage_nvmc.c.o
 .text.wmap     0x0000000000078a98        0x4 _build/nrf52832_xxaa_s132/nrf_fstorage_nvmc.c.o
 .text.is_busy  0x0000000000078a9c       0x10 _build/nrf52832_xxaa_s132/nrf_fstorage_nvmc.c.o
 .text.uninit   0x0000000000078aac       0x10 _build/nrf52832_xxaa_s132/nrf_fstorage_nvmc.c.o
 .text.read     0x0000000000078abc        0xe _build/nrf52832_xxaa_s132/nrf_fstorage_nvmc.c.o
 *fill*         0x0000000000078aca        0x2 
 .text.erase    0x0000000000078acc       0x60 _build/nrf52832_xxaa_s132/nrf_fstorage_nvmc.c.o
 .text.write    0x0000000000078b2c       0x54 _build/nrf52832_xxaa_s132/nrf_fstorage_nvmc.c.o
 .text.sd_flash_write
                0x0000000000078b80        0x4 _build/nrf52832_xxaa_s132/nrf_fstorage_sd.c.o
 .text.sd_flash_page_erase
                0x0000000000078b84        0x4 _build/nrf52832_xxaa_s132/nrf_fstorage_sd.c.o
 .text.event_send
                0x0000000000078b88       0x52 _build/nrf52832_xxaa_s132/nrf_fstorage_sd.c.o
 .text.rmap     0x0000000000078bda        0x4 _build/nrf52832_xxaa_s132/nrf_fstorage_sd.c.o
 .text.wmap     0x0000000000078bde        0x4 _build/nrf52832_xxaa_s132/nrf_fstorage_sd.c.o
 *fill*         0x0000000000078be2        0x2 
 .text.is_busy  0x0000000000078be4       0x10 _build/nrf52832_xxaa_s132/nrf_fstorage_sd.c.o
 .text.nrf_fstorage_sdh_req_handler
                0x0000000000078bf4       0x14 _build/nrf52832_xxaa_s132/nrf_fstorage_sd.c.o
                0x0000000000078bf4                nrf_fstorage_sdh_req_handler
 .text.read     0x0000000000078c08        0xe _build/nrf52832_xxaa_s132/nrf_fstorage_sd.c.o
 *fill*         0x0000000000078c16        0x2 
 .text.uninit   0x0000000000078c18       0x20 _build/nrf52832_xxaa_s132/nrf_fstorage_sd.c.o
 .text.init     0x0000000000078c38       0x38 _build/nrf52832_xxaa_s132/nrf_fstorage_sd.c.o
 .text.queue_process
                0x0000000000078c70       0xa0 _build/nrf52832_xxaa_s132/nrf_fstorage_sd.c.o
 .text.nrf_fstorage_sys_evt_handler
                0x0000000000078d10       0xa4 _build/nrf52832_xxaa_s132/nrf_fstorage_sd.c.o
                0x0000000000078d10                nrf_fstorage_sys_evt_handler
 .text.nrf_fstorage_sdh_state_handler
                0x0000000000078db4       0x20 _build/nrf52832_xxaa_s132/nrf_fstorage_sd.c.o
                0x0000000000078db4                nrf_fstorage_sdh_state_handler
 .text.queue_start
                0x0000000000078dd4       0x20 _build/nrf52832_xxaa_s132/nrf_fstorage_sd.c.o
 .text.erase    0x0000000000078df4       0x4c _build/nrf52832_xxaa_s132/nrf_fstorage_sd.c.o
 .text.write    0x0000000000078e40       0x50 _build/nrf52832_xxaa_s132/nrf_fstorage_sd.c.o
 .text.nrf_section_iter_init
                0x0000000000078e90       0x12 _build/nrf52832_xxaa_s132/nrf_section_iter.c.o
                0x0000000000078e90                nrf_section_iter_init
 .text.nrf_section_iter_next
                0x0000000000078ea2       0x18 _build/nrf52832_xxaa_s132/nrf_section_iter.c.o
                0x0000000000078ea2                nrf_section_iter_next
 *fill*         0x0000000000078eba        0x2 
 .text.sha256_transform
                0x0000000000078ebc      0x13c _build/nrf52832_xxaa_s132/sha256.c.o
                0x0000000000078ebc                sha256_transform
 .text.sha256_init
                0x0000000000078ff8       0x60 _build/nrf52832_xxaa_s132/sha256.c.o
                0x0000000000078ff8                sha256_init
 .text.sha256_update
                0x0000000000079058       0x48 _build/nrf52832_xxaa_s132/sha256.c.o
                0x0000000000079058                sha256_update
 .text.sha256_final
                0x00000000000790a0      0x100 _build/nrf52832_xxaa_s132/sha256.c.o
                0x00000000000790a0                sha256_final
 .text.nrf_crypto_backend_micro_ecc_curve_get
                0x00000000000791a0        0x6 _build/nrf52832_xxaa_s132/micro_ecc_backend_ecc.c.o
                0x00000000000791a0                nrf_crypto_backend_micro_ecc_curve_get
 .text.nrf_crypto_backend_micro_ecc_public_key_from_raw
                0x00000000000791a6       0x10 _build/nrf52832_xxaa_s132/micro_ecc_backend_ecc.c.o
                0x00000000000791a6                nrf_crypto_backend_micro_ecc_public_key_from_raw
 .text.nrf_crypto_backend_micro_ecc_verify
                0x00000000000791b6       0x52 _build/nrf52832_xxaa_s132/micro_ecc_backend_ecdsa.c.o
                0x00000000000791b6                nrf_crypto_backend_micro_ecc_verify
 .text.bsp_board_led_on
                0x0000000000079208       0x18 _build/nrf52832_xxaa_s132/boards.c.o
                0x0000000000079208                bsp_board_led_on
 .text.bsp_board_led_off
                0x0000000000079220       0x18 _build/nrf52832_xxaa_s132/boards.c.o
                0x0000000000079220                bsp_board_led_off
 .text.bsp_board_leds_off
                0x0000000000079238       0x1e _build/nrf52832_xxaa_s132/boards.c.o
                0x0000000000079238                bsp_board_leds_off
 .text.bsp_board_init
                0x0000000000079256       0x3e _build/nrf52832_xxaa_s132/boards.c.o
                0x0000000000079256                bsp_board_init
 .text.wait_for_flash_ready
                0x0000000000079294       0x10 _build/nrf52832_xxaa_s132/nrf_nvmc.c.o
 .text.nrf_nvmc_page_erase
                0x00000000000792a4       0x30 _build/nrf52832_xxaa_s132/nrf_nvmc.c.o
                0x00000000000792a4                nrf_nvmc_page_erase
 .text.nrf_nvmc_write_words
                0x00000000000792d4       0x40 _build/nrf52832_xxaa_s132/nrf_nvmc.c.o
                0x00000000000792d4                nrf_nvmc_write_words
 .text.nrf_crypto_internal_ecc_key_output_prepare
                0x0000000000079314       0x1a _build/nrf52832_xxaa_s132/nrf_crypto_ecc.c.o
                0x0000000000079314                nrf_crypto_internal_ecc_key_output_prepare
 .text.nrf_crypto_internal_ecc_key_input_check
                0x000000000007932e       0x16 _build/nrf52832_xxaa_s132/nrf_crypto_ecc.c.o
                0x000000000007932e                nrf_crypto_internal_ecc_key_input_check
 .text.nrf_crypto_internal_ecc_raw_input_check
                0x0000000000079344       0x14 _build/nrf52832_xxaa_s132/nrf_crypto_ecc.c.o
                0x0000000000079344                nrf_crypto_internal_ecc_raw_input_check
 .text.nrf_crypto_ecc_public_key_from_raw
                0x0000000000079358       0x38 _build/nrf52832_xxaa_s132/nrf_crypto_ecc.c.o
                0x0000000000079358                nrf_crypto_ecc_public_key_from_raw
 .text.nrf_crypto_ecdsa_verify
                0x0000000000079390       0x4c _build/nrf52832_xxaa_s132/nrf_crypto_ecdsa.c.o
                0x0000000000079390                nrf_crypto_ecdsa_verify
 .text.nrf_crypto_hash_init
                0x00000000000793dc       0x28 _build/nrf52832_xxaa_s132/nrf_crypto_hash.c.o
                0x00000000000793dc                nrf_crypto_hash_init
 .text.nrf_crypto_hash_update
                0x0000000000079404       0x34 _build/nrf52832_xxaa_s132/nrf_crypto_hash.c.o
                0x0000000000079404                nrf_crypto_hash_update
 .text.nrf_crypto_hash_finalize
                0x0000000000079438       0x3c _build/nrf52832_xxaa_s132/nrf_crypto_hash.c.o
                0x0000000000079438                nrf_crypto_hash_finalize
 .text.nrf_crypto_hash_calculate
                0x0000000000079474       0x32 _build/nrf52832_xxaa_s132/nrf_crypto_hash.c.o
                0x0000000000079474                nrf_crypto_hash_calculate
 *fill*         0x00000000000794a6        0x2 
 .text.nrf_crypto_init
                0x00000000000794a8       0x38 _build/nrf52832_xxaa_s132/nrf_crypto_init.c.o
                0x00000000000794a8                nrf_crypto_init
 .text.nrf_crypto_internal_swap_endian_in_place
                0x00000000000794e0       0x18 _build/nrf52832_xxaa_s132/nrf_crypto_shared.c.o
                0x00000000000794e0                nrf_crypto_internal_swap_endian_in_place
 .text.nrf_crypto_internal_swap_endian
                0x00000000000794f8       0x16 _build/nrf52832_xxaa_s132/nrf_crypto_shared.c.o
                0x00000000000794f8                nrf_crypto_internal_swap_endian
 .text.nrf_crypto_internal_double_swap_endian
                0x000000000007950e       0x18 _build/nrf52832_xxaa_s132/nrf_crypto_shared.c.o
                0x000000000007950e                nrf_crypto_internal_double_swap_endian
 .text.nrf_crypto_internal_double_swap_endian_in_place
                0x0000000000079526       0x16 _build/nrf52832_xxaa_s132/nrf_crypto_shared.c.o
                0x0000000000079526                nrf_crypto_internal_double_swap_endian_in_place
 .text.NVIC_SystemReset
                0x000000000007953c       0x24 _build/nrf52832_xxaa_s132/main.c.o
 .text.dfu_observer
                0x0000000000079560       0x40 _build/nrf52832_xxaa_s132/main.c.o
 .text.app_error_fault_handler
                0x00000000000795a0        0x6 _build/nrf52832_xxaa_s132/main.c.o
                0x00000000000795a0                app_error_fault_handler
 .text.app_error_handler_bare
                0x00000000000795a6        0x6 _build/nrf52832_xxaa_s132/main.c.o
                0x00000000000795a6                app_error_handler_bare
 .text.startup.main
                0x00000000000795ac       0x40 _build/nrf52832_xxaa_s132/main.c.o
                0x00000000000795ac                main
 .text.ble_srv_is_notification_enabled
                0x00000000000795ec        0x8 _build/nrf52832_xxaa_s132/ble_srv_common.c.o
                0x00000000000795ec                ble_srv_is_notification_enabled
 .text.sd_app_evt_wait
                0x00000000000795f4        0x4 _build/nrf52832_xxaa_s132/nrf_bootloader.c.o
 .text.flash_write_callback
                0x00000000000795f8        0xc _build/nrf52832_xxaa_s132/nrf_bootloader.c.o
 .text.do_reset
                0x0000000000079604       0x24 _build/nrf52832_xxaa_s132/nrf_bootloader.c.o
 .text.inactivity_timeout
                0x0000000000079628       0x14 _build/nrf52832_xxaa_s132/nrf_bootloader.c.o
 .text.dfu_observer
                0x000000000007963c       0x4c _build/nrf52832_xxaa_s132/nrf_bootloader.c.o
 .text.nrf_dfu_init_user
                0x0000000000079688        0x4 _build/nrf52832_xxaa_s132/nrf_bootloader.c.o
                0x0000000000079688                nrf_dfu_init_user
 .text.nrf_bootloader_init
                0x000000000007968c      0x18c _build/nrf52832_xxaa_s132/nrf_bootloader.c.o
                0x000000000007968c                nrf_bootloader_init
 .text.nrf_bootloader_app_start
                0x0000000000079818       0x24 _build/nrf52832_xxaa_s132/nrf_bootloader_app_start.c.o
                0x0000000000079818                nrf_bootloader_app_start
 .text.nrf_bootloader_flash_protect
                0x000000000007983c       0x58 _build/nrf52832_xxaa_s132/nrf_bootloader_app_start_final.c.o
                0x000000000007983c                nrf_bootloader_flash_protect
 .text.nrf_bootloader_app_start_final
                0x0000000000079894       0x90 _build/nrf52832_xxaa_s132/nrf_bootloader_app_start_final.c.o
                0x0000000000079894                nrf_bootloader_app_start_final
 .text.timer_activate
                0x0000000000079924       0x68 _build/nrf52832_xxaa_s132/nrf_bootloader_dfu_timers.c.o
 .text.timer_init
                0x000000000007998c       0x84 _build/nrf52832_xxaa_s132/nrf_bootloader_dfu_timers.c.o
 .text.RTC2_IRQHandler
                0x0000000000079a10       0xbc _build/nrf52832_xxaa_s132/nrf_bootloader_dfu_timers.c.o
                0x0000000000079a10                RTC2_IRQHandler
 .text.nrf_bootloader_dfu_inactivity_timer_restart
                0x0000000000079acc       0x38 _build/nrf52832_xxaa_s132/nrf_bootloader_dfu_timers.c.o
                0x0000000000079acc                nrf_bootloader_dfu_inactivity_timer_restart
 .text.nrf_bootloader_wdt_feed_timer_start
                0x0000000000079b04       0x24 _build/nrf52832_xxaa_s132/nrf_bootloader_dfu_timers.c.o
                0x0000000000079b04                nrf_bootloader_wdt_feed_timer_start
 .text.flash_write_callback
                0x0000000000079b28        0xc _build/nrf52832_xxaa_s132/nrf_bootloader_fw_activation.c.o
 .text.bl_activate
                0x0000000000079b34       0x60 _build/nrf52832_xxaa_s132/nrf_bootloader_fw_activation.c.o
 .text.image_copy.part.0.constprop.3
                0x0000000000079b94       0x88 _build/nrf52832_xxaa_s132/nrf_bootloader_fw_activation.c.o
 .text.sd_activate
                0x0000000000079c1c       0x60 _build/nrf52832_xxaa_s132/nrf_bootloader_fw_activation.c.o
 .text.nrf_bootloader_fw_activate
                0x0000000000079c7c       0xac _build/nrf52832_xxaa_s132/nrf_bootloader_fw_activation.c.o
                0x0000000000079c7c                nrf_bootloader_fw_activate
 .text.wdt_feed
                0x0000000000079d28       0x34 _build/nrf52832_xxaa_s132/nrf_bootloader_wdt.c.o
 .text.wdt_feed_timer_handler
                0x0000000000079d5c        0x4 _build/nrf52832_xxaa_s132/nrf_bootloader_wdt.c.o
 .text.WDT_IRQHandler
                0x0000000000079d60       0x18 _build/nrf52832_xxaa_s132/nrf_bootloader_wdt.c.o
                0x0000000000079d60                WDT_IRQHandler
 .text.nrf_bootloader_wdt_init
                0x0000000000079d78       0x4c _build/nrf52832_xxaa_s132/nrf_bootloader_wdt.c.o
                0x0000000000079d78                nrf_bootloader_wdt_init
 .text.nrf_bootloader_wdt_feed
                0x0000000000079dc4       0x14 _build/nrf52832_xxaa_s132/nrf_bootloader_wdt.c.o
                0x0000000000079dc4                nrf_bootloader_wdt_feed
 .text.pb_field_iter_begin
                0x0000000000079dd8       0x22 _build/nrf52832_xxaa_s132/pb_common.c.o
                0x0000000000079dd8                pb_field_iter_begin
 .text.pb_field_iter_next
                0x0000000000079dfa       0x84 _build/nrf52832_xxaa_s132/pb_common.c.o
                0x0000000000079dfa                pb_field_iter_next
 .text.pb_field_iter_find
                0x0000000000079e7e       0x2e _build/nrf52832_xxaa_s132/pb_common.c.o
                0x0000000000079e7e                pb_field_iter_find
 .text.buf_read
                0x0000000000079eac       0x1c _build/nrf52832_xxaa_s132/pb_decode.c.o
 .text.pb_decode_varint32
                0x0000000000079ec8       0x76 _build/nrf52832_xxaa_s132/pb_decode.c.o
 .text.pb_field_set_to_default
                0x0000000000079f3e       0xaa _build/nrf52832_xxaa_s132/pb_decode.c.o
 .text.pb_message_set_to_defaults
                0x0000000000079fe8       0x22 _build/nrf52832_xxaa_s132/pb_decode.c.o
 *fill*         0x000000000007a00a        0x2 
 .text.pb_read  0x000000000007a00c       0x58 _build/nrf52832_xxaa_s132/pb_decode.c.o
                0x000000000007a00c                pb_read
 .text.pb_dec_string
                0x000000000007a064       0x40 _build/nrf52832_xxaa_s132/pb_decode.c.o
 .text.pb_dec_bytes
                0x000000000007a0a4       0x44 _build/nrf52832_xxaa_s132/pb_decode.c.o
 .text.pb_istream_from_buffer
                0x000000000007a0e8       0x14 _build/nrf52832_xxaa_s132/pb_decode.c.o
                0x000000000007a0e8                pb_istream_from_buffer
 .text.pb_decode_varint
                0x000000000007a0fc       0x6c _build/nrf52832_xxaa_s132/pb_decode.c.o
                0x000000000007a0fc                pb_decode_varint
 .text.pb_dec_uvarint
                0x000000000007a168       0x5c _build/nrf52832_xxaa_s132/pb_decode.c.o
 .text.pb_dec_varint
                0x000000000007a1c4       0x5a _build/nrf52832_xxaa_s132/pb_decode.c.o
 .text.pb_decode_tag
                0x000000000007a21e       0x3a _build/nrf52832_xxaa_s132/pb_decode.c.o
                0x000000000007a21e                pb_decode_tag
 .text.pb_skip_field
                0x000000000007a258       0x4c _build/nrf52832_xxaa_s132/pb_decode.c.o
                0x000000000007a258                pb_skip_field
 .text.pb_make_string_substream
                0x000000000007a2a4       0x30 _build/nrf52832_xxaa_s132/pb_decode.c.o
                0x000000000007a2a4                pb_make_string_substream
 .text.decode_field
                0x000000000007a2d4      0x1a4 _build/nrf52832_xxaa_s132/pb_decode.c.o
 .text.pb_decode_noinit
                0x000000000007a478      0x1ae _build/nrf52832_xxaa_s132/pb_decode.c.o
                0x000000000007a478                pb_decode_noinit
 .text.pb_decode
                0x000000000007a626       0x1e _build/nrf52832_xxaa_s132/pb_decode.c.o
                0x000000000007a626                pb_decode
 .text.pb_dec_submessage
                0x000000000007a644       0x3a _build/nrf52832_xxaa_s132/pb_decode.c.o
 .text.pb_decode_svarint
                0x000000000007a67e       0x32 _build/nrf52832_xxaa_s132/pb_decode.c.o
                0x000000000007a67e                pb_decode_svarint
 .text.pb_dec_svarint
                0x000000000007a6b0       0x5a _build/nrf52832_xxaa_s132/pb_decode.c.o
 .text.pb_decode_fixed32
                0x000000000007a70a       0x18 _build/nrf52832_xxaa_s132/pb_decode.c.o
                0x000000000007a70a                pb_decode_fixed32
 .text.pb_dec_fixed32
                0x000000000007a722        0x6 _build/nrf52832_xxaa_s132/pb_decode.c.o
 .text.pb_decode_fixed64
                0x000000000007a728       0x1a _build/nrf52832_xxaa_s132/pb_decode.c.o
                0x000000000007a728                pb_decode_fixed64
 .text.pb_dec_fixed64
                0x000000000007a742        0x6 _build/nrf52832_xxaa_s132/pb_decode.c.o
 .text.nrf_sw_backend_hash_sha256_finalize
                0x000000000007a748       0x20 _build/nrf52832_xxaa_s132/nrf_sw_backend_hash.c.o
 .text.nrf_sw_backend_hash_sha256_update
                0x000000000007a768        0x6 _build/nrf52832_xxaa_s132/nrf_sw_backend_hash.c.o
 .text.nrf_sw_backend_hash_sha256_init
                0x000000000007a76e        0x6 _build/nrf52832_xxaa_s132/nrf_sw_backend_hash.c.o
 .text.dfu_observer
                0x000000000007a774       0x24 _build/nrf52832_xxaa_s132/nrf_dfu.c.o
 .text.nrf_dfu_init
                0x000000000007a798       0x28 _build/nrf52832_xxaa_s132/nrf_dfu.c.o
                0x000000000007a798                nrf_dfu_init
 .text.sd_ble_gap_addr_set
                0x000000000007a7c0        0x4 _build/nrf52832_xxaa_s132/nrf_dfu_ble.c.o
 .text.sd_ble_gap_addr_get
                0x000000000007a7c4        0x4 _build/nrf52832_xxaa_s132/nrf_dfu_ble.c.o
 .text.sd_ble_gap_adv_set_configure
                0x000000000007a7c8        0x4 _build/nrf52832_xxaa_s132/nrf_dfu_ble.c.o
 .text.sd_ble_gap_adv_start
                0x000000000007a7cc        0x4 _build/nrf52832_xxaa_s132/nrf_dfu_ble.c.o
 .text.sd_ble_gap_adv_stop
                0x000000000007a7d0        0x4 _build/nrf52832_xxaa_s132/nrf_dfu_ble.c.o
 .text.sd_ble_gap_conn_param_update
                0x000000000007a7d4        0x4 _build/nrf52832_xxaa_s132/nrf_dfu_ble.c.o
 .text.sd_ble_gap_disconnect
                0x000000000007a7d8        0x4 _build/nrf52832_xxaa_s132/nrf_dfu_ble.c.o
 .text.sd_ble_gap_ppcp_set
                0x000000000007a7dc        0x4 _build/nrf52832_xxaa_s132/nrf_dfu_ble.c.o
 .text.sd_ble_gap_device_name_set
                0x000000000007a7e0        0x4 _build/nrf52832_xxaa_s132/nrf_dfu_ble.c.o
 .text.sd_ble_gap_device_name_get
                0x000000000007a7e4        0x4 _build/nrf52832_xxaa_s132/nrf_dfu_ble.c.o
 .text.sd_ble_gap_sec_params_reply
                0x000000000007a7e8        0x4 _build/nrf52832_xxaa_s132/nrf_dfu_ble.c.o
 .text.sd_ble_gap_sec_info_reply
                0x000000000007a7ec        0x4 _build/nrf52832_xxaa_s132/nrf_dfu_ble.c.o
 .text.sd_ble_gap_phy_update
                0x000000000007a7f0        0x4 _build/nrf52832_xxaa_s132/nrf_dfu_ble.c.o
 .text.sd_ble_gap_data_length_update
                0x000000000007a7f4        0x4 _build/nrf52832_xxaa_s132/nrf_dfu_ble.c.o
 .text.sd_ble_gatts_service_add
                0x000000000007a7f8        0x4 _build/nrf52832_xxaa_s132/nrf_dfu_ble.c.o
 .text.sd_ble_gatts_characteristic_add
                0x000000000007a7fc        0x4 _build/nrf52832_xxaa_s132/nrf_dfu_ble.c.o
 .text.sd_ble_gatts_value_get
                0x000000000007a800        0x4 _build/nrf52832_xxaa_s132/nrf_dfu_ble.c.o
 .text.sd_ble_gatts_hvx
                0x000000000007a804        0x4 _build/nrf52832_xxaa_s132/nrf_dfu_ble.c.o
 .text.sd_ble_gatts_rw_authorize_reply
                0x000000000007a808        0x4 _build/nrf52832_xxaa_s132/nrf_dfu_ble.c.o
 .text.sd_ble_gatts_sys_attr_set
                0x000000000007a80c        0x4 _build/nrf52832_xxaa_s132/nrf_dfu_ble.c.o
 .text.sd_ble_gatts_exchange_mtu_reply
                0x000000000007a810        0x4 _build/nrf52832_xxaa_s132/nrf_dfu_ble.c.o
 .text.sd_ble_uuid_vs_add
                0x000000000007a814        0x4 _build/nrf52832_xxaa_s132/nrf_dfu_ble.c.o
 .text.sd_ble_user_mem_reply
                0x000000000007a818        0x4 _build/nrf52832_xxaa_s132/nrf_dfu_ble.c.o
 .text.sd_softdevice_vector_table_base_set
                0x000000000007a81c        0x4 _build/nrf52832_xxaa_s132/nrf_dfu_ble.c.o
 .text.response_send
                0x000000000007a820       0x40 _build/nrf52832_xxaa_s132/nrf_dfu_ble.c.o
 .text.on_flash_write
                0x000000000007a860        0xc _build/nrf52832_xxaa_s132/nrf_dfu_ble.c.o
 .text.advertising_start
                0x000000000007a86c       0x9c _build/nrf52832_xxaa_s132/nrf_dfu_ble.c.o
 .text.ble_evt_handler
                0x000000000007a908      0x2f0 _build/nrf52832_xxaa_s132/nrf_dfu_ble.c.o
 .text.ble_dfu_transport_close
                0x000000000007abf8       0x6c _build/nrf52832_xxaa_s132/nrf_dfu_ble.c.o
                0x000000000007abf8                ble_dfu_transport_close
 .text.ble_dfu_req_handler_callback
                0x000000000007ac64       0xfc _build/nrf52832_xxaa_s132/nrf_dfu_ble.c.o
 .text.ble_dfu_init
                0x000000000007ad60      0x120 _build/nrf52832_xxaa_s132/nrf_dfu_ble.c.o
                0x000000000007ad60                ble_dfu_init
 .text.ble_dfu_transport_init
                0x000000000007ae80       0xf0 _build/nrf52832_xxaa_s132/nrf_dfu_ble.c.o
                0x000000000007ae80                ble_dfu_transport_init
 .text.dfu_fstorage_evt_handler
                0x000000000007af70        0xa _build/nrf52832_xxaa_s132/nrf_dfu_flash.c.o
                0x000000000007af70                dfu_fstorage_evt_handler
 *fill*         0x000000000007af7a        0x2 
 .text.nrf_dfu_flash_init
                0x000000000007af7c       0x20 _build/nrf52832_xxaa_s132/nrf_dfu_flash.c.o
                0x000000000007af7c                nrf_dfu_flash_init
 .text.nrf_dfu_flash_store
                0x000000000007af9c       0x1c _build/nrf52832_xxaa_s132/nrf_dfu_flash.c.o
                0x000000000007af9c                nrf_dfu_flash_store
 .text.nrf_dfu_flash_erase
                0x000000000007afb8       0x10 _build/nrf52832_xxaa_s132/nrf_dfu_flash.c.o
                0x000000000007afb8                nrf_dfu_flash_erase
 .text.ext_error_set
                0x000000000007afc8        0xc _build/nrf52832_xxaa_s132/nrf_dfu_handling_error.c.o
                0x000000000007afc8                ext_error_set
 .text.ext_error_get
                0x000000000007afd4       0x10 _build/nrf52832_xxaa_s132/nrf_dfu_handling_error.c.o
                0x000000000007afd4                ext_error_get
 .text.sd_mbr_command
                0x000000000007afe4        0x4 _build/nrf52832_xxaa_s132/nrf_dfu_mbr.c.o
 .text.nrf_dfu_mbr_copy_bl
                0x000000000007afe8       0x22 _build/nrf52832_xxaa_s132/nrf_dfu_mbr.c.o
                0x000000000007afe8                nrf_dfu_mbr_copy_bl
 .text.nrf_dfu_mbr_init_sd
                0x000000000007b00a       0x1a _build/nrf52832_xxaa_s132/nrf_dfu_mbr.c.o
                0x000000000007b00a                nrf_dfu_mbr_init_sd
 .text.nrf_dfu_mbr_irq_forward_address_set
                0x000000000007b024        0xe _build/nrf52832_xxaa_s132/nrf_dfu_mbr.c.o
                0x000000000007b024                nrf_dfu_mbr_irq_forward_address_set
 *fill*         0x000000000007b032        0x2 
 .text.on_dfu_complete
                0x000000000007b034        0xc _build/nrf52832_xxaa_s132/nrf_dfu_req_handler.c.o
 .text.ext_err_code_handle
                0x000000000007b040        0xe _build/nrf52832_xxaa_s132/nrf_dfu_req_handler.c.o
 *fill*         0x000000000007b04e        0x2 
 .text.on_data_obj_execute_request_sched
                0x000000000007b050       0x80 _build/nrf52832_xxaa_s132/nrf_dfu_req_handler.c.o
 .text.nrf_dfu_req_handler_req
                0x000000000007b0d0      0x264 _build/nrf52832_xxaa_s132/nrf_dfu_req_handler.c.o
 .text.nrf_dfu_req_handler_on_req
                0x000000000007b334       0x14 _build/nrf52832_xxaa_s132/nrf_dfu_req_handler.c.o
                0x000000000007b334                nrf_dfu_req_handler_on_req
 .text.nrf_dfu_req_handler_init
                0x000000000007b348       0x48 _build/nrf52832_xxaa_s132/nrf_dfu_req_handler.c.o
                0x000000000007b348                nrf_dfu_req_handler_init
 .text.settings_write
                0x000000000007b390       0x50 _build/nrf52832_xxaa_s132/nrf_dfu_settings.c.o
 .text.nrf_dfu_settings_write
                0x000000000007b3e0       0x44 _build/nrf52832_xxaa_s132/nrf_dfu_settings.c.o
                0x000000000007b3e0                nrf_dfu_settings_write
 .text.settings_backup
                0x000000000007b424       0x14 _build/nrf52832_xxaa_s132/nrf_dfu_settings.c.o
                0x000000000007b424                settings_backup
 .text.nrf_dfu_settings_backup
                0x000000000007b438        0xc _build/nrf52832_xxaa_s132/nrf_dfu_settings.c.o
                0x000000000007b438                nrf_dfu_settings_backup
 .text.nrf_dfu_settings_write_and_backup
                0x000000000007b444       0x20 _build/nrf52832_xxaa_s132/nrf_dfu_settings.c.o
                0x000000000007b444                nrf_dfu_settings_write_and_backup
 .text.nrf_dfu_settings_init
                0x000000000007b464      0x124 _build/nrf52832_xxaa_s132/nrf_dfu_settings.c.o
                0x000000000007b464                nrf_dfu_settings_init
 .text.sd_flash_write
                0x000000000007b588        0x4 _build/nrf52832_xxaa_s132/nrf_dfu_settings_svci.c.o
 .text.nrf_dfu_settings_adv_name_write
                0x000000000007b58c       0x38 _build/nrf52832_xxaa_s132/nrf_dfu_settings_svci.c.o
                0x000000000007b58c                nrf_dfu_settings_adv_name_write
 .text.nrf_dfu_settings_adv_name_copy
                0x000000000007b5c4       0x18 _build/nrf52832_xxaa_s132/nrf_dfu_settings_svci.c.o
                0x000000000007b5c4                nrf_dfu_settings_adv_name_copy
 .text.nrf_dfu_settings_adv_name_is_valid
                0x000000000007b5dc       0x20 _build/nrf52832_xxaa_s132/nrf_dfu_settings_svci.c.o
                0x000000000007b5dc                nrf_dfu_settings_adv_name_is_valid
 .text.nrf_dfu_settings_additional_erase
                0x000000000007b5fc       0x30 _build/nrf52832_xxaa_s132/nrf_dfu_settings_svci.c.o
                0x000000000007b5fc                nrf_dfu_settings_additional_erase
 .text.nrf_dfu_transports_init
                0x000000000007b62c       0x30 _build/nrf52832_xxaa_s132/nrf_dfu_transport.c.o
                0x000000000007b62c                nrf_dfu_transports_init
 .text.nrf_dfu_transports_close
                0x000000000007b65c       0x30 _build/nrf52832_xxaa_s132/nrf_dfu_transport.c.o
                0x000000000007b65c                nrf_dfu_transports_close
 .text.nrf_dfu_bank_invalidate
                0x000000000007b68c       0x18 _build/nrf52832_xxaa_s132/nrf_dfu_utils.c.o
                0x000000000007b68c                nrf_dfu_bank_invalidate
 .text.nrf_dfu_bank0_start_addr
                0x000000000007b6a4       0x2c _build/nrf52832_xxaa_s132/nrf_dfu_utils.c.o
                0x000000000007b6a4                nrf_dfu_bank0_start_addr
 .text.nrf_dfu_bank1_start_addr
                0x000000000007b6d0       0x20 _build/nrf52832_xxaa_s132/nrf_dfu_utils.c.o
                0x000000000007b6d0                nrf_dfu_bank1_start_addr
 .text.nrf_dfu_softdevice_start_address
                0x000000000007b6f0        0x6 _build/nrf52832_xxaa_s132/nrf_dfu_utils.c.o
                0x000000000007b6f0                nrf_dfu_softdevice_start_address
 *fill*         0x000000000007b6f6        0x2 
 .text.nrf_dfu_cache_prepare
                0x000000000007b6f8       0xa0 _build/nrf52832_xxaa_s132/nrf_dfu_utils.c.o
                0x000000000007b6f8                nrf_dfu_cache_prepare
 .text.update_data_size_get
                0x000000000007b798       0x50 _build/nrf52832_xxaa_s132/nrf_dfu_validation.c.o
 .text.dfu_progress_reset
                0x000000000007b7e8       0x28 _build/nrf52832_xxaa_s132/nrf_dfu_validation.c.o
 .text.pb_decoding_callback
                0x000000000007b810       0x4c _build/nrf52832_xxaa_s132/nrf_dfu_validation.c.o
 .text.is_major_softdevice_update
                0x000000000007b85c       0x74 _build/nrf52832_xxaa_s132/nrf_dfu_validation.c.o
 .text.stored_init_cmd_decode
                0x000000000007b8d0       0xec _build/nrf52832_xxaa_s132/nrf_dfu_validation.c.o
 .text.crypto_init.part.6
                0x000000000007b9bc       0x3c _build/nrf52832_xxaa_s132/nrf_dfu_validation.c.o
 .text.nrf_dfu_validation_signature_check
                0x000000000007b9f8       0x98 _build/nrf52832_xxaa_s132/nrf_dfu_validation.c.o
 .text.nrf_dfu_validation_hash_ok
                0x000000000007ba90       0x6c _build/nrf52832_xxaa_s132/nrf_dfu_validation.c.o
 .text.nrf_dfu_validation_init
                0x000000000007bafc       0x1c _build/nrf52832_xxaa_s132/nrf_dfu_validation.c.o
                0x000000000007bafc                nrf_dfu_validation_init
 .text.nrf_dfu_validation_init_cmd_create
                0x000000000007bb18       0x30 _build/nrf52832_xxaa_s132/nrf_dfu_validation.c.o
                0x000000000007bb18                nrf_dfu_validation_init_cmd_create
 .text.nrf_dfu_validation_init_cmd_append
                0x000000000007bb48       0x40 _build/nrf52832_xxaa_s132/nrf_dfu_validation.c.o
                0x000000000007bb48                nrf_dfu_validation_init_cmd_append
 .text.nrf_dfu_validation_init_cmd_present
                0x000000000007bb88        0xc _build/nrf52832_xxaa_s132/nrf_dfu_validation.c.o
                0x000000000007bb88                nrf_dfu_validation_init_cmd_present
 .text.nrf_dfu_validation_prevalidate
                0x000000000007bb94       0x50 _build/nrf52832_xxaa_s132/nrf_dfu_validation.c.o
                0x000000000007bb94                nrf_dfu_validation_prevalidate
 .text.nrf_dfu_validation_init_cmd_execute
                0x000000000007bbe4       0x90 _build/nrf52832_xxaa_s132/nrf_dfu_validation.c.o
                0x000000000007bbe4                nrf_dfu_validation_init_cmd_execute
 .text.fw_hash_ok
                0x000000000007bc74        0x8 _build/nrf52832_xxaa_s132/nrf_dfu_validation.c.o
                0x000000000007bc74                fw_hash_ok
 .text.nrf_dfu_validation_boot_validate
                0x000000000007bc7c       0x58 _build/nrf52832_xxaa_s132/nrf_dfu_validation.c.o
                0x000000000007bc7c                nrf_dfu_validation_boot_validate
 .text.boot_validation_extract.constprop.9
                0x000000000007bcd4       0x90 _build/nrf52832_xxaa_s132/nrf_dfu_validation.c.o
 .text.postvalidate
                0x000000000007bd64      0x1a0 _build/nrf52832_xxaa_s132/nrf_dfu_validation.c.o
                0x000000000007bd64                postvalidate
 .text.nrf_dfu_validation_activation_prepare
                0x000000000007bf04        0x6 _build/nrf52832_xxaa_s132/nrf_dfu_validation.c.o
                0x000000000007bf04                nrf_dfu_validation_activation_prepare
 *fill*         0x000000000007bf0a        0x2 
 .text.nrf_dfu_ver_validation_check
                0x000000000007bf0c       0xc4 _build/nrf52832_xxaa_s132/nrf_dfu_ver_validation.c.o
                0x000000000007bf0c                nrf_dfu_ver_validation_check
 .text.nrf_dfu_set_adv_name_handler
                0x000000000007bfd0       0x20 _build/nrf52832_xxaa_s132/nrf_dfu_svci_handler.c.o
 .text.nrf_dfu_set_adv_name_on_sys_evt
                0x000000000007bff0       0x26 _build/nrf52832_xxaa_s132/nrf_dfu_svci_handler.c.o
 .text.nrf_dfu_set_adv_name_on_call
                0x000000000007c016       0x30 _build/nrf52832_xxaa_s132/nrf_dfu_svci_handler.c.o
 *fill*         0x000000000007c046        0x2 
 .text.nrf_svc_handler_c
                0x000000000007c048       0x5c _build/nrf52832_xxaa_s132/nrf_svc_handler.c.o
                0x000000000007c048                nrf_svc_handler_c
 .text.SVC_Handler
                0x000000000007c0a4       0x14 _build/nrf52832_xxaa_s132/nrf_svc_handler.c.o
                0x000000000007c0a4                SVC_Handler
 .text.sd_softdevice_enable
                0x000000000007c0b8        0x4 _build/nrf52832_xxaa_s132/nrf_sdh.c.o
 .text.sd_softdevice_disable
                0x000000000007c0bc        0x4 _build/nrf52832_xxaa_s132/nrf_sdh.c.o
 .text.sdh_request_observer_notify
                0x000000000007c0c0       0x30 _build/nrf52832_xxaa_s132/nrf_sdh.c.o
 .text.sdh_state_observer_notify
                0x000000000007c0f0       0x28 _build/nrf52832_xxaa_s132/nrf_sdh.c.o
 .text.softdevice_evt_irq_disable
                0x000000000007c118       0x24 _build/nrf52832_xxaa_s132/nrf_sdh.c.o
 .text.softdevices_evt_irq_enable
                0x000000000007c13c       0x38 _build/nrf52832_xxaa_s132/nrf_sdh.c.o
 .text.nrf_sdh_enable_request
                0x000000000007c174       0x7c _build/nrf52832_xxaa_s132/nrf_sdh.c.o
                0x000000000007c174                nrf_sdh_enable_request
 .text.nrf_sdh_disable_request
                0x000000000007c1f0       0x60 _build/nrf52832_xxaa_s132/nrf_sdh.c.o
                0x000000000007c1f0                nrf_sdh_disable_request
 .text.nrf_sdh_request_continue
                0x000000000007c250       0x20 _build/nrf52832_xxaa_s132/nrf_sdh.c.o
                0x000000000007c250                nrf_sdh_request_continue
 .text.nrf_sdh_is_enabled
                0x000000000007c270        0xc _build/nrf52832_xxaa_s132/nrf_sdh.c.o
                0x000000000007c270                nrf_sdh_is_enabled
 .text.nrf_sdh_evts_poll
                0x000000000007c27c       0x28 _build/nrf52832_xxaa_s132/nrf_sdh.c.o
                0x000000000007c27c                nrf_sdh_evts_poll
 .text.SWI2_EGU2_IRQHandler
                0x000000000007c2a4        0x4 _build/nrf52832_xxaa_s132/nrf_sdh.c.o
                0x000000000007c2a4                SWI2_EGU2_IRQHandler
 .text.sd_ble_enable
                0x000000000007c2a8        0x4 _build/nrf52832_xxaa_s132/nrf_sdh_ble.c.o
 .text.sd_ble_cfg_set
                0x000000000007c2ac        0x4 _build/nrf52832_xxaa_s132/nrf_sdh_ble.c.o
 .text.sd_ble_evt_get
                0x000000000007c2b0        0x4 _build/nrf52832_xxaa_s132/nrf_sdh_ble.c.o
 .text.nrf_sdh_ble_evts_poll.part.1
                0x000000000007c2b4       0x4c _build/nrf52832_xxaa_s132/nrf_sdh_ble.c.o
 .text.nrf_sdh_ble_evts_poll
                0x000000000007c300       0x10 _build/nrf52832_xxaa_s132/nrf_sdh_ble.c.o
 .text.nrf_sdh_ble_app_ram_start_get
                0x000000000007c310       0x14 _build/nrf52832_xxaa_s132/nrf_sdh_ble.c.o
                0x000000000007c310                nrf_sdh_ble_app_ram_start_get
 .text.nrf_sdh_ble_default_cfg_set
                0x000000000007c324       0xd0 _build/nrf52832_xxaa_s132/nrf_sdh_ble.c.o
                0x000000000007c324                nrf_sdh_ble_default_cfg_set
 .text.nrf_sdh_ble_enable
                0x000000000007c3f4       0x14 _build/nrf52832_xxaa_s132/nrf_sdh_ble.c.o
                0x000000000007c3f4                nrf_sdh_ble_enable
 .text.sd_evt_get
                0x000000000007c408        0x4 _build/nrf52832_xxaa_s132/nrf_sdh_soc.c.o
 .text.nrf_sdh_soc_evts_poll
                0x000000000007c40c       0x3c _build/nrf52832_xxaa_s132/nrf_sdh_soc.c.o
 .text.bcopy    0x000000000007c448       0x14 ../../../external/micro-ecc/nrf52hf_armgcc/armgcc/micro_ecc_lib_nrf52.a(uECC.c.o)
 *fill*         0x000000000007c45c        0x4 
 .text.uECC_vli_add
                0x000000000007c460       0x5c ../../../external/micro-ecc/nrf52hf_armgcc/armgcc/micro_ecc_lib_nrf52.a(uECC.c.o)
 *fill*         0x000000000007c4bc        0x4 
 .text.uECC_vli_sub
                0x000000000007c4c0       0x60 ../../../external/micro-ecc/nrf52hf_armgcc/armgcc/micro_ecc_lib_nrf52.a(uECC.c.o)
 .text.uECC_vli_mult
                0x000000000007c520      0x312 ../../../external/micro-ecc/nrf52hf_armgcc/armgcc/micro_ecc_lib_nrf52.a(uECC.c.o)
 .text.uECC_vli_clear
                0x000000000007c832       0x16 ../../../external/micro-ecc/nrf52hf_armgcc/armgcc/micro_ecc_lib_nrf52.a(uECC.c.o)
 .text.uECC_vli_isZero
                0x000000000007c848       0x1e ../../../external/micro-ecc/nrf52hf_armgcc/armgcc/micro_ecc_lib_nrf52.a(uECC.c.o)
 .text.uECC_vli_testBit
                0x000000000007c866       0x14 ../../../external/micro-ecc/nrf52hf_armgcc/armgcc/micro_ecc_lib_nrf52.a(uECC.c.o)
 .text.uECC_vli_numBits
                0x000000000007c87a       0x40 ../../../external/micro-ecc/nrf52hf_armgcc/armgcc/micro_ecc_lib_nrf52.a(uECC.c.o)
 .text.uECC_vli_set
                0x000000000007c8ba       0x18 ../../../external/micro-ecc/nrf52hf_armgcc/armgcc/micro_ecc_lib_nrf52.a(uECC.c.o)
 .text.uECC_vli_cmp_unsafe
                0x000000000007c8d2       0x2a ../../../external/micro-ecc/nrf52hf_armgcc/armgcc/micro_ecc_lib_nrf52.a(uECC.c.o)
 .text.uECC_vli_rshift1
                0x000000000007c8fc       0x1a ../../../external/micro-ecc/nrf52hf_armgcc/armgcc/micro_ecc_lib_nrf52.a(uECC.c.o)
 .text.uECC_vli_modAdd
                0x000000000007c916       0x32 ../../../external/micro-ecc/nrf52hf_armgcc/armgcc/micro_ecc_lib_nrf52.a(uECC.c.o)
 .text.uECC_vli_modSub
                0x000000000007c948       0x24 ../../../external/micro-ecc/nrf52hf_armgcc/armgcc/micro_ecc_lib_nrf52.a(uECC.c.o)
 .text.uECC_vli_modMult
                0x000000000007c96c      0x146 ../../../external/micro-ecc/nrf52hf_armgcc/armgcc/micro_ecc_lib_nrf52.a(uECC.c.o)
 .text.uECC_vli_modMult_fast
                0x000000000007cab2       0x20 ../../../external/micro-ecc/nrf52hf_armgcc/armgcc/micro_ecc_lib_nrf52.a(uECC.c.o)
 .text.uECC_vli_modSquare_fast
                0x000000000007cad2        0x8 ../../../external/micro-ecc/nrf52hf_armgcc/armgcc/micro_ecc_lib_nrf52.a(uECC.c.o)
 .text.double_jacobian_default
                0x000000000007cada      0x152 ../../../external/micro-ecc/nrf52hf_armgcc/armgcc/micro_ecc_lib_nrf52.a(uECC.c.o)
 .text.x_side_default
                0x000000000007cc2c       0x5a ../../../external/micro-ecc/nrf52hf_armgcc/armgcc/micro_ecc_lib_nrf52.a(uECC.c.o)
 *fill*         0x000000000007cc86        0x2 
 .text.vli_mmod_fast_secp256r1
                0x000000000007cc88      0x1ac ../../../external/micro-ecc/nrf52hf_armgcc/armgcc/micro_ecc_lib_nrf52.a(uECC.c.o)
 .text.apply_z  0x000000000007ce34       0x3e ../../../external/micro-ecc/nrf52hf_armgcc/armgcc/micro_ecc_lib_nrf52.a(uECC.c.o)
 .text.XYcZ_add
                0x000000000007ce72       0xca ../../../external/micro-ecc/nrf52hf_armgcc/armgcc/micro_ecc_lib_nrf52.a(uECC.c.o)
 .text.bits2int
                0x000000000007cf3c       0x8a ../../../external/micro-ecc/nrf52hf_armgcc/armgcc/micro_ecc_lib_nrf52.a(uECC.c.o)
 .text.vli_modInv_update
                0x000000000007cfc6       0x38 ../../../external/micro-ecc/nrf52hf_armgcc/armgcc/micro_ecc_lib_nrf52.a(uECC.c.o)
 .text.uECC_vli_modInv
                0x000000000007cffe      0x106 ../../../external/micro-ecc/nrf52hf_armgcc/armgcc/micro_ecc_lib_nrf52.a(uECC.c.o)
 .text.uECC_secp256r1
                0x000000000007d104        0x8 ../../../external/micro-ecc/nrf52hf_armgcc/armgcc/micro_ecc_lib_nrf52.a(uECC.c.o)
                0x000000000007d104                uECC_secp256r1
 .text.uECC_verify
                0x000000000007d10c      0x2ce ../../../external/micro-ecc/nrf52hf_armgcc/armgcc/micro_ecc_lib_nrf52.a(uECC.c.o)
                0x000000000007d10c                uECC_verify
 *fill*         0x000000000007d3da        0x2 
 .text.exit     0x000000000007d3dc       0x28 /usr/local/gcc-arm-none-eabi-8-2019-q3-update/bin/../lib/gcc/arm-none-eabi/8.3.1/../../../../arm-none-eabi/lib/thumb/v7e-m+fp/hard/libc_nano.a(lib_a-exit.o)
                0x000000000007d3dc                exit
 .text.__libc_init_array
                0x000000000007d404       0x48 /usr/local/gcc-arm-none-eabi-8-2019-q3-update/bin/../lib/gcc/arm-none-eabi/8.3.1/../../../../arm-none-eabi/lib/thumb/v7e-m+fp/hard/libc_nano.a(lib_a-init.o)
                0x000000000007d404                __libc_init_array
 .text.memcmp   0x000000000007d44c       0x1c /usr/local/gcc-arm-none-eabi-8-2019-q3-update/bin/../lib/gcc/arm-none-eabi/8.3.1/../../../../arm-none-eabi/lib/thumb/v7e-m+fp/hard/libc_nano.a(lib_a-memcmp.o)
                0x000000000007d44c                memcmp
 .text.memcpy   0x000000000007d468       0x1c /usr/local/gcc-arm-none-eabi-8-2019-q3-update/bin/../lib/gcc/arm-none-eabi/8.3.1/../../../../arm-none-eabi/lib/thumb/v7e-m+fp/hard/libc_nano.a(lib_a-memcpy-stub.o)
                0x000000000007d468                memcpy
 .text.memset   0x000000000007d484       0x10 /usr/local/gcc-arm-none-eabi-8-2019-q3-update/bin/../lib/gcc/arm-none-eabi/8.3.1/../../../../arm-none-eabi/lib/thumb/v7e-m+fp/hard/libc_nano.a(lib_a-memset.o)
                0x000000000007d484                memset
 .text          0x000000000007d494       0x10 /usr/local/gcc-arm-none-eabi-8-2019-q3-update/bin/../lib/gcc/arm-none-eabi/8.3.1/../../../../arm-none-eabi/lib/thumb/v7e-m+fp/hard/libc_nano.a(lib_a-strlen.o)
                0x000000000007d494                strlen
 .text._exit    0x000000000007d4a4        0x4 /usr/local/gcc-arm-none-eabi-8-2019-q3-update/bin/../lib/gcc/arm-none-eabi/8.3.1/../../../../arm-none-eabi/lib/thumb/v7e-m+fp/hard/libnosys.a(_exit.o)
                0x000000000007d4a4                _exit
 *(.init)
 .init          0x000000000007d4a8        0x4 /usr/local/gcc-arm-none-eabi-8-2019-q3-update/bin/../lib/gcc/arm-none-eabi/8.3.1/thumb/v7e-m+fp/hard/crti.o
                0x000000000007d4a8                _init
 .init          0x000000000007d4ac        0x8 /usr/local/gcc-arm-none-eabi-8-2019-q3-update/bin/../lib/gcc/arm-none-eabi/8.3.1/thumb/v7e-m+fp/hard/crtn.o
 *(.fini)
 .fini          0x000000000007d4b4        0x4 /usr/local/gcc-arm-none-eabi-8-2019-q3-update/bin/../lib/gcc/arm-none-eabi/8.3.1/thumb/v7e-m+fp/hard/crti.o
                0x000000000007d4b4                _fini
 .fini          0x000000000007d4b8        0x8 /usr/local/gcc-arm-none-eabi-8-2019-q3-update/bin/../lib/gcc/arm-none-eabi/8.3.1/thumb/v7e-m+fp/hard/crtn.o
 *crtbegin.o(.ctors)
 *crtbegin?.o(.ctors)
 *(EXCLUDE_FILE(*crtend.o *crtend?.o) .ctors)
 *(SORT_BY_NAME(.ctors.*))
 *(.ctors)
 *crtbegin.o(.dtors)
 *crtbegin?.o(.dtors)
 *(EXCLUDE_FILE(*crtend.o *crtend?.o) .dtors)
 *(SORT_BY_NAME(.dtors.*))
 *(.dtors)
 *(.rodata*)
 .rodata.m_flash_info
                0x000000000007d4c0        0xc _build/nrf52832_xxaa_s132/nrf_fstorage_nvmc.c.o
 .rodata.nrf_fstorage_nvmc
                0x000000000007d4cc       0x20 _build/nrf52832_xxaa_s132/nrf_fstorage_nvmc.c.o
                0x000000000007d4cc                nrf_fstorage_nvmc
 .rodata.m_flash_info
                0x000000000007d4ec        0xc _build/nrf52832_xxaa_s132/nrf_fstorage_sd.c.o
 .rodata.nrf_fstorage_sd
                0x000000000007d4f8       0x20 _build/nrf52832_xxaa_s132/nrf_fstorage_sd.c.o
                0x000000000007d4f8                nrf_fstorage_sd
 .rodata.k      0x000000000007d518      0x100 _build/nrf52832_xxaa_s132/sha256.c.o
 .rodata.g_nrf_crypto_ecc_secp256r1_curve_info
                0x000000000007d618        0xc _build/nrf52832_xxaa_s132/micro_ecc_backend_ecc.c.o
                0x000000000007d618                g_nrf_crypto_ecc_secp256r1_curve_info
 .rodata.m_board_led_list
                0x000000000007d624        0x4 _build/nrf52832_xxaa_s132/boards.c.o
 .rodata.pk     0x000000000007d628       0x40 _build/nrf52832_xxaa_s132/dfu_public_key.c.o
                0x000000000007d628                pk
 *fill*         0x000000000007d668        0x8 
 .rodata.delay_machine_code.8429
                0x000000000007d670        0x6 _build/nrf52832_xxaa_s132/nrf_bootloader_dfu_timers.c.o
 *fill*         0x000000000007d676        0x2 
 .rodata.PB_DECODERS
                0x000000000007d678       0x24 _build/nrf52832_xxaa_s132/pb_decode.c.o
 .rodata.g_nrf_crypto_hash_sha256_info
                0x000000000007d69c       0x18 _build/nrf52832_xxaa_s132/nrf_sw_backend_hash.c.o
                0x000000000007d69c                g_nrf_crypto_hash_sha256_info
 .rodata.dfu_boot_validation_fields
                0x000000000007d6b4       0x30 _build/nrf52832_xxaa_s132/dfu-cc.pb.c.o
                0x000000000007d6b4                dfu_boot_validation_fields
 .rodata.dfu_command_fields
                0x000000000007d6e4       0x30 _build/nrf52832_xxaa_s132/dfu-cc.pb.c.o
                0x000000000007d6e4                dfu_command_fields
 .rodata.dfu_hash_fields
                0x000000000007d714       0x30 _build/nrf52832_xxaa_s132/dfu-cc.pb.c.o
                0x000000000007d714                dfu_hash_fields
 .rodata.dfu_init_command_fields
                0x000000000007d744       0xb0 _build/nrf52832_xxaa_s132/dfu-cc.pb.c.o
                0x000000000007d744                dfu_init_command_fields
 .rodata.dfu_init_command_is_debug_default
                0x000000000007d7f4        0x1 _build/nrf52832_xxaa_s132/dfu-cc.pb.c.o
                0x000000000007d7f4                dfu_init_command_is_debug_default
 *fill*         0x000000000007d7f5        0x3 
 .rodata.dfu_packet_fields
                0x000000000007d7f8       0x30 _build/nrf52832_xxaa_s132/dfu-cc.pb.c.o
                0x000000000007d7f8                dfu_packet_fields
 .rodata.dfu_signed_command_fields
                0x000000000007d828       0x40 _build/nrf52832_xxaa_s132/dfu-cc.pb.c.o
                0x000000000007d828                dfu_signed_command_fields
 .rodata        0x000000000007d868       0x10 _build/nrf52832_xxaa_s132/nrf_dfu_ble.c.o
 .rodata.ble_dfu_transport_init.str1.1
                0x000000000007d878        0x8 _build/nrf52832_xxaa_s132/nrf_dfu_ble.c.o
 .rodata.delay_machine_code.10398
                0x000000000007d880        0x6 _build/nrf52832_xxaa_s132/nrf_dfu_ble.c.o
 .rodata.m_gap_conn_params
                0x000000000007d886        0x8 _build/nrf52832_xxaa_s132/nrf_dfu_ble.c.o
 .rodata        0x000000000007d88e        0x4 _build/nrf52832_xxaa_s132/nrf_sdh.c.o
 *fill*         0x000000000007d892        0x2 
 .rodata.sdh_req_observers
                0x000000000007d894        0xc _build/nrf52832_xxaa_s132/nrf_sdh.c.o
 .rodata.sdh_stack_observers
                0x000000000007d8a0        0xc _build/nrf52832_xxaa_s132/nrf_sdh.c.o
 .rodata.sdh_state_observers
                0x000000000007d8ac        0xc _build/nrf52832_xxaa_s132/nrf_sdh.c.o
 .rodata.sdh_ble_observers
                0x000000000007d8b8        0xc _build/nrf52832_xxaa_s132/nrf_sdh_ble.c.o
 .rodata.sdh_soc_observers
                0x000000000007d8c4        0xc _build/nrf52832_xxaa_s132/nrf_sdh_soc.c.o
 .rodata.curve_secp256r1
                0x000000000007d8d0       0xb0 ../../../external/micro-ecc/nrf52hf_armgcc/armgcc/micro_ecc_lib_nrf52.a(uECC.c.o)
 .rodata._global_impure_ptr
                0x000000000007d980        0x4 /usr/local/gcc-arm-none-eabi-8-2019-q3-update/bin/../lib/gcc/arm-none-eabi/8.3.1/../../../../arm-none-eabi/lib/thumb/v7e-m+fp/hard/libc_nano.a(lib_a-impure.o)
                0x000000000007d980                _global_impure_ptr
 *(.eh_frame*)
 .eh_frame      0x000000000007d984        0x0 /usr/local/gcc-arm-none-eabi-8-2019-q3-update/bin/../lib/gcc/arm-none-eabi/8.3.1/thumb/v7e-m+fp/hard/crtbegin.o
 .eh_frame      0x000000000007d984        0x4 /usr/local/gcc-arm-none-eabi-8-2019-q3-update/bin/../lib/gcc/arm-none-eabi/8.3.1/thumb/v7e-m+fp/hard/crtend.o

.glue_7         0x000000000007d988        0x0
 .glue_7        0x000000000007d988        0x0 linker stubs

.glue_7t        0x000000000007d988        0x0
 .glue_7t       0x000000000007d988        0x0 linker stubs

.vfp11_veneer   0x000000000007d988        0x0
 .vfp11_veneer  0x000000000007d988        0x0 linker stubs

.v4_bx          0x000000000007d988        0x0
 .v4_bx         0x000000000007d988        0x0 linker stubs

.iplt           0x000000000007d988        0x0
 .iplt          0x000000000007d988        0x0 /usr/local/gcc-arm-none-eabi-8-2019-q3-update/bin/../lib/gcc/arm-none-eabi/8.3.1/thumb/v7e-m+fp/hard/crtbegin.o

.mem_section_dummy_rom

.crypto_data    0x000000000007d988        0x0
                0x000000000007d988                PROVIDE (__start_crypto_data = .)
 *(SORT_BY_NAME(.crypto_data*))
                0x000000000007d988                PROVIDE (__stop_crypto_data = .)

.nrf_queue      0x000000000007d988        0x0
                [!provide]                        PROVIDE (__start_nrf_queue = .)
 *(.nrf_queue)
                [!provide]                        PROVIDE (__stop_nrf_queue = .)

.dfu_trans      0x000000000007d988        0x8
                0x000000000007d988                PROVIDE (__start_dfu_trans = .)
 *(SORT_BY_NAME(.dfu_trans*))
 .dfu_trans     0x000000000007d988        0x8 _build/nrf52832_xxaa_s132/nrf_dfu_ble.c.o
                0x000000000007d988                ble_dfu_transport
                0x000000000007d990                PROVIDE (__stop_dfu_trans = .)

.svc_data       0x000000000007d990        0xc
                0x000000000007d990                PROVIDE (__start_svc_data = .)
 *(.svc_data)
 .svc_data      0x000000000007d990        0xc _build/nrf52832_xxaa_s132/nrf_dfu_svci_handler.c.o
                0x000000000007d990                nrf_dfu_set_adv_name_var
                0x000000000007d99c                PROVIDE (__stop_svc_data = .)

.log_const_data
                0x000000000007d99c        0x0
                [!provide]                        PROVIDE (__start_log_const_data = .)
 *(SORT_BY_NAME(.log_const_data*))
                [!provide]                        PROVIDE (__stop_log_const_data = .)

.nrf_balloc     0x000000000007d99c       0x14
                [!provide]                        PROVIDE (__start_nrf_balloc = .)
 *(.nrf_balloc)
 .nrf_balloc    0x000000000007d99c       0x14 _build/nrf52832_xxaa_s132/nrf_dfu_ble.c.o
                0x000000000007d99c                m_buffer_pool
                [!provide]                        PROVIDE (__stop_nrf_balloc = .)

.sdh_ble_observers
                0x000000000007d9b0        0x8
                0x000000000007d9b0                PROVIDE (__start_sdh_ble_observers = .)
 *(SORT_BY_NAME(.sdh_ble_observers*))
 .sdh_ble_observers2
                0x000000000007d9b0        0x8 _build/nrf52832_xxaa_s132/nrf_dfu_ble.c.o
                0x000000000007d9b8                PROVIDE (__stop_sdh_ble_observers = .)

.log_backends   0x000000000007d9b8        0x0
                [!provide]                        PROVIDE (__start_log_backends = .)
 *(SORT_BY_NAME(.log_backends*))
                [!provide]                        PROVIDE (__stop_log_backends = .)

.sdh_req_observers
                0x000000000007d9b8        0x8
                0x000000000007d9b8                PROVIDE (__start_sdh_req_observers = .)
 *(SORT_BY_NAME(.sdh_req_observers*))
 .sdh_req_observers0
                0x000000000007d9b8        0x8 _build/nrf52832_xxaa_s132/nrf_fstorage_sd.c.o
                0x000000000007d9b8                m_req_obs
                0x000000000007d9c0                PROVIDE (__stop_sdh_req_observers = .)

.sdh_state_observers
                0x000000000007d9c0        0x8
                0x000000000007d9c0                PROVIDE (__start_sdh_state_observers = .)
 *(SORT_BY_NAME(.sdh_state_observers*))
 .sdh_state_observers0
                0x000000000007d9c0        0x8 _build/nrf52832_xxaa_s132/nrf_fstorage_sd.c.o
                0x000000000007d9c8                PROVIDE (__stop_sdh_state_observers = .)

.sdh_stack_observers
                0x000000000007d9c8       0x10
                0x000000000007d9c8                PROVIDE (__start_sdh_stack_observers = .)
 *(SORT_BY_NAME(.sdh_stack_observers*))
 .sdh_stack_observers0
                0x000000000007d9c8        0x8 _build/nrf52832_xxaa_s132/nrf_sdh_ble.c.o
 .sdh_stack_observers0
                0x000000000007d9d0        0x8 _build/nrf52832_xxaa_s132/nrf_sdh_soc.c.o
                0x000000000007d9d8                PROVIDE (__stop_sdh_stack_observers = .)

.sdh_soc_observers
                0x000000000007d9d8        0x8
                0x000000000007d9d8                PROVIDE (__start_sdh_soc_observers = .)
 *(SORT_BY_NAME(.sdh_soc_observers*))
 .sdh_soc_observers0
                0x000000000007d9d8        0x8 _build/nrf52832_xxaa_s132/nrf_fstorage_sd.c.o
                0x000000000007d9e0                PROVIDE (__stop_sdh_soc_observers = .)

.ARM.extab
 *(.ARM.extab* .gnu.linkonce.armextab.*)
                0x000000000007d9e0                __exidx_start = .

.ARM.exidx      0x000000000007d9e0        0x8
 *(.ARM.exidx* .gnu.linkonce.armexidx.*)
 .ARM.exidx     0x000000000007d9e0        0x8 /usr/local/gcc-arm-none-eabi-8-2019-q3-update/bin/../lib/gcc/arm-none-eabi/8.3.1/../../../../arm-none-eabi/lib/thumb/v7e-m+fp/hard/crt0.o
                0x000000000007d9e8                __exidx_end = .
                0x000000000007d9e8                __etext = .

.data           0x00000000200057b8       0xa0 load address 0x000000000007d9e8
                0x00000000200057b8                __data_start__ = .
 *(vtable)
 *(.data*)
 .data.SystemCoreClock
                0x00000000200057b8        0x4 _build/nrf52832_xxaa_s132/system_nrf52.c.o
                0x00000000200057b8                SystemCoreClock
 .data.m_timers
                0x00000000200057bc       0x20 _build/nrf52832_xxaa_s132/nrf_bootloader_dfu_timers.c.o
                0x00000000200057bc                m_timers
 .data.mp_inactivity
                0x00000000200057dc        0x4 _build/nrf52832_xxaa_s132/nrf_bootloader_dfu_timers.c.o
                0x00000000200057dc                mp_inactivity
 .data.mp_wdt_feed
                0x00000000200057e0        0x4 _build/nrf52832_xxaa_s132/nrf_bootloader_dfu_timers.c.o
                0x00000000200057e0                mp_wdt_feed
 .data.m_adv_handle
                0x00000000200057e4        0x1 _build/nrf52832_xxaa_s132/nrf_dfu_ble.c.o
 *fill*         0x00000000200057e5        0x1 
 .data.m_conn_handle
                0x00000000200057e6        0x2 _build/nrf52832_xxaa_s132/nrf_dfu_ble.c.o
 .data.current_object.11253
                0x00000000200057e8        0x1 _build/nrf52832_xxaa_s132/nrf_dfu_req_handler.c.o
 *fill*         0x00000000200057e9        0x3 
 .data.mp_dfu_settings_backup_buffer
                0x00000000200057ec        0x4 _build/nrf52832_xxaa_s132/nrf_dfu_settings.c.o
                0x00000000200057ec                mp_dfu_settings_backup_buffer
 .data.impure_data
                0x00000000200057f0       0x60 /usr/local/gcc-arm-none-eabi-8-2019-q3-update/bin/../lib/gcc/arm-none-eabi/8.3.1/../../../../arm-none-eabi/lib/thumb/v7e-m+fp/hard/libc_nano.a(lib_a-impure.o)
                0x0000000020005850                . = ALIGN (0x4)
                0x0000000020005850                PROVIDE (__preinit_array_start = .)
 *(.preinit_array)
                0x0000000020005850                PROVIDE (__preinit_array_end = .)
                0x0000000020005850                . = ALIGN (0x4)
                0x0000000020005850                PROVIDE (__init_array_start = .)
 *(SORT_BY_NAME(.init_array.*))
 *(.init_array)
 .init_array    0x0000000020005850        0x4 /usr/local/gcc-arm-none-eabi-8-2019-q3-update/bin/../lib/gcc/arm-none-eabi/8.3.1/thumb/v7e-m+fp/hard/crtbegin.o
                0x0000000020005854                PROVIDE (__init_array_end = .)
                0x0000000020005854                . = ALIGN (0x4)
                [!provide]                        PROVIDE (__fini_array_start = .)
 *(SORT_BY_NAME(.fini_array.*))
 *(.fini_array)
 .fini_array    0x0000000020005854        0x4 /usr/local/gcc-arm-none-eabi-8-2019-q3-update/bin/../lib/gcc/arm-none-eabi/8.3.1/thumb/v7e-m+fp/hard/crtbegin.o
                [!provide]                        PROVIDE (__fini_array_end = .)
 *(.jcr*)
                0x0000000020005858                . = ALIGN (0x4)
                0x0000000020005858                __data_end__ = .
LOAD /usr/local/gcc-arm-none-eabi-8-2019-q3-update/bin/../lib/gcc/arm-none-eabi/8.3.1/thumb/v7e-m+fp/hard/crti.o
LOAD /usr/local/gcc-arm-none-eabi-8-2019-q3-update/bin/../lib/gcc/arm-none-eabi/8.3.1/thumb/v7e-m+fp/hard/crtbegin.o
LOAD /usr/local/gcc-arm-none-eabi-8-2019-q3-update/bin/../lib/gcc/arm-none-eabi/8.3.1/../../../../arm-none-eabi/lib/thumb/v7e-m+fp/hard/crt0.o
LOAD _build/nrf52832_xxaa_s132/gcc_startup_nrf52.S.o
LOAD _build/nrf52832_xxaa_s132/system_nrf52.c.o
LOAD _build/nrf52832_xxaa_s132/nrf_log_frontend.c.o
LOAD _build/nrf52832_xxaa_s132/nrf_log_str_formatter.c.o
LOAD _build/nrf52832_xxaa_s132/app_error_weak.c.o
LOAD _build/nrf52832_xxaa_s132/app_scheduler.c.o
LOAD _build/nrf52832_xxaa_s132/app_util_platform.c.o
LOAD _build/nrf52832_xxaa_s132/crc32.c.o
LOAD _build/nrf52832_xxaa_s132/mem_manager.c.o
LOAD _build/nrf52832_xxaa_s132/nrf_assert.c.o
LOAD _build/nrf52832_xxaa_s132/nrf_atfifo.c.o
LOAD _build/nrf52832_xxaa_s132/nrf_atomic.c.o
LOAD _build/nrf52832_xxaa_s132/nrf_balloc.c.o
LOAD _build/nrf52832_xxaa_s132/nrf_fprintf.c.o
LOAD _build/nrf52832_xxaa_s132/nrf_fprintf_format.c.o
LOAD _build/nrf52832_xxaa_s132/nrf_fstorage.c.o
LOAD _build/nrf52832_xxaa_s132/nrf_fstorage_nvmc.c.o
LOAD _build/nrf52832_xxaa_s132/nrf_fstorage_sd.c.o
LOAD _build/nrf52832_xxaa_s132/nrf_memobj.c.o
LOAD _build/nrf52832_xxaa_s132/nrf_queue.c.o
LOAD _build/nrf52832_xxaa_s132/nrf_ringbuf.c.o
LOAD _build/nrf52832_xxaa_s132/nrf_section_iter.c.o
LOAD _build/nrf52832_xxaa_s132/nrf_strerror.c.o
LOAD _build/nrf52832_xxaa_s132/sha256.c.o
LOAD _build/nrf52832_xxaa_s132/micro_ecc_backend_ecc.c.o
LOAD _build/nrf52832_xxaa_s132/micro_ecc_backend_ecdh.c.o
LOAD _build/nrf52832_xxaa_s132/micro_ecc_backend_ecdsa.c.o
LOAD _build/nrf52832_xxaa_s132/boards.c.o
LOAD _build/nrf52832_xxaa_s132/nrf_nvmc.c.o
LOAD _build/nrf52832_xxaa_s132/nrfx_atomic.c.o
LOAD _build/nrf52832_xxaa_s132/nrf_crypto_ecc.c.o
LOAD _build/nrf52832_xxaa_s132/nrf_crypto_ecdsa.c.o
LOAD _build/nrf52832_xxaa_s132/nrf_crypto_hash.c.o
LOAD _build/nrf52832_xxaa_s132/nrf_crypto_init.c.o
LOAD _build/nrf52832_xxaa_s132/nrf_crypto_shared.c.o
LOAD _build/nrf52832_xxaa_s132/dfu_public_key.c.o
LOAD _build/nrf52832_xxaa_s132/main.c.o
LOAD _build/nrf52832_xxaa_s132/ble_srv_common.c.o
LOAD _build/nrf52832_xxaa_s132/nrf_bootloader.c.o
LOAD _build/nrf52832_xxaa_s132/nrf_bootloader_app_start.c.o
LOAD _build/nrf52832_xxaa_s132/nrf_bootloader_app_start_final.c.o
LOAD _build/nrf52832_xxaa_s132/nrf_bootloader_dfu_timers.c.o
LOAD _build/nrf52832_xxaa_s132/nrf_bootloader_fw_activation.c.o
LOAD _build/nrf52832_xxaa_s132/nrf_bootloader_info.c.o
LOAD _build/nrf52832_xxaa_s132/nrf_bootloader_wdt.c.o
LOAD _build/nrf52832_xxaa_s132/pb_common.c.o
LOAD _build/nrf52832_xxaa_s132/pb_decode.c.o
LOAD _build/nrf52832_xxaa_s132/nrf_sw_backend_hash.c.o
LOAD _build/nrf52832_xxaa_s132/dfu-cc.pb.c.o
LOAD _build/nrf52832_xxaa_s132/nrf_dfu.c.o
LOAD _build/nrf52832_xxaa_s132/nrf_dfu_ble.c.o
LOAD _build/nrf52832_xxaa_s132/nrf_dfu_flash.c.o
LOAD _build/nrf52832_xxaa_s132/nrf_dfu_handling_error.c.o
LOAD _build/nrf52832_xxaa_s132/nrf_dfu_mbr.c.o
LOAD _build/nrf52832_xxaa_s132/nrf_dfu_req_handler.c.o
LOAD _build/nrf52832_xxaa_s132/nrf_dfu_settings.c.o
LOAD _build/nrf52832_xxaa_s132/nrf_dfu_settings_svci.c.o
LOAD _build/nrf52832_xxaa_s132/nrf_dfu_transport.c.o
LOAD _build/nrf52832_xxaa_s132/nrf_dfu_utils.c.o
LOAD _build/nrf52832_xxaa_s132/nrf_dfu_validation.c.o
LOAD _build/nrf52832_xxaa_s132/nrf_dfu_ver_validation.c.o
LOAD _build/nrf52832_xxaa_s132/nrf_dfu_svci.c.o
LOAD _build/nrf52832_xxaa_s132/nrf_dfu_svci_handler.c.o
LOAD _build/nrf52832_xxaa_s132/nrf_svc_handler.c.o
LOAD _build/nrf52832_xxaa_s132/nrf_sdh.c.o
LOAD _build/nrf52832_xxaa_s132/nrf_sdh_ble.c.o
LOAD _build/nrf52832_xxaa_s132/nrf_sdh_soc.c.o
LOAD _build/nrf52832_xxaa_s132/oberon_backend_chacha_poly_aead.c.o
LOAD _build/nrf52832_xxaa_s132/oberon_backend_ecc.c.o
LOAD _build/nrf52832_xxaa_s132/oberon_backend_ecdh.c.o
LOAD _build/nrf52832_xxaa_s132/oberon_backend_ecdsa.c.o
LOAD _build/nrf52832_xxaa_s132/oberon_backend_eddsa.c.o
LOAD _build/nrf52832_xxaa_s132/oberon_backend_hash.c.o
LOAD _build/nrf52832_xxaa_s132/oberon_backend_hmac.c.o
LOAD ../../../external/nrf_oberon/lib/cortex-m4/hard-float/liboberon_2.0.7.a
LOAD ../../../external/micro-ecc/nrf52hf_armgcc/armgcc/micro_ecc_lib_nrf52.a
LOAD /usr/local/gcc-arm-none-eabi-8-2019-q3-update/bin/../lib/gcc/arm-none-eabi/8.3.1/../../../../arm-none-eabi/lib/thumb/v7e-m+fp/hard/libc_nano.a
LOAD /usr/local/gcc-arm-none-eabi-8-2019-q3-update/bin/../lib/gcc/arm-none-eabi/8.3.1/../../../../arm-none-eabi/lib/thumb/v7e-m+fp/hard/libnosys.a
LOAD /usr/local/gcc-arm-none-eabi-8-2019-q3-update/bin/../lib/gcc/arm-none-eabi/8.3.1/../../../../arm-none-eabi/lib/thumb/v7e-m+fp/hard/libm.a
START GROUP
LOAD /usr/local/gcc-arm-none-eabi-8-2019-q3-update/bin/../lib/gcc/arm-none-eabi/8.3.1/thumb/v7e-m+fp/hard/libgcc.a
LOAD /usr/local/gcc-arm-none-eabi-8-2019-q3-update/bin/../lib/gcc/arm-none-eabi/8.3.1/../../../../arm-none-eabi/lib/thumb/v7e-m+fp/hard/libg_nano.a
LOAD /usr/local/gcc-arm-none-eabi-8-2019-q3-update/bin/../lib/gcc/arm-none-eabi/8.3.1/../../../../arm-none-eabi/lib/thumb/v7e-m+fp/hard/libc_nano.a
END GROUP
START GROUP
LOAD /usr/local/gcc-arm-none-eabi-8-2019-q3-update/bin/../lib/gcc/arm-none-eabi/8.3.1/thumb/v7e-m+fp/hard/libgcc.a
LOAD /usr/local/gcc-arm-none-eabi-8-2019-q3-update/bin/../lib/gcc/arm-none-eabi/8.3.1/../../../../arm-none-eabi/lib/thumb/v7e-m+fp/hard/libc_nano.a
END GROUP
LOAD /usr/local/gcc-arm-none-eabi-8-2019-q3-update/bin/../lib/gcc/arm-none-eabi/8.3.1/thumb/v7e-m+fp/hard/crtend.o
LOAD /usr/local/gcc-arm-none-eabi-8-2019-q3-update/bin/../lib/gcc/arm-none-eabi/8.3.1/thumb/v7e-m+fp/hard/crtn.o
START GROUP
LOAD /usr/local/gcc-arm-none-eabi-8-2019-q3-update/bin/../lib/gcc/arm-none-eabi/8.3.1/thumb/v7e-m+fp/hard/libgcc.a
LOAD /usr/local/gcc-arm-none-eabi-8-2019-q3-update/bin/../lib/gcc/arm-none-eabi/8.3.1/../../../../arm-none-eabi/lib/thumb/v7e-m+fp/hard/libc.a
LOAD /usr/local/gcc-arm-none-eabi-8-2019-q3-update/bin/../lib/gcc/arm-none-eabi/8.3.1/../../../../arm-none-eabi/lib/thumb/v7e-m+fp/hard/libnosys.a
END GROUP

.igot.plt       0x0000000020005858        0x0 load address 0x000000000007da88
 .igot.plt      0x0000000020005858        0x0 /usr/local/gcc-arm-none-eabi-8-2019-q3-update/bin/../lib/gcc/arm-none-eabi/8.3.1/thumb/v7e-m+fp/hard/crtbegin.o
                0x0000000020005858                . = ALIGN (0x4)

.uicr_bootloader_start_address
                0x0000000000000ff8        0x4
                [!provide]                        PROVIDE (__start_uicr_bootloader_start_address = .)
 *(SORT_BY_NAME(.uicr_bootloader_start_address*))
 .uicr_bootloader_start_address
                0x0000000000000ff8        0x4 _build/nrf52832_xxaa_s132/nrf_bootloader_info.c.o
                0x0000000000000ff8                m_uicr_bootloader_start_address
                [!provide]                        PROVIDE (__stop_uicr_bootloader_start_address = .)
                0x0000000000000ffc                . = ALIGN (0x4)

.uicr_mbr_params_page
                0x0000000000000ffc        0x4
                [!provide]                        PROVIDE (__start_uicr_mbr_params_page = .)
 *(SORT_BY_NAME(.uicr_mbr_params_page*))
 .uicr_mbr_params_page
                0x0000000000000ffc        0x4 _build/nrf52832_xxaa_s132/nrf_dfu_settings.c.o
                0x0000000000000ffc                m_uicr_mbr_params_page_address
                [!provide]                        PROVIDE (__stop_uicr_mbr_params_page = .)

.rel.dyn        0x0000000000001000        0x0
 .rel.iplt      0x0000000000001000        0x0 /usr/local/gcc-arm-none-eabi-8-2019-q3-update/bin/../lib/gcc/arm-none-eabi/8.3.1/thumb/v7e-m+fp/hard/crtbegin.o
                0x0000000000001000                . = ALIGN (0x4)

.mbr_params_page
                0x000000000007e000     0x1000
                [!provide]                        PROVIDE (__start_mbr_params_page = .)
 *(SORT_BY_NAME(.mbr_params_page*))
 .mbr_params_page
                0x000000000007e000     0x1000 _build/nrf52832_xxaa_s132/nrf_dfu_settings.c.o
                0x000000000007e000                m_mbr_params_page
                [!provide]                        PROVIDE (__stop_mbr_params_page = .)
                0x000000000007f000                . = ALIGN (0x4)

.bootloader_settings_page
                0x000000000007f000     0x1000
                [!provide]                        PROVIDE (__start_bootloader_settings_page = .)
 *(SORT_BY_NAME(.bootloader_settings_page*))
 .bootloader_settings_page
                0x000000000007f000     0x1000 _build/nrf52832_xxaa_s132/nrf_dfu_settings.c.o
                0x000000000007f000                m_dfu_settings_buffer
                [!provide]                        PROVIDE (__stop_bootloader_settings_page = .)
                0x0000000000080000                . = ALIGN (0x4)

.mem_section_dummy_ram

.log_dynamic_data
                0x0000000020005858        0x0
                [!provide]                        PROVIDE (__start_log_dynamic_data = .)
 *(SORT_BY_NAME(.log_dynamic_data*))
                [!provide]                        PROVIDE (__stop_log_dynamic_data = .)

.log_filter_data
                0x0000000020005858        0x0
                [!provide]                        PROVIDE (__start_log_filter_data = .)
 *(SORT_BY_NAME(.log_filter_data*))
                [!provide]                        PROVIDE (__stop_log_filter_data = .)

.fs_data        0x0000000020005858       0x14 load address 0x000000000007da88
                0x0000000020005858                PROVIDE (__start_fs_data = .)
 *(.fs_data)
 .fs_data       0x0000000020005858       0x14 _build/nrf52832_xxaa_s132/nrf_dfu_flash.c.o
                0x0000000020005858                m_fs
                0x000000002000586c                PROVIDE (__stop_fs_data = .)

.bss            0x000000002000586c     0x25cc load address 0x000000000007da9c
                0x000000002000586c                . = ALIGN (0x4)
                0x000000002000586c                __bss_start__ = .
 *(.bss*)
 .bss           0x000000002000586c       0x1c /usr/local/gcc-arm-none-eabi-8-2019-q3-update/bin/../lib/gcc/arm-none-eabi/8.3.1/thumb/v7e-m+fp/hard/crtbegin.o
 .bss.m_queue_end_index
                0x0000000020005888        0x1 _build/nrf52832_xxaa_s132/app_scheduler.c.o
 *fill*         0x0000000020005889        0x3 
 .bss.m_queue_event_data
                0x000000002000588c        0x4 _build/nrf52832_xxaa_s132/app_scheduler.c.o
 .bss.m_queue_event_headers
                0x0000000020005890        0x4 _build/nrf52832_xxaa_s132/app_scheduler.c.o
 .bss.m_queue_event_size
                0x0000000020005894        0x2 _build/nrf52832_xxaa_s132/app_scheduler.c.o
 .bss.m_queue_size
                0x0000000020005896        0x2 _build/nrf52832_xxaa_s132/app_scheduler.c.o
 .bss.m_queue_start_index
                0x0000000020005898        0x1 _build/nrf52832_xxaa_s132/app_scheduler.c.o
 *fill*         0x0000000020005899        0x3 
 .bss.m_flash_operation_ongoing
                0x000000002000589c        0x4 _build/nrf52832_xxaa_s132/nrf_fstorage_nvmc.c.o
 .bss.m_fifo_data
                0x00000000200058a0      0x1dc _build/nrf52832_xxaa_s132/nrf_fstorage_sd.c.o
 .bss.m_fifo_inst
                0x0000000020005a7c       0x10 _build/nrf52832_xxaa_s132/nrf_fstorage_sd.c.o
 .bss.m_flags   0x0000000020005a8c       0x14 _build/nrf52832_xxaa_s132/nrf_fstorage_sd.c.o
 .bss.m_iget_ctx
                0x0000000020005aa0        0x4 _build/nrf52832_xxaa_s132/nrf_fstorage_sd.c.o
 .bss.m_p_cur_op
                0x0000000020005aa4        0x4 _build/nrf52832_xxaa_s132/nrf_fstorage_sd.c.o
 .bss.m_state   0x0000000020005aa8        0x1 _build/nrf52832_xxaa_s132/nrf_crypto_init.c.o
 *fill*         0x0000000020005aa9        0x3 
 .bss.APP_SCHED_BUF.10609
                0x0000000020005aac      0x420 _build/nrf52832_xxaa_s132/nrf_bootloader.c.o
 .bss.m_flash_write_done
                0x0000000020005ecc        0x1 _build/nrf52832_xxaa_s132/nrf_bootloader.c.o
 *fill*         0x0000000020005ecd        0x3 
 .bss.m_user_observer
                0x0000000020005ed0        0x4 _build/nrf52832_xxaa_s132/nrf_bootloader.c.o
 .bss.m_counter_loops
                0x0000000020005ed4        0x4 _build/nrf52832_xxaa_s132/nrf_bootloader_dfu_timers.c.o
                0x0000000020005ed4                m_counter_loops
 .bss.m_timer_initialized.8967
                0x0000000020005ed8        0x1 _build/nrf52832_xxaa_s132/nrf_bootloader_dfu_timers.c.o
 .bss.m_flash_write_done
                0x0000000020005ed9        0x1 _build/nrf52832_xxaa_s132/nrf_bootloader_fw_activation.c.o
 .bss.initialized.8926
                0x0000000020005eda        0x1 _build/nrf52832_xxaa_s132/nrf_bootloader_wdt.c.o
 *fill*         0x0000000020005edb        0x1 
 .bss.m_user_observer
                0x0000000020005edc        0x4 _build/nrf52832_xxaa_s132/nrf_dfu.c.o
 .bss.m_adv_name
                0x0000000020005ee0       0x1c _build/nrf52832_xxaa_s132/nrf_dfu_ble.c.o
 .bss.m_buffer_pool_nrf_balloc_cb
                0x0000000020005efc        0x8 _build/nrf52832_xxaa_s132/nrf_dfu_ble.c.o
 .bss.m_buffer_pool_nrf_balloc_pool_mem
                0x0000000020005f04     0x1034 _build/nrf52832_xxaa_s132/nrf_dfu_ble.c.o
 .bss.m_buffer_pool_nrf_balloc_pool_stack
                0x0000000020006f38       0x11 _build/nrf52832_xxaa_s132/nrf_dfu_ble.c.o
 *fill*         0x0000000020006f49        0x1 
 .bss.m_dfu     0x0000000020006f4a       0x14 _build/nrf52832_xxaa_s132/nrf_dfu_ble.c.o
 .bss.m_enc_advdata.10595
                0x0000000020006f5e       0x1f _build/nrf52832_xxaa_s132/nrf_dfu_ble.c.o
 *fill*         0x0000000020006f7d        0x3 
 .bss.m_flags   0x0000000020006f80        0x4 _build/nrf52832_xxaa_s132/nrf_dfu_ble.c.o
 .bss.m_observer
                0x0000000020006f84        0x4 _build/nrf52832_xxaa_s132/nrf_dfu_ble.c.o
 .bss.m_pkt_notif_target
                0x0000000020006f88        0x2 _build/nrf52832_xxaa_s132/nrf_dfu_ble.c.o
 .bss.m_pkt_notif_target_cnt
                0x0000000020006f8a        0x2 _build/nrf52832_xxaa_s132/nrf_dfu_ble.c.o
 .bss.m_last_error
                0x0000000020006f8c        0x1 _build/nrf52832_xxaa_s132/nrf_dfu_handling_error.c.o
 *fill*         0x0000000020006f8d        0x3 
 .bss.m_firmware_size_req
                0x0000000020006f90        0x4 _build/nrf52832_xxaa_s132/nrf_dfu_req_handler.c.o
 .bss.m_firmware_start_addr
                0x0000000020006f94        0x4 _build/nrf52832_xxaa_s132/nrf_dfu_req_handler.c.o
 .bss.m_observer
                0x0000000020006f98        0x4 _build/nrf52832_xxaa_s132/nrf_dfu_req_handler.c.o
 .bss.dfu_settings_buffer.9500
                0x0000000020006f9c      0x380 _build/nrf52832_xxaa_s132/nrf_dfu_settings.c.o
 .bss.dfu_settings_buffer.9505
                0x000000002000731c      0x380 _build/nrf52832_xxaa_s132/nrf_dfu_settings.c.o
 .bss.m_crypto_initialized
                0x000000002000769c        0x1 _build/nrf52832_xxaa_s132/nrf_dfu_validation.c.o
 .bss.m_fw_hash
                0x000000002000769d       0x20 _build/nrf52832_xxaa_s132/nrf_dfu_validation.c.o
 *fill*         0x00000000200076bd        0x3 
 .bss.m_init_packet_data_len
                0x00000000200076c0        0x4 _build/nrf52832_xxaa_s132/nrf_dfu_validation.c.o
 .bss.m_init_packet_data_ptr
                0x00000000200076c4        0x4 _build/nrf52832_xxaa_s132/nrf_dfu_validation.c.o
 .bss.m_init_packet_valid
                0x00000000200076c8        0x1 _build/nrf52832_xxaa_s132/nrf_dfu_validation.c.o
 *fill*         0x00000000200076c9        0x3 
 .bss.m_packet  0x00000000200076cc      0x31c _build/nrf52832_xxaa_s132/nrf_dfu_validation.c.o
 .bss.m_pb_stream
                0x00000000200079e8       0x10 _build/nrf52832_xxaa_s132/nrf_dfu_validation.c.o
 .bss.m_public_key
                0x00000000200079f8       0x48 _build/nrf52832_xxaa_s132/nrf_dfu_validation.c.o
 .bss.m_sig_hash
                0x0000000020007a40       0x20 _build/nrf52832_xxaa_s132/nrf_dfu_validation.c.o
 .bss.m_signature
                0x0000000020007a60       0x40 _build/nrf52832_xxaa_s132/nrf_dfu_validation.c.o
 .bss.m_valid_init_cmd_present
                0x0000000020007aa0        0x1 _build/nrf52832_xxaa_s132/nrf_dfu_validation.c.o
 *fill*         0x0000000020007aa1        0x3 
 .bss.mp_init   0x0000000020007aa4        0x4 _build/nrf52832_xxaa_s132/nrf_dfu_validation.c.o
 .bss.m_nrf_sdh_continue
                0x0000000020007aa8        0x1 _build/nrf52832_xxaa_s132/nrf_sdh.c.o
 .bss.m_nrf_sdh_enabled
                0x0000000020007aa9        0x1 _build/nrf52832_xxaa_s132/nrf_sdh.c.o
 .bss.m_nrf_sdh_suspended
                0x0000000020007aaa        0x1 _build/nrf52832_xxaa_s132/nrf_sdh.c.o
 .bss.m_stack_is_enabled
                0x0000000020007aab        0x1 _build/nrf52832_xxaa_s132/nrf_sdh_ble.c.o
 *(COMMON)
 COMMON         0x0000000020007aac        0xc _build/nrf52832_xxaa_s132/app_util_platform.c.o
                0x0000000020007aac                nrf_nvic_state
 COMMON         0x0000000020007ab8      0x380 _build/nrf52832_xxaa_s132/nrf_dfu_settings.c.o
                0x0000000020007ab8                s_dfu_settings
                0x0000000020007e38                . = ALIGN (0x4)
                0x0000000020007e38                __bss_end__ = .

.heap           0x0000000020007e38        0x0
                0x0000000020007e38                __HeapBase = .
                0x0000000020007e38                __end__ = .
                [!provide]                        PROVIDE (end = .)
 *(.heap*)
 .heap          0x0000000020007e38        0x0 _build/nrf52832_xxaa_s132/gcc_startup_nrf52.S.o
                0x0000000020007e38                __HeapLimit = .

.stack_dummy    0x0000000020007e38     0x2000
 *(.stack*)
 .stack         0x0000000020007e38     0x2000 _build/nrf52832_xxaa_s132/gcc_startup_nrf52.S.o
                0x0000000020010000                __StackTop = (ORIGIN (RAM) + LENGTH (RAM))
                0x000000002000e000                __StackLimit = (__StackTop - SIZEOF (.stack_dummy))
                0x0000000020010000                PROVIDE (__stack = __StackTop)
                0x0000000000000001                ASSERT ((__StackLimit >= __HeapLimit), region RAM overflowed with stack)
                0x00000000000000b4                DataInitFlashUsed = (__bss_start__ - __data_start__)
                0x00000000000059e8                CodeFlashUsed = (__etext - ORIGIN (FLASH))
                0x0000000000005a9c                TotalFlashUsed = (CodeFlashUsed + DataInitFlashUsed)
                0x0000000000000001                ASSERT ((TotalFlashUsed <= LENGTH (FLASH)), region FLASH overflowed with .data and user data)
OUTPUT(_build/nrf52832_xxaa_s132.out elf32-littlearm)

.ARM.attributes
                0x0000000000000000       0x30
 .ARM.attributes
                0x0000000000000000       0x1e /usr/local/gcc-arm-none-eabi-8-2019-q3-update/bin/../lib/gcc/arm-none-eabi/8.3.1/thumb/v7e-m+fp/hard/crti.o
 .ARM.attributes
                0x000000000000001e       0x34 /usr/local/gcc-arm-none-eabi-8-2019-q3-update/bin/../lib/gcc/arm-none-eabi/8.3.1/thumb/v7e-m+fp/hard/crtbegin.o
 .ARM.attributes
                0x0000000000000052       0x1c /usr/local/gcc-arm-none-eabi-8-2019-q3-update/bin/../lib/gcc/arm-none-eabi/8.3.1/../../../../arm-none-eabi/lib/thumb/v7e-m+fp/hard/crt0.o
 .ARM.attributes
                0x000000000000006e       0x20 _build/nrf52832_xxaa_s132/gcc_startup_nrf52.S.o
 .ARM.attributes
                0x000000000000008e       0x34 _build/nrf52832_xxaa_s132/system_nrf52.c.o
 .ARM.attributes
                0x00000000000000c2       0x34 _build/nrf52832_xxaa_s132/app_scheduler.c.o
 .ARM.attributes
                0x00000000000000f6       0x34 _build/nrf52832_xxaa_s132/app_util_platform.c.o
 .ARM.attributes
                0x000000000000012a       0x34 _build/nrf52832_xxaa_s132/crc32.c.o
 .ARM.attributes
                0x000000000000015e       0x34 _build/nrf52832_xxaa_s132/nrf_atfifo.c.o
 .ARM.attributes
                0x0000000000000192       0x34 _build/nrf52832_xxaa_s132/nrf_atomic.c.o
 .ARM.attributes
                0x00000000000001c6       0x34 _build/nrf52832_xxaa_s132/nrf_balloc.c.o
 .ARM.attributes
                0x00000000000001fa       0x34 _build/nrf52832_xxaa_s132/nrf_fstorage.c.o
 .ARM.attributes
                0x000000000000022e       0x34 _build/nrf52832_xxaa_s132/nrf_fstorage_nvmc.c.o
 .ARM.attributes
                0x0000000000000262       0x34 _build/nrf52832_xxaa_s132/nrf_fstorage_sd.c.o
 .ARM.attributes
                0x0000000000000296       0x34 _build/nrf52832_xxaa_s132/nrf_section_iter.c.o
 .ARM.attributes
                0x00000000000002ca       0x34 _build/nrf52832_xxaa_s132/sha256.c.o
 .ARM.attributes
                0x00000000000002fe       0x34 _build/nrf52832_xxaa_s132/micro_ecc_backend_ecc.c.o
 .ARM.attributes
                0x0000000000000332       0x34 _build/nrf52832_xxaa_s132/micro_ecc_backend_ecdsa.c.o
 .ARM.attributes
                0x0000000000000366       0x34 _build/nrf52832_xxaa_s132/boards.c.o
 .ARM.attributes
                0x000000000000039a       0x34 _build/nrf52832_xxaa_s132/nrf_nvmc.c.o
 .ARM.attributes
                0x00000000000003ce       0x34 _build/nrf52832_xxaa_s132/nrf_crypto_ecc.c.o
 .ARM.attributes
                0x0000000000000402       0x34 _build/nrf52832_xxaa_s132/nrf_crypto_ecdsa.c.o
 .ARM.attributes
                0x0000000000000436       0x34 _build/nrf52832_xxaa_s132/nrf_crypto_hash.c.o
 .ARM.attributes
                0x000000000000046a       0x34 _build/nrf52832_xxaa_s132/nrf_crypto_init.c.o
 .ARM.attributes
                0x000000000000049e       0x34 _build/nrf52832_xxaa_s132/nrf_crypto_shared.c.o
 .ARM.attributes
                0x00000000000004d2       0x39 _build/nrf52832_xxaa_s132/dfu_public_key.c.o
 .ARM.attributes
                0x000000000000050b       0x34 _build/nrf52832_xxaa_s132/main.c.o
 .ARM.attributes
                0x000000000000053f       0x34 _build/nrf52832_xxaa_s132/ble_srv_common.c.o
 .ARM.attributes
                0x0000000000000573       0x34 _build/nrf52832_xxaa_s132/nrf_bootloader.c.o
 .ARM.attributes
                0x00000000000005a7       0x34 _build/nrf52832_xxaa_s132/nrf_bootloader_app_start.c.o
 .ARM.attributes
                0x00000000000005db       0x34 _build/nrf52832_xxaa_s132/nrf_bootloader_app_start_final.c.o
 .ARM.attributes
                0x000000000000060f       0x34 _build/nrf52832_xxaa_s132/nrf_bootloader_dfu_timers.c.o
 .ARM.attributes
                0x0000000000000643       0x34 _build/nrf52832_xxaa_s132/nrf_bootloader_fw_activation.c.o
 .ARM.attributes
                0x0000000000000677       0x39 _build/nrf52832_xxaa_s132/nrf_bootloader_info.c.o
 .ARM.attributes
                0x00000000000006b0       0x34 _build/nrf52832_xxaa_s132/nrf_bootloader_wdt.c.o
 .ARM.attributes
                0x00000000000006e4       0x34 _build/nrf52832_xxaa_s132/pb_common.c.o
 .ARM.attributes
                0x0000000000000718       0x34 _build/nrf52832_xxaa_s132/pb_decode.c.o
 .ARM.attributes
                0x000000000000074c       0x34 _build/nrf52832_xxaa_s132/nrf_sw_backend_hash.c.o
 .ARM.attributes
                0x0000000000000780       0x39 _build/nrf52832_xxaa_s132/dfu-cc.pb.c.o
 .ARM.attributes
                0x00000000000007b9       0x34 _build/nrf52832_xxaa_s132/nrf_dfu.c.o
 .ARM.attributes
                0x00000000000007ed       0x34 _build/nrf52832_xxaa_s132/nrf_dfu_ble.c.o
 .ARM.attributes
                0x0000000000000821       0x34 _build/nrf52832_xxaa_s132/nrf_dfu_flash.c.o
 .ARM.attributes
                0x0000000000000855       0x34 _build/nrf52832_xxaa_s132/nrf_dfu_handling_error.c.o
 .ARM.attributes
                0x0000000000000889       0x34 _build/nrf52832_xxaa_s132/nrf_dfu_mbr.c.o
 .ARM.attributes
                0x00000000000008bd       0x34 _build/nrf52832_xxaa_s132/nrf_dfu_req_handler.c.o
 .ARM.attributes
                0x00000000000008f1       0x34 _build/nrf52832_xxaa_s132/nrf_dfu_settings.c.o
 .ARM.attributes
                0x0000000000000925       0x34 _build/nrf52832_xxaa_s132/nrf_dfu_settings_svci.c.o
 .ARM.attributes
                0x0000000000000959       0x34 _build/nrf52832_xxaa_s132/nrf_dfu_transport.c.o
 .ARM.attributes
                0x000000000000098d       0x34 _build/nrf52832_xxaa_s132/nrf_dfu_utils.c.o
 .ARM.attributes
                0x00000000000009c1       0x34 _build/nrf52832_xxaa_s132/nrf_dfu_validation.c.o
 .ARM.attributes
                0x00000000000009f5       0x34 _build/nrf52832_xxaa_s132/nrf_dfu_ver_validation.c.o
 .ARM.attributes
                0x0000000000000a29       0x34 _build/nrf52832_xxaa_s132/nrf_dfu_svci_handler.c.o
 .ARM.attributes
                0x0000000000000a5d       0x34 _build/nrf52832_xxaa_s132/nrf_svc_handler.c.o
 .ARM.attributes
                0x0000000000000a91       0x34 _build/nrf52832_xxaa_s132/nrf_sdh.c.o
 .ARM.attributes
                0x0000000000000ac5       0x34 _build/nrf52832_xxaa_s132/nrf_sdh_ble.c.o
 .ARM.attributes
                0x0000000000000af9       0x34 _build/nrf52832_xxaa_s132/nrf_sdh_soc.c.o
 .ARM.attributes
                0x0000000000000b2d       0x34 ../../../external/micro-ecc/nrf52hf_armgcc/armgcc/micro_ecc_lib_nrf52.a(uECC.c.o)
 .ARM.attributes
                0x0000000000000b61       0x34 /usr/local/gcc-arm-none-eabi-8-2019-q3-update/bin/../lib/gcc/arm-none-eabi/8.3.1/../../../../arm-none-eabi/lib/thumb/v7e-m+fp/hard/libc_nano.a(lib_a-exit.o)
 .ARM.attributes
                0x0000000000000b95       0x32 /usr/local/gcc-arm-none-eabi-8-2019-q3-update/bin/../lib/gcc/arm-none-eabi/8.3.1/../../../../arm-none-eabi/lib/thumb/v7e-m+fp/hard/libc_nano.a(lib_a-impure.o)
 .ARM.attributes
                0x0000000000000bc7       0x34 /usr/local/gcc-arm-none-eabi-8-2019-q3-update/bin/../lib/gcc/arm-none-eabi/8.3.1/../../../../arm-none-eabi/lib/thumb/v7e-m+fp/hard/libc_nano.a(lib_a-init.o)
 .ARM.attributes
                0x0000000000000bfb       0x34 /usr/local/gcc-arm-none-eabi-8-2019-q3-update/bin/../lib/gcc/arm-none-eabi/8.3.1/../../../../arm-none-eabi/lib/thumb/v7e-m+fp/hard/libc_nano.a(lib_a-memcmp.o)
 .ARM.attributes
                0x0000000000000c2f       0x34 /usr/local/gcc-arm-none-eabi-8-2019-q3-update/bin/../lib/gcc/arm-none-eabi/8.3.1/../../../../arm-none-eabi/lib/thumb/v7e-m+fp/hard/libc_nano.a(lib_a-memcpy-stub.o)
 .ARM.attributes
                0x0000000000000c63       0x34 /usr/local/gcc-arm-none-eabi-8-2019-q3-update/bin/../lib/gcc/arm-none-eabi/8.3.1/../../../../arm-none-eabi/lib/thumb/v7e-m+fp/hard/libc_nano.a(lib_a-memset.o)
 .ARM.attributes
                0x0000000000000c97       0x17 /usr/local/gcc-arm-none-eabi-8-2019-q3-update/bin/../lib/gcc/arm-none-eabi/8.3.1/../../../../arm-none-eabi/lib/thumb/v7e-m+fp/hard/libc_nano.a(lib_a-strlen.o)
 .ARM.attributes
                0x0000000000000cae       0x34 /usr/local/gcc-arm-none-eabi-8-2019-q3-update/bin/../lib/gcc/arm-none-eabi/8.3.1/../../../../arm-none-eabi/lib/thumb/v7e-m+fp/hard/libnosys.a(_exit.o)
 .ARM.attributes
                0x0000000000000ce2       0x32 /usr/local/gcc-arm-none-eabi-8-2019-q3-update/bin/../lib/gcc/arm-none-eabi/8.3.1/thumb/v7e-m+fp/hard/crtend.o
 .ARM.attributes
                0x0000000000000d14       0x1e /usr/local/gcc-arm-none-eabi-8-2019-q3-update/bin/../lib/gcc/arm-none-eabi/8.3.1/thumb/v7e-m+fp/hard/crtn.o

.comment        0x0000000000000000       0x76
 .comment       0x0000000000000000       0x76 _build/nrf52832_xxaa_s132/system_nrf52.c.o
                                         0x77 (size before relaxing)
 .comment       0x0000000000000076       0x77 _build/nrf52832_xxaa_s132/app_scheduler.c.o
 .comment       0x0000000000000076       0x77 _build/nrf52832_xxaa_s132/app_util_platform.c.o
 .comment       0x0000000000000076       0x77 _build/nrf52832_xxaa_s132/crc32.c.o
 .comment       0x0000000000000076       0x77 _build/nrf52832_xxaa_s132/nrf_atfifo.c.o
 .comment       0x0000000000000076       0x77 _build/nrf52832_xxaa_s132/nrf_atomic.c.o
 .comment       0x0000000000000076       0x77 _build/nrf52832_xxaa_s132/nrf_balloc.c.o
 .comment       0x0000000000000076       0x77 _build/nrf52832_xxaa_s132/nrf_fstorage.c.o
 .comment       0x0000000000000076       0x77 _build/nrf52832_xxaa_s132/nrf_fstorage_nvmc.c.o
 .comment       0x0000000000000076       0x77 _build/nrf52832_xxaa_s132/nrf_fstorage_sd.c.o
 .comment       0x0000000000000076       0x77 _build/nrf52832_xxaa_s132/nrf_section_iter.c.o
 .comment       0x0000000000000076       0x77 _build/nrf52832_xxaa_s132/sha256.c.o
 .comment       0x0000000000000076       0x77 _build/nrf52832_xxaa_s132/micro_ecc_backend_ecc.c.o
 .comment       0x0000000000000076       0x77 _build/nrf52832_xxaa_s132/micro_ecc_backend_ecdsa.c.o