Archive member included to satisfy reference by file (symbol)

/usr/local/gcc-arm-none-eabi-8-2019-q3-update/bin/../lib/gcc/arm-none-eabi/8.3.1/../../../../arm-none-eabi/lib/thumb/v7e-m+fp/hard/libc_nano.a(lib_a-ctype_.o)
                              _build/nrf52832_xxaa/nrf_log_str_formatter.c.o (_ctype_)
/usr/local/gcc-arm-none-eabi-8-2019-q3-update/bin/../lib/gcc/arm-none-eabi/8.3.1/../../../../arm-none-eabi/lib/thumb/v7e-m+fp/hard/libc_nano.a(lib_a-exit.o)
                              /usr/local/gcc-arm-none-eabi-8-2019-q3-update/bin/../lib/gcc/arm-none-eabi/8.3.1/../../../../arm-none-eabi/lib/thumb/v7e-m+fp/hard/crt0.o (exit)
/usr/local/gcc-arm-none-eabi-8-2019-q3-update/bin/../lib/gcc/arm-none-eabi/8.3.1/../../../../arm-none-eabi/lib/thumb/v7e-m+fp/hard/libc_nano.a(lib_a-impure.o)
                              /usr/local/gcc-arm-none-eabi-8-2019-q3-update/bin/../lib/gcc/arm-none-eabi/8.3.1/../../../../arm-none-eabi/lib/thumb/v7e-m+fp/hard/libc_nano.a(lib_a-exit.o) (_global_impure_ptr)
/usr/local/gcc-arm-none-eabi-8-2019-q3-update/bin/../lib/gcc/arm-none-eabi/8.3.1/../../../../arm-none-eabi/lib/thumb/v7e-m+fp/hard/libc_nano.a(lib_a-init.o)
                              /usr/local/gcc-arm-none-eabi-8-2019-q3-update/bin/../lib/gcc/arm-none-eabi/8.3.1/../../../../arm-none-eabi/lib/thumb/v7e-m+fp/hard/crt0.o (__libc_init_array)
/usr/local/gcc-arm-none-eabi-8-2019-q3-update/bin/../lib/gcc/arm-none-eabi/8.3.1/../../../../arm-none-eabi/lib/thumb/v7e-m+fp/hard/libc_nano.a(lib_a-memcmp.o)
                              _build/nrf52832_xxaa/ble_advdata.c.o (memcmp)
/usr/local/gcc-arm-none-eabi-8-2019-q3-update/bin/../lib/gcc/arm-none-eabi/8.3.1/../../../../arm-none-eabi/lib/thumb/v7e-m+fp/hard/libc_nano.a(lib_a-memcpy-stub.o)
                              _build/nrf52832_xxaa/nrf_log_frontend.c.o (memcpy)
/usr/local/gcc-arm-none-eabi-8-2019-q3-update/bin/../lib/gcc/arm-none-eabi/8.3.1/../../../../arm-none-eabi/lib/thumb/v7e-m+fp/hard/libc_nano.a(lib_a-memset.o)
                              /usr/local/gcc-arm-none-eabi-8-2019-q3-update/bin/../lib/gcc/arm-none-eabi/8.3.1/../../../../arm-none-eabi/lib/thumb/v7e-m+fp/hard/crt0.o (memset)
/usr/local/gcc-arm-none-eabi-8-2019-q3-update/bin/../lib/gcc/arm-none-eabi/8.3.1/../../../../arm-none-eabi/lib/thumb/v7e-m+fp/hard/libc_nano.a(lib_a-strcpy.o)
                              _build/nrf52832_xxaa/SEGGER_RTT.c.o (strcpy)
/usr/local/gcc-arm-none-eabi-8-2019-q3-update/bin/../lib/gcc/arm-none-eabi/8.3.1/../../../../arm-none-eabi/lib/thumb/v7e-m+fp/hard/libc_nano.a(lib_a-strlen.o)
                              _build/nrf52832_xxaa/nrf_log_frontend.c.o (strlen)
/usr/local/gcc-arm-none-eabi-8-2019-q3-update/bin/../lib/gcc/arm-none-eabi/8.3.1/../../../../arm-none-eabi/lib/thumb/v7e-m+fp/hard/libnosys.a(_exit.o)
                              /usr/local/gcc-arm-none-eabi-8-2019-q3-update/bin/../lib/gcc/arm-none-eabi/8.3.1/../../../../arm-none-eabi/lib/thumb/v7e-m+fp/hard/libc_nano.a(lib_a-exit.o) (_exit)
/usr/local/gcc-arm-none-eabi-8-2019-q3-update/bin/../lib/gcc/arm-none-eabi/8.3.1/thumb/v7e-m+fp/hard/libgcc.a(_aeabi_ldivmod.o)
                              _build/nrf52832_xxaa/bsp.c.o (__aeabi_ldivmod)
/usr/local/gcc-arm-none-eabi-8-2019-q3-update/bin/../lib/gcc/arm-none-eabi/8.3.1/thumb/v7e-m+fp/hard/libgcc.a(_aeabi_uldivmod.o)
                              _build/nrf52832_xxaa/bsp.c.o (__aeabi_uldivmod)
/usr/local/gcc-arm-none-eabi-8-2019-q3-update/bin/../lib/gcc/arm-none-eabi/8.3.1/thumb/v7e-m+fp/hard/libgcc.a(_udivmoddi4.o)
                              /usr/local/gcc-arm-none-eabi-8-2019-q3-update/bin/../lib/gcc/arm-none-eabi/8.3.1/thumb/v7e-m+fp/hard/libgcc.a(_aeabi_ldivmod.o) (__udivmoddi4)
/usr/local/gcc-arm-none-eabi-8-2019-q3-update/bin/../lib/gcc/arm-none-eabi/8.3.1/thumb/v7e-m+fp/hard/libgcc.a(_dvmd_tls.o)
                              /usr/local/gcc-arm-none-eabi-8-2019-q3-update/bin/../lib/gcc/arm-none-eabi/8.3.1/thumb/v7e-m+fp/hard/libgcc.a(_aeabi_ldivmod.o) (__aeabi_ldiv0)

Allocating common symbols
Common symbol       size              file

nrf_nvic_state      0xc               _build/nrf52832_xxaa/app_util_platform.c.o
nrf_drv_uart_use_easy_dma
                    0x1               _build/nrf52832_xxaa/nrf_drv_uart.c.o
_SEGGER_RTT         0x78              _build/nrf52832_xxaa/SEGGER_RTT.c.o

Discarded input sections

 .text          0x0000000000000000        0x0 /usr/local/gcc-arm-none-eabi-8-2019-q3-update/bin/../lib/gcc/arm-none-eabi/8.3.1/thumb/v7e-m+fp/hard/crti.o
 .data          0x0000000000000000        0x0 /usr/local/gcc-arm-none-eabi-8-2019-q3-update/bin/../lib/gcc/arm-none-eabi/8.3.1/thumb/v7e-m+fp/hard/crti.o
 .bss           0x0000000000000000        0x0 /usr/local/gcc-arm-none-eabi-8-2019-q3-update/bin/../lib/gcc/arm-none-eabi/8.3.1/thumb/v7e-m+fp/hard/crti.o
 .data          0x0000000000000000        0x4 /usr/local/gcc-arm-none-eabi-8-2019-q3-update/bin/../lib/gcc/arm-none-eabi/8.3.1/thumb/v7e-m+fp/hard/crtbegin.o
[...]
Memory Configuration

Name             Origin             Length             Attributes
FLASH            0x0000000000026000 0x000000000005a000 xr
RAM              0x0000000020002218 0x000000000000dde8 xrw
*default*        0x0000000000000000 0xffffffffffffffff

Linker script and memory map


.text           0x0000000000026000     0xf0dc
 *(.isr_vector)
 .isr_vector    0x0000000000026000      0x200 _build/nrf52832_xxaa/gcc_startup_nrf52.S.o
                0x0000000000026000                __isr_vector
 *(.text*)
 .text          0x0000000000026200       0x40 /usr/local/gcc-arm-none-eabi-8-2019-q3-update/bin/../lib/gcc/arm-none-eabi/8.3.1/thumb/v7e-m+fp/hard/crtbegin.o
 .text          0x0000000000026240       0x74 /usr/local/gcc-arm-none-eabi-8-2019-q3-update/bin/../lib/gcc/arm-none-eabi/8.3.1/../../../../arm-none-eabi/lib/thumb/v7e-m+fp/hard/crt0.o
                0x0000000000026240                _mainCRTStartup
                0x0000000000026240                _start
 .text          0x00000000000262b4       0x3c _build/nrf52832_xxaa/gcc_startup_nrf52.S.o
                0x00000000000262b4                Reset_Handler
                0x00000000000262dc                NMI_Handler
                0x00000000000262de                HardFault_Handler
                0x00000000000262e0                MemoryManagement_Handler
                0x00000000000262e2                BusFault_Handler
                0x00000000000262e4                UsageFault_Handler
                0x00000000000262e6                SVC_Handler
                0x00000000000262e8                DebugMon_Handler
                0x00000000000262ea                PendSV_Handler
                0x00000000000262ec                SysTick_Handler
                0x00000000000262ee                TIMER4_IRQHandler
                0x00000000000262ee                I2S_IRQHandler
                0x00000000000262ee                SWI4_EGU4_IRQHandler
                0x00000000000262ee                TIMER0_IRQHandler
                0x00000000000262ee                TIMER1_IRQHandler
                0x00000000000262ee                PWM2_IRQHandler
                0x00000000000262ee                ECB_IRQHandler
                0x00000000000262ee                SPIM1_SPIS1_TWIM1_TWIS1_SPI1_TWI1_IRQHandler
                0x00000000000262ee                Default_Handler
                0x00000000000262ee                SAADC_IRQHandler
                0x00000000000262ee                CCM_AAR_IRQHandler
                0x00000000000262ee                WDT_IRQHandler
                0x00000000000262ee                SWI5_EGU5_IRQHandler
                0x00000000000262ee                RNG_IRQHandler
                0x00000000000262ee                RTC2_IRQHandler
                0x00000000000262ee                PWM0_IRQHandler
                0x00000000000262ee                SWI3_EGU3_IRQHandler
                0x00000000000262ee                SWI1_EGU1_IRQHandler
                0x00000000000262ee                SPIM2_SPIS2_SPI2_IRQHandler
                0x00000000000262ee                NFCT_IRQHandler
                0x00000000000262ee                MWU_IRQHandler
                0x00000000000262ee                TIMER2_IRQHandler
                0x00000000000262ee                COMP_LPCOMP_IRQHandler
                0x00000000000262ee                RTC0_IRQHandler
                0x00000000000262ee                PWM1_IRQHandler
                0x00000000000262ee                RADIO_IRQHandler
                0x00000000000262ee                PDM_IRQHandler
                0x00000000000262ee                TEMP_IRQHandler
                0x00000000000262ee                QDEC_IRQHandler
                0x00000000000262ee                TIMER3_IRQHandler
                0x00000000000262ee                FPU_IRQHandler
                0x00000000000262ee                SPIM0_SPIS0_TWIM0_TWIS0_SPI0_TWI0_IRQHandler
 .text.nrf_log_backend_serial_put
                0x00000000000262f0       0xd4 _build/nrf52832_xxaa/nrf_log_backend_serial.c.o
                0x00000000000262f0                nrf_log_backend_serial_put
 .text.uart_evt_handler
                0x00000000000263c4        0xc _build/nrf52832_xxaa/nrf_log_backend_uart.c.o
 .text.nrf_log_backend_uart_flush
                0x00000000000263d0        0x4 _build/nrf52832_xxaa/nrf_log_backend_uart.c.o
 .text.nrf_log_backend_uart_put
                0x00000000000263d4       0x20 _build/nrf52832_xxaa/nrf_log_backend_uart.c.o
 .text.serial_tx
                0x00000000000263f4       0x4c _build/nrf52832_xxaa/nrf_log_backend_uart.c.o
 .text.nrf_log_backend_uart_panic_set
                0x0000000000026440       0x64 _build/nrf52832_xxaa/nrf_log_backend_uart.c.o
 .text.nrf_log_backend_uart_init
                0x00000000000264a4       0x4c _build/nrf52832_xxaa/nrf_log_backend_uart.c.o
                0x00000000000264a4                nrf_log_backend_uart_init
 .text.nrf_log_default_backends_init
                0x00000000000264f0       0x20 _build/nrf52832_xxaa/nrf_log_default_backends.c.o
                0x00000000000264f0                nrf_log_default_backends_init
 .text.nrf_log_init
                0x0000000000026510       0x40 _build/nrf52832_xxaa/nrf_log_frontend.c.o
                0x0000000000026510                nrf_log_init
 .text.nrf_log_module_name_get
                0x0000000000026550       0x58 _build/nrf52832_xxaa/nrf_log_frontend.c.o
                0x0000000000026550                nrf_log_module_name_get
 .text.nrf_log_color_id_get
                0x00000000000265a8       0x2c _build/nrf52832_xxaa/nrf_log_frontend.c.o
                0x00000000000265a8                nrf_log_color_id_get
 .text.nrf_log_frontend_dequeue
                0x00000000000265d4      0x27c _build/nrf52832_xxaa/nrf_log_frontend.c.o
                0x00000000000265d4                nrf_log_frontend_dequeue
 .text.nrf_log_frontend_std_0
                0x0000000000026850      0x1b0 _build/nrf52832_xxaa/nrf_log_frontend.c.o
                0x0000000000026850                nrf_log_frontend_std_0
 .text.nrf_log_frontend_std_1
                0x0000000000026a00      0x1c0 _build/nrf52832_xxaa/nrf_log_frontend.c.o
                0x0000000000026a00                nrf_log_frontend_std_1
 .text.nrf_log_frontend_std_2
                0x0000000000026bc0      0x1d0 _build/nrf52832_xxaa/nrf_log_frontend.c.o
                0x0000000000026bc0                nrf_log_frontend_std_2
 .text.nrf_log_frontend_std_3
                0x0000000000026d90      0x1dc _build/nrf52832_xxaa/nrf_log_frontend.c.o
                0x0000000000026d90                nrf_log_frontend_std_3
 .text.nrf_log_frontend_std_4
                0x0000000000026f6c      0x1f0 _build/nrf52832_xxaa/nrf_log_frontend.c.o
                0x0000000000026f6c                nrf_log_frontend_std_4
 .text.nrf_log_backend_add
                0x000000000002715c       0x74 _build/nrf52832_xxaa/nrf_log_frontend.c.o
                0x000000000002715c                nrf_log_backend_add
 .text.nrf_log_panic
                0x00000000000271d0       0x2c _build/nrf52832_xxaa/nrf_log_frontend.c.o
                0x00000000000271d0                nrf_log_panic
 .text.prefix_process
                0x00000000000271fc       0x80 _build/nrf52832_xxaa/nrf_log_str_formatter.c.o
 .text.nrf_log_std_entry_process
                0x000000000002727c       0xec _build/nrf52832_xxaa/nrf_log_str_formatter.c.o
                0x000000000002727c                nrf_log_std_entry_process
 .text.nrf_log_hexdump_entry_process
                0x0000000000027368       0xfc _build/nrf52832_xxaa/nrf_log_str_formatter.c.o
                0x0000000000027368                nrf_log_hexdump_entry_process
 .text.detection_delay_timeout_handler
                0x0000000000027464      0x120 _build/nrf52832_xxaa/app_button.c.o
 .text.gpiote_event_handler
                0x0000000000027584       0x9c _build/nrf52832_xxaa/app_button.c.o
 .text.app_button_init
                0x0000000000027620       0xb0 _build/nrf52832_xxaa/app_button.c.o
                0x0000000000027620                app_button_init
 .text.app_button_enable
                0x00000000000276d0       0x2c _build/nrf52832_xxaa/app_button.c.o
                0x00000000000276d0                app_button_enable
 .text.app_error_handler_bare
                0x00000000000276fc       0x20 _build/nrf52832_xxaa/app_error.c.o
                0x00000000000276fc                app_error_handler_bare
 .text.app_error_fault_handler
                0x000000000002771c       0x70 _build/nrf52832_xxaa/app_error_weak.c.o
                0x000000000002771c                app_error_fault_handler
 .text.RTC1_IRQHandler
                0x000000000002778c       0xa0 _build/nrf52832_xxaa/app_timer.c.o
                0x000000000002778c                RTC1_IRQHandler
 .text.SWI0_EGU0_IRQHandler
                0x000000000002782c      0x3ec _build/nrf52832_xxaa/app_timer.c.o
                0x000000000002782c                SWI0_EGU0_IRQHandler
 .text.app_timer_init
                0x0000000000027c18       0xa8 _build/nrf52832_xxaa/app_timer.c.o
                0x0000000000027c18                app_timer_init
 .text.app_timer_create
                0x0000000000027cc0       0x24 _build/nrf52832_xxaa/app_timer.c.o
                0x0000000000027cc0                app_timer_create
 .text.app_timer_start
                0x0000000000027ce4       0xac _build/nrf52832_xxaa/app_timer.c.o
                0x0000000000027ce4                app_timer_start
 .text.app_timer_stop
                0x0000000000027d90       0x74 _build/nrf52832_xxaa/app_timer.c.o
                0x0000000000027d90                app_timer_stop
 .text.app_util_critical_region_enter
                0x0000000000027e04       0x4c _build/nrf52832_xxaa/app_util_platform.c.o
                0x0000000000027e04                app_util_critical_region_enter
 .text.app_util_critical_region_exit
                0x0000000000027e50       0x30 _build/nrf52832_xxaa/app_util_platform.c.o
                0x0000000000027e50                app_util_critical_region_exit
 .text.page_scan
                0x0000000000027e80       0xdc _build/nrf52832_xxaa/fds.c.o
 .text.record_find_by_desc
                0x0000000000027f5c       0xf0 _build/nrf52832_xxaa/fds.c.o
 .text.queue_process
                0x000000000002804c      0x95c _build/nrf52832_xxaa/fds.c.o
 .text.fs_event_handler
                0x00000000000289a8        0x8 _build/nrf52832_xxaa/fds.c.o
 .text.write_enqueue.part.6
                0x00000000000289b0      0x148 _build/nrf52832_xxaa/fds.c.o
 .text.fds_register
                0x0000000000028af8       0x2c _build/nrf52832_xxaa/fds.c.o
                0x0000000000028af8                fds_register
 .text.fds_init
                0x0000000000028b24      0x290 _build/nrf52832_xxaa/fds.c.o
                0x0000000000028b24                fds_init
 .text.fds_record_open
                0x0000000000028db4       0x50 _build/nrf52832_xxaa/fds.c.o
                0x0000000000028db4                fds_record_open
 .text.fds_record_close
                0x0000000000028e04       0x4c _build/nrf52832_xxaa/fds.c.o
                0x0000000000028e04                fds_record_close
 .text.fds_record_write
                0x0000000000028e50      0x154 _build/nrf52832_xxaa/fds.c.o
                0x0000000000028e50                fds_record_write
 .text.fds_record_update
                0x0000000000028fa4       0x44 _build/nrf52832_xxaa/fds.c.o
                0x0000000000028fa4                fds_record_update
 .text.fds_file_delete
                0x0000000000028fe8       0x7c _build/nrf52832_xxaa/fds.c.o
                0x0000000000028fe8                fds_file_delete
 .text.fds_gc   0x0000000000029064       0x74 _build/nrf52832_xxaa/fds.c.o
                0x0000000000029064                fds_gc
 .text.fds_record_find
                0x00000000000290d8       0xf0 _build/nrf52832_xxaa/fds.c.o
                0x00000000000290d8                fds_record_find
 .text.fds_record_find_by_key
                0x00000000000291c8       0xe4 _build/nrf52832_xxaa/fds.c.o
                0x00000000000291c8                fds_record_find_by_key
 .text.fds_record_find_in_file
                0x00000000000292ac       0xe4 _build/nrf52832_xxaa/fds.c.o
                0x00000000000292ac                fds_record_find_in_file
 .text.fds_record_id_from_desc
                0x0000000000029390       0x10 _build/nrf52832_xxaa/fds.c.o
                0x0000000000029390                fds_record_id_from_desc
 .text.nrf_atfifo_init
                0x00000000000293a0       0x30 _build/nrf52832_xxaa/nrf_atfifo.c.o
                0x00000000000293a0                nrf_atfifo_init
 .text.nrf_atfifo_clear
                0x00000000000293d0       0x44 _build/nrf52832_xxaa/nrf_atfifo.c.o
                0x00000000000293d0                nrf_atfifo_clear
 .text.nrf_atfifo_item_alloc
                0x0000000000029414       0x5c _build/nrf52832_xxaa/nrf_atfifo.c.o
                0x0000000000029414                nrf_atfifo_item_alloc
 .text.nrf_atfifo_item_put
                0x0000000000029470       0x20 _build/nrf52832_xxaa/nrf_atfifo.c.o
                0x0000000000029470                nrf_atfifo_item_put
 .text.nrf_atfifo_item_get
                0x0000000000029490       0x60 _build/nrf52832_xxaa/nrf_atfifo.c.o
                0x0000000000029490                nrf_atfifo_item_get
 .text.nrf_atfifo_item_free
                0x00000000000294f0       0x20 _build/nrf52832_xxaa/nrf_atfifo.c.o
                0x00000000000294f0                nrf_atfifo_item_free
 .text.nrf_atflags_set
                0x0000000000029510       0x14 _build/nrf52832_xxaa/nrf_atflags.c.o
                0x0000000000029510                nrf_atflags_set
 .text.nrf_atflags_fetch_set
                0x0000000000029524       0x20 _build/nrf52832_xxaa/nrf_atflags.c.o
                0x0000000000029524                nrf_atflags_fetch_set
 .text.nrf_atflags_clear
                0x0000000000029544       0x14 _build/nrf52832_xxaa/nrf_atflags.c.o
                0x0000000000029544                nrf_atflags_clear
 .text.nrf_atflags_get
                0x0000000000029558       0x14 _build/nrf52832_xxaa/nrf_atflags.c.o
                0x0000000000029558                nrf_atflags_get
 .text.nrf_atflags_find_and_set_flag
                0x000000000002956c       0x90 _build/nrf52832_xxaa/nrf_atflags.c.o
                0x000000000002956c                nrf_atflags_find_and_set_flag
 .text.nrf_atomic_u32_fetch_store
                0x00000000000295fc       0x14 _build/nrf52832_xxaa/nrf_atomic.c.o
                0x00000000000295fc                nrf_atomic_u32_fetch_store
 .text.nrf_atomic_u32_fetch_or
                0x0000000000029610       0x18 _build/nrf52832_xxaa/nrf_atomic.c.o
                0x0000000000029610                nrf_atomic_u32_fetch_or
 .text.nrf_atomic_u32_or
                0x0000000000029628       0x18 _build/nrf52832_xxaa/nrf_atomic.c.o
                0x0000000000029628                nrf_atomic_u32_or
 .text.nrf_atomic_u32_and
                0x0000000000029640       0x18 _build/nrf52832_xxaa/nrf_atomic.c.o
                0x0000000000029640                nrf_atomic_u32_and
 .text.nrf_atomic_u32_fetch_add
                0x0000000000029658       0x18 _build/nrf52832_xxaa/nrf_atomic.c.o
                0x0000000000029658                nrf_atomic_u32_fetch_add
 .text.nrf_atomic_u32_add
                0x0000000000029670       0x18 _build/nrf52832_xxaa/nrf_atomic.c.o
                0x0000000000029670                nrf_atomic_u32_add
 .text.nrf_atomic_u32_sub
                0x0000000000029688       0x18 _build/nrf52832_xxaa/nrf_atomic.c.o
                0x0000000000029688                nrf_atomic_u32_sub
 .text.nrf_atomic_flag_set_fetch
                0x00000000000296a0       0x18 _build/nrf52832_xxaa/nrf_atomic.c.o
                0x00000000000296a0                nrf_atomic_flag_set_fetch
 .text.nrf_atomic_flag_set
                0x00000000000296b8       0x18 _build/nrf52832_xxaa/nrf_atomic.c.o
                0x00000000000296b8                nrf_atomic_flag_set
 .text.nrf_atomic_flag_clear_fetch
                0x00000000000296d0       0x18 _build/nrf52832_xxaa/nrf_atomic.c.o
                0x00000000000296d0                nrf_atomic_flag_clear_fetch
 .text.nrf_balloc_init
                0x00000000000296e8       0x38 _build/nrf52832_xxaa/nrf_balloc.c.o
                0x00000000000296e8                nrf_balloc_init
 .text.nrf_balloc_alloc
                0x0000000000029720       0x50 _build/nrf52832_xxaa/nrf_balloc.c.o
                0x0000000000029720                nrf_balloc_alloc
 .text.nrf_balloc_free
                0x0000000000029770       0x38 _build/nrf52832_xxaa/nrf_balloc.c.o
                0x0000000000029770                nrf_balloc_free
 .text.nrf_fprintf_buffer_flush
                0x00000000000297a8       0x18 _build/nrf52832_xxaa/nrf_fprintf.c.o
                0x00000000000297a8                nrf_fprintf_buffer_flush
 .text.nrf_fprintf
                0x00000000000297c0       0x20 _build/nrf52832_xxaa/nrf_fprintf.c.o
                0x00000000000297c0                nrf_fprintf
 .text.unsigned_print
                0x00000000000297e0      0x158 _build/nrf52832_xxaa/nrf_fprintf_format.c.o
 .text.nrf_fprintf_fmt
                0x0000000000029938      0x734 _build/nrf52832_xxaa/nrf_fprintf_format.c.o
                0x0000000000029938                nrf_fprintf_fmt
 .text.nrf_fstorage_init
                0x000000000002a06c       0x5c _build/nrf52832_xxaa/nrf_fstorage.c.o
                0x000000000002a06c                nrf_fstorage_init
 .text.nrf_fstorage_write
                0x000000000002a0c8      0x13c _build/nrf52832_xxaa/nrf_fstorage.c.o
                0x000000000002a0c8                nrf_fstorage_write
 .text.nrf_fstorage_erase
                0x000000000002a204       0xf4 _build/nrf52832_xxaa/nrf_fstorage.c.o
                0x000000000002a204                nrf_fstorage_erase
 .text.sd_flash_write
                0x000000000002a2f8        0x4 _build/nrf52832_xxaa/nrf_fstorage_sd.c.o
 .text.sd_flash_page_erase
                0x000000000002a2fc        0x4 _build/nrf52832_xxaa/nrf_fstorage_sd.c.o
 .text.rmap     0x000000000002a300        0x4 _build/nrf52832_xxaa/nrf_fstorage_sd.c.o
 .text.wmap     0x000000000002a304        0x4 _build/nrf52832_xxaa/nrf_fstorage_sd.c.o
 .text.is_busy  0x000000000002a308       0x10 _build/nrf52832_xxaa/nrf_fstorage_sd.c.o
 .text.nrf_fstorage_sdh_req_handler
                0x000000000002a318       0x14 _build/nrf52832_xxaa/nrf_fstorage_sd.c.o
                0x000000000002a318                nrf_fstorage_sdh_req_handler
 .text.read     0x000000000002a32c       0x10 _build/nrf52832_xxaa/nrf_fstorage_sd.c.o
 .text.uninit   0x000000000002a33c       0x20 _build/nrf52832_xxaa/nrf_fstorage_sd.c.o
 .text.init     0x000000000002a35c       0x3c _build/nrf52832_xxaa/nrf_fstorage_sd.c.o
 .text.queue_process
                0x000000000002a398      0x188 _build/nrf52832_xxaa/nrf_fstorage_sd.c.o
 .text.nrf_fstorage_sdh_state_handler
                0x000000000002a520       0x24 _build/nrf52832_xxaa/nrf_fstorage_sd.c.o
                0x000000000002a520                nrf_fstorage_sdh_state_handler
 .text.write    0x000000000002a544       0x74 _build/nrf52832_xxaa/nrf_fstorage_sd.c.o
 .text.erase    0x000000000002a5b8       0x70 _build/nrf52832_xxaa/nrf_fstorage_sd.c.o
 .text.nrf_fstorage_sys_evt_handler
                0x000000000002a628       0xe8 _build/nrf52832_xxaa/nrf_fstorage_sd.c.o
                0x000000000002a628                nrf_fstorage_sys_evt_handler
 .text.nrf_memobj_pool_init
                0x000000000002a710        0x4 _build/nrf52832_xxaa/nrf_memobj.c.o
                0x000000000002a710                nrf_memobj_pool_init
 .text.nrf_memobj_alloc
                0x000000000002a714       0x98 _build/nrf52832_xxaa/nrf_memobj.c.o
                0x000000000002a714                nrf_memobj_alloc
 .text.nrf_memobj_get
                0x000000000002a7ac        0x8 _build/nrf52832_xxaa/nrf_memobj.c.o
                0x000000000002a7ac                nrf_memobj_get
 .text.nrf_memobj_put
                0x000000000002a7b4       0x58 _build/nrf52832_xxaa/nrf_memobj.c.o
                0x000000000002a7b4                nrf_memobj_put
 .text.nrf_memobj_write
                0x000000000002a80c       0x68 _build/nrf52832_xxaa/nrf_memobj.c.o
                0x000000000002a80c                nrf_memobj_write
 .text.nrf_memobj_read
                0x000000000002a874       0x68 _build/nrf52832_xxaa/nrf_memobj.c.o
                0x000000000002a874                nrf_memobj_read
 .text.sd_app_evt_wait
                0x000000000002a8dc        0x4 _build/nrf52832_xxaa/nrf_pwr_mgmt.c.o
 .text.nrf_pwr_mgmt_init
                0x000000000002a8e0       0x2c _build/nrf52832_xxaa/nrf_pwr_mgmt.c.o
                0x000000000002a8e0                nrf_pwr_mgmt_init
 .text.nrf_pwr_mgmt_run
                0x000000000002a90c       0x54 _build/nrf52832_xxaa/nrf_pwr_mgmt.c.o
                0x000000000002a90c                nrf_pwr_mgmt_run
 .text.nrf_ringbuf_init
                0x000000000002a960       0x1c _build/nrf52832_xxaa/nrf_ringbuf.c.o
                0x000000000002a960                nrf_ringbuf_init
 .text.nrf_section_iter_init
                0x000000000002a97c       0x14 _build/nrf52832_xxaa/nrf_section_iter.c.o
                0x000000000002a97c                nrf_section_iter_init
 .text.nrf_section_iter_next
                0x000000000002a990       0x18 _build/nrf52832_xxaa/nrf_section_iter.c.o
                0x000000000002a990                nrf_section_iter_next
 .text.nrf_strerror_get
                0x000000000002a9a8       0x88 _build/nrf52832_xxaa/nrf_strerror.c.o
                0x000000000002a9a8                nrf_strerror_get
 .text.SystemInit
                0x000000000002aa30      0x3b4 _build/nrf52832_xxaa/system_nrf52.c.o
                0x000000000002aa30                SystemInit
 .text.bsp_board_led_state_get
                0x000000000002ade4       0x1c _build/nrf52832_xxaa/boards.c.o
                0x000000000002ade4                bsp_board_led_state_get
 .text.bsp_board_led_on
                0x000000000002ae00       0x18 _build/nrf52832_xxaa/boards.c.o
                0x000000000002ae00                bsp_board_led_on
 .text.bsp_board_led_off
                0x000000000002ae18       0x18 _build/nrf52832_xxaa/boards.c.o
                0x000000000002ae18                bsp_board_led_off
 .text.bsp_board_leds_off
                0x000000000002ae30       0x2c _build/nrf52832_xxaa/boards.c.o
                0x000000000002ae30                bsp_board_leds_off
 .text.bsp_board_leds_on
                0x000000000002ae5c       0x2c _build/nrf52832_xxaa/boards.c.o
                0x000000000002ae5c                bsp_board_leds_on
 .text.bsp_board_led_invert
                0x000000000002ae88       0x24 _build/nrf52832_xxaa/boards.c.o
                0x000000000002ae88                bsp_board_led_invert
 .text.bsp_board_button_state_get
                0x000000000002aeac       0x1c _build/nrf52832_xxaa/boards.c.o
                0x000000000002aeac                bsp_board_button_state_get
 .text.bsp_board_pin_to_button_idx
                0x000000000002aec8       0x24 _build/nrf52832_xxaa/boards.c.o
                0x000000000002aec8                bsp_board_pin_to_button_idx
 .text.bsp_board_button_idx_to_pin
                0x000000000002aeec        0xc _build/nrf52832_xxaa/boards.c.o
                0x000000000002aeec                bsp_board_button_idx_to_pin
 .text.bsp_board_init
                0x000000000002aef8       0x5c _build/nrf52832_xxaa/boards.c.o
                0x000000000002aef8                bsp_board_init
 .text.clock_irq_handler
                0x000000000002af54       0x44 _build/nrf52832_xxaa/nrf_drv_clock.c.o
 .text.soc_evt_handler
                0x000000000002af98       0x28 _build/nrf52832_xxaa/nrf_drv_clock.c.o
 .text.sd_state_evt_handler
                0x000000000002afc0       0xa4 _build/nrf52832_xxaa/nrf_drv_clock.c.o
 .text.uarte_evt_handler
                0x000000000002b064       0x34 _build/nrf52832_xxaa/nrf_drv_uart.c.o
 .text.uart_evt_handler
                0x000000000002b098       0x34 _build/nrf52832_xxaa/nrf_drv_uart.c.o
 .text.nrf_drv_uart_init
                0x000000000002b0cc       0x7c _build/nrf52832_xxaa/nrf_drv_uart.c.o
                0x000000000002b0cc                nrf_drv_uart_init
 .text.nrfx_clock_init
                0x000000000002b148       0x18 _build/nrf52832_xxaa/nrfx_clock.c.o
                0x000000000002b148                nrfx_clock_init
 .text.nrfx_clock_enable
                0x000000000002b160       0x24 _build/nrf52832_xxaa/nrfx_clock.c.o
                0x000000000002b160                nrfx_clock_enable
 .text.nrfx_clock_lfclk_stop
                0x000000000002b184       0x18 _build/nrf52832_xxaa/nrfx_clock.c.o
                0x000000000002b184                nrfx_clock_lfclk_stop
 .text.POWER_CLOCK_IRQHandler
                0x000000000002b19c       0x64 _build/nrf52832_xxaa/nrfx_clock.c.o
                0x000000000002b19c                POWER_CLOCK_IRQHandler
 .text.nrfx_gpiote_init
                0x000000000002b200       0x94 _build/nrf52832_xxaa/nrfx_gpiote.c.o
                0x000000000002b200                nrfx_gpiote_init
 .text.nrfx_gpiote_is_init
                0x000000000002b294       0x14 _build/nrf52832_xxaa/nrfx_gpiote.c.o
                0x000000000002b294                nrfx_gpiote_is_init
 .text.nrfx_gpiote_in_init
                0x000000000002b2a8      0x1b0 _build/nrf52832_xxaa/nrfx_gpiote.c.o
                0x000000000002b2a8                nrfx_gpiote_in_init
 .text.nrfx_gpiote_in_event_enable
                0x000000000002b458       0xc0 _build/nrf52832_xxaa/nrfx_gpiote.c.o
                0x000000000002b458                nrfx_gpiote_in_event_enable
 .text.nrfx_gpiote_in_is_set
                0x000000000002b518       0x14 _build/nrf52832_xxaa/nrfx_gpiote.c.o
                0x000000000002b518                nrfx_gpiote_in_is_set
 .text.GPIOTE_IRQHandler
                0x000000000002b52c      0x4f8 _build/nrf52832_xxaa/nrfx_gpiote.c.o
                0x000000000002b52c                GPIOTE_IRQHandler
 .text.UARTE0_UART0_IRQHandler
                0x000000000002ba24        0xc _build/nrf52832_xxaa/nrfx_prs.c.o
                0x000000000002ba24                UARTE0_UART0_IRQHandler
 .text.nrfx_prs_acquire
                0x000000000002ba30       0x50 _build/nrf52832_xxaa/nrfx_prs.c.o
                0x000000000002ba30                nrfx_prs_acquire
 .text.nrfx_prs_release
                0x000000000002ba80       0x18 _build/nrf52832_xxaa/nrfx_prs.c.o
                0x000000000002ba80                nrfx_prs_release
 .text.nrfx_uart_0_irq_handler
                0x000000000002ba98      0x1c0 _build/nrf52832_xxaa/nrfx_uart.c.o
                0x000000000002ba98                nrfx_uart_0_irq_handler
 .text.nrfx_uart_init
                0x000000000002bc58      0x194 _build/nrf52832_xxaa/nrfx_uart.c.o
                0x000000000002bc58                nrfx_uart_init
 .text.nrfx_uart_uninit
                0x000000000002bdec       0xcc _build/nrf52832_xxaa/nrfx_uart.c.o
                0x000000000002bdec                nrfx_uart_uninit
 .text.nrfx_uart_tx
                0x000000000002beb8       0xd0 _build/nrf52832_xxaa/nrfx_uart.c.o
                0x000000000002beb8                nrfx_uart_tx
 .text.nrfx_uarte_0_irq_handler
                0x000000000002bf88      0x124 _build/nrf52832_xxaa/nrfx_uarte.c.o
                0x000000000002bf88                nrfx_uarte_0_irq_handler
 .text.nrfx_uarte_init
                0x000000000002c0ac      0x1b8 _build/nrf52832_xxaa/nrfx_uarte.c.o
                0x000000000002c0ac                nrfx_uarte_init
 .text.nrfx_uarte_uninit
                0x000000000002c264       0xd0 _build/nrf52832_xxaa/nrfx_uarte.c.o
                0x000000000002c264                nrfx_uarte_uninit
 .text.nrfx_uarte_tx
                0x000000000002c334       0xa8 _build/nrf52832_xxaa/nrfx_uarte.c.o
                0x000000000002c334                nrfx_uarte_tx
 .text.alert_timer_handler
                0x000000000002c3dc        0x8 _build/nrf52832_xxaa/bsp.c.o
 .text.bsp_button_event_handler
                0x000000000002c3e4       0xa4 _build/nrf52832_xxaa/bsp.c.o
 .text.button_timer_handler
                0x000000000002c488       0x30 _build/nrf52832_xxaa/bsp.c.o
 .text.bsp_led_indication
                0x000000000002c4b8      0x31c _build/nrf52832_xxaa/bsp.c.o
 .text.leds_timer_handler
                0x000000000002c7d4       0x1c _build/nrf52832_xxaa/bsp.c.o
 .text.bsp_button_is_pressed
                0x000000000002c7f0        0xc _build/nrf52832_xxaa/bsp.c.o
                0x000000000002c7f0                bsp_button_is_pressed
 .text.bsp_indication_set
                0x000000000002c7fc       0x18 _build/nrf52832_xxaa/bsp.c.o
                0x000000000002c7fc                bsp_indication_set
 .text.bsp_init
                0x000000000002c814       0xc0 _build/nrf52832_xxaa/bsp.c.o
                0x000000000002c814                bsp_init
 .text.bsp_event_to_button_action_assign
                0x000000000002c8d4       0x58 _build/nrf52832_xxaa/bsp.c.o
                0x000000000002c8d4                bsp_event_to_button_action_assign
 .text.bsp_wakeup_button_enable
                0x000000000002c92c       0x30 _build/nrf52832_xxaa/bsp.c.o
                0x000000000002c92c                bsp_wakeup_button_enable
 .text.ble_evt_handler
                0x000000000002c95c       0xac _build/nrf52832_xxaa/bsp_btn_ble.c.o
 .text.bsp_btn_ble_sleep_mode_prepare
                0x000000000002ca08       0x24 _build/nrf52832_xxaa/bsp_btn_ble.c.o
                0x000000000002ca08                bsp_btn_ble_sleep_mode_prepare
 .text.bsp_btn_ble_init
                0x000000000002ca2c       0x6c _build/nrf52832_xxaa/bsp_btn_ble.c.o
                0x000000000002ca2c                bsp_btn_ble_init
 .text.sd_ble_gap_disconnect
                0x000000000002ca98        0x4 _build/nrf52832_xxaa/main.c.o
 .text.sd_ble_gap_ppcp_set
                0x000000000002ca9c        0x4 _build/nrf52832_xxaa/main.c.o
 .text.sd_ble_gap_device_name_set
                0x000000000002caa0        0x4 _build/nrf52832_xxaa/main.c.o
 .text.sd_ble_gap_phy_update
                0x000000000002caa4        0x4 _build/nrf52832_xxaa/main.c.o
 .text.sd_power_system_off
                0x000000000002caa8        0x4 _build/nrf52832_xxaa/main.c.o
 .text.nrf_qwr_error_handler
                0x000000000002caac        0x4 _build/nrf52832_xxaa/main.c.o
 .text.ble_evt_handler
                0x000000000002cab0       0xac _build/nrf52832_xxaa/main.c.o
 .text.on_conn_params_evt
                0x000000000002cb5c       0x24 _build/nrf52832_xxaa/main.c.o
 .text.bsp_event_handler
                0x000000000002cb80       0x70 _build/nrf52832_xxaa/main.c.o
 .text.conn_params_error_handler
                0x000000000002cbf0        0x4 _build/nrf52832_xxaa/main.c.o
 .text.pm_evt_handler
                0x000000000002cbf4       0x30 _build/nrf52832_xxaa/main.c.o
 .text.on_adv_evt
                0x000000000002cc24       0x60 _build/nrf52832_xxaa/main.c.o
 .text.startup.main
                0x000000000002cc84      0x290 _build/nrf52832_xxaa/main.c.o
                0x000000000002cc84                main
 .text.sd_ble_gap_addr_get
                0x000000000002cf14        0x4 _build/nrf52832_xxaa/ble_advdata.c.o
 .text.sd_ble_gap_appearance_get
                0x000000000002cf18        0x4 _build/nrf52832_xxaa/ble_advdata.c.o
 .text.sd_ble_gap_device_name_get
                0x000000000002cf1c        0x4 _build/nrf52832_xxaa/ble_advdata.c.o
 .text.sd_ble_uuid_encode
                0x000000000002cf20        0x4 _build/nrf52832_xxaa/ble_advdata.c.o
 .text.uuid_list_sized_encode.isra.0
                0x000000000002cf24       0xec _build/nrf52832_xxaa/ble_advdata.c.o
 .text.ble_advdata_encode
                0x000000000002d010      0x410 _build/nrf52832_xxaa/ble_advdata.c.o
                0x000000000002d010                ble_advdata_encode
 .text.ble_advdata_parse
                0x000000000002d420       0x4c _build/nrf52832_xxaa/ble_advdata.c.o
                0x000000000002d420                ble_advdata_parse
 .text.sd_ble_gap_adv_set_configure
                0x000000000002d46c        0x4 _build/nrf52832_xxaa/ble_advertising.c.o
 .text.sd_ble_gap_adv_start
                0x000000000002d470        0x4 _build/nrf52832_xxaa/ble_advertising.c.o
 .text.sd_ble_gap_adv_stop
                0x000000000002d474        0x4 _build/nrf52832_xxaa/ble_advertising.c.o
 .text.ble_advertising_start.part.3
                0x000000000002d478      0x2ec _build/nrf52832_xxaa/ble_advertising.c.o
 .text.ble_advertising_conn_cfg_tag_set
                0x000000000002d764        0x8 _build/nrf52832_xxaa/ble_advertising.c.o
                0x000000000002d764                ble_advertising_conn_cfg_tag_set
 .text.ble_advertising_init
                0x000000000002d76c      0x108 _build/nrf52832_xxaa/ble_advertising.c.o
                0x000000000002d76c                ble_advertising_init
 .text.ble_advertising_start
                0x000000000002d874        0xc _build/nrf52832_xxaa/ble_advertising.c.o
                0x000000000002d874                ble_advertising_start
 .text.ble_advertising_on_ble_evt
                0x000000000002d880       0x88 _build/nrf52832_xxaa/ble_advertising.c.o
                0x000000000002d880                ble_advertising_on_ble_evt
 .text.ble_advertising_on_sys_evt
                0x000000000002d908        0x4 _build/nrf52832_xxaa/ble_advertising.c.o
                0x000000000002d908                ble_advertising_on_sys_evt
 .text.ble_advertising_restart_without_whitelist
                0x000000000002d90c       0x60 _build/nrf52832_xxaa/ble_advertising.c.o
                0x000000000002d90c                ble_advertising_restart_without_whitelist
 .text.sd_ble_gap_conn_param_update
                0x000000000002d96c        0x4 _build/nrf52832_xxaa/ble_conn_params.c.o
 .text.sd_ble_gap_disconnect
                0x000000000002d970        0x4 _build/nrf52832_xxaa/ble_conn_params.c.o
 .text.sd_ble_gap_ppcp_set
                0x000000000002d974        0x4 _build/nrf52832_xxaa/ble_conn_params.c.o
 .text.sd_ble_gap_ppcp_get
                0x000000000002d978        0x4 _build/nrf52832_xxaa/ble_conn_params.c.o
 .text.update_timeout_handler
                0x000000000002d97c       0x78 _build/nrf52832_xxaa/ble_conn_params.c.o
 .text.ble_evt_handler
                0x000000000002d9f4      0x1ec _build/nrf52832_xxaa/ble_conn_params.c.o
 .text.ble_conn_params_init
                0x000000000002dbe0       0x78 _build/nrf52832_xxaa/ble_conn_params.c.o
                0x000000000002dbe0                ble_conn_params_init
 .text.ble_evt_handler
                0x000000000002dc58      0x124 _build/nrf52832_xxaa/ble_conn_state.c.o
 .text.ble_conn_state_valid
                0x000000000002dd7c       0x14 _build/nrf52832_xxaa/ble_conn_state.c.o
                0x000000000002dd7c                ble_conn_state_valid
 .text.ble_conn_state_role
                0x000000000002dd90       0x34 _build/nrf52832_xxaa/ble_conn_state.c.o
                0x000000000002dd90                ble_conn_state_role
 .text.ble_conn_state_status
                0x000000000002ddc4       0x34 _build/nrf52832_xxaa/ble_conn_state.c.o
                0x000000000002ddc4                ble_conn_state_status
 .text.ble_conn_state_encrypted
                0x000000000002ddf8       0x30 _build/nrf52832_xxaa/ble_conn_state.c.o
                0x000000000002ddf8                ble_conn_state_encrypted
 .text.ble_conn_state_mitm_protected
                0x000000000002de28       0x30 _build/nrf52832_xxaa/ble_conn_state.c.o
                0x000000000002de28                ble_conn_state_mitm_protected
 .text.ble_conn_state_user_flag_acquire
                0x000000000002de58       0x14 _build/nrf52832_xxaa/ble_conn_state.c.o
                0x000000000002de58                ble_conn_state_user_flag_acquire
 .text.ble_conn_state_user_flag_get
                0x000000000002de6c       0x38 _build/nrf52832_xxaa/ble_conn_state.c.o
                0x000000000002de6c                ble_conn_state_user_flag_get
 .text.ble_conn_state_user_flag_set
                0x000000000002dea4       0x44 _build/nrf52832_xxaa/ble_conn_state.c.o
                0x000000000002dea4                ble_conn_state_user_flag_set
 .text.ble_conn_state_for_each_set_user_flag
                0x000000000002dee8       0x58 _build/nrf52832_xxaa/ble_conn_state.c.o
                0x000000000002dee8                ble_conn_state_for_each_set_user_flag
 .text.ble_srv_is_notification_enabled
                0x000000000002df40        0x8 _build/nrf52832_xxaa/ble_srv_common.c.o
                0x000000000002df40                ble_srv_is_notification_enabled
 .text.sd_ble_gattc_char_value_by_uuid_read
                0x000000000002df48        0x4 _build/nrf52832_xxaa/gatt_cache_manager.c.o
 .text.sd_ble_gattc_read
                0x000000000002df4c        0x4 _build/nrf52832_xxaa/gatt_cache_manager.c.o
 .text.sd_ble_gatts_value_get
                0x000000000002df50        0x4 _build/nrf52832_xxaa/gatt_cache_manager.c.o
 .text.sd_ble_gatts_initial_user_handle_get
                0x000000000002df54        0x4 _build/nrf52832_xxaa/gatt_cache_manager.c.o
 .text.car_update_pending_handle
                0x000000000002df58       0x4c _build/nrf52832_xxaa/gatt_cache_manager.c.o
 .text.local_db_apply_in_evt
                0x000000000002dfa4       0xfc _build/nrf52832_xxaa/gatt_cache_manager.c.o
 .text.db_update_pending_handle
                0x000000000002e0a0      0x10c _build/nrf52832_xxaa/gatt_cache_manager.c.o
 .text.sc_send_pending_handle
                0x000000000002e1ac      0x190 _build/nrf52832_xxaa/gatt_cache_manager.c.o
 .text.apply_pending_handle
                0x000000000002e33c       0xfc _build/nrf52832_xxaa/gatt_cache_manager.c.o
 .text.gcm_im_evt_handler
                0x000000000002e438       0x84 _build/nrf52832_xxaa/gatt_cache_manager.c.o
                0x000000000002e438                gcm_im_evt_handler
 .text.gcm_pdb_evt_handler
                0x000000000002e4bc       0xec _build/nrf52832_xxaa/gatt_cache_manager.c.o
                0x000000000002e4bc                gcm_pdb_evt_handler
 .text.gcm_init
                0x000000000002e5a8       0xc4 _build/nrf52832_xxaa/gatt_cache_manager.c.o
                0x000000000002e5a8                gcm_init
 .text.gcm_ble_evt_handler
                0x000000000002e66c      0x2ec _build/nrf52832_xxaa/gatt_cache_manager.c.o
                0x000000000002e66c                gcm_ble_evt_handler
 .text.sd_ble_gatts_service_changed
                0x000000000002e958        0x4 _build/nrf52832_xxaa/gatts_cache_manager.c.o
 .text.sd_ble_gatts_sys_attr_set
                0x000000000002e95c        0x4 _build/nrf52832_xxaa/gatts_cache_manager.c.o
 .text.sd_ble_gatts_sys_attr_get
                0x000000000002e960        0x4 _build/nrf52832_xxaa/gatts_cache_manager.c.o
 .text.sd_ble_gatts_initial_user_handle_get
                0x000000000002e964        0x4 _build/nrf52832_xxaa/gatts_cache_manager.c.o
 .text.service_changed_pending_set
                0x000000000002e968       0xac _build/nrf52832_xxaa/gatts_cache_manager.c.o
 .text.gscm_pdb_evt_handler
                0x000000000002ea14       0x18 _build/nrf52832_xxaa/gatts_cache_manager.c.o
                0x000000000002ea14                gscm_pdb_evt_handler
 .text.gscm_init
                0x000000000002ea2c       0x10 _build/nrf52832_xxaa/gatts_cache_manager.c.o
                0x000000000002ea2c                gscm_init
 .text.gscm_local_db_cache_update
                0x000000000002ea3c       0xe4 _build/nrf52832_xxaa/gatts_cache_manager.c.o
                0x000000000002ea3c                gscm_local_db_cache_update
 .text.gscm_local_db_cache_apply
                0x000000000002eb20       0xac _build/nrf52832_xxaa/gatts_cache_manager.c.o
                0x000000000002eb20                gscm_local_db_cache_apply
 .text.gscm_service_changed_ind_needed
                0x000000000002ebcc       0x2c _build/nrf52832_xxaa/gatts_cache_manager.c.o
                0x000000000002ebcc                gscm_service_changed_ind_needed
 .text.gscm_service_changed_ind_send
                0x000000000002ebf8       0x5c _build/nrf52832_xxaa/gatts_cache_manager.c.o
                0x000000000002ebf8                gscm_service_changed_ind_send
 .text.gscm_db_change_notification_done
                0x000000000002ec54       0x24 _build/nrf52832_xxaa/gatts_cache_manager.c.o
                0x000000000002ec54                gscm_db_change_notification_done
 .text.sd_ecb_block_encrypt
                0x000000000002ec78        0x4 _build/nrf52832_xxaa/id_manager.c.o
 .text.im_ble_evt_handler
                0x000000000002ec7c      0x1dc _build/nrf52832_xxaa/id_manager.c.o
                0x000000000002ec7c                im_ble_evt_handler
 .text.im_is_duplicate_bonding_data
                0x000000000002ee58      0x12c _build/nrf52832_xxaa/id_manager.c.o
                0x000000000002ee58                im_is_duplicate_bonding_data
 .text.im_find_duplicate_bonding_data
                0x000000000002ef84       0x40 _build/nrf52832_xxaa/id_manager.c.o
                0x000000000002ef84                im_find_duplicate_bonding_data
 .text.im_peer_id_get_by_conn_handle
                0x000000000002efc4       0x2c _build/nrf52832_xxaa/id_manager.c.o
                0x000000000002efc4                im_peer_id_get_by_conn_handle
 .text.im_ble_addr_get
                0x000000000002eff0       0x3c _build/nrf52832_xxaa/id_manager.c.o
                0x000000000002eff0                im_ble_addr_get
 .text.im_master_ids_compare
                0x000000000002f02c       0x44 _build/nrf52832_xxaa/id_manager.c.o
                0x000000000002f02c                im_master_ids_compare
 .text.im_peer_id_get_by_master_id
                0x000000000002f070       0xf4 _build/nrf52832_xxaa/id_manager.c.o
                0x000000000002f070                im_peer_id_get_by_master_id
 .text.im_conn_handle_get
                0x000000000002f164       0x40 _build/nrf52832_xxaa/id_manager.c.o
                0x000000000002f164                im_conn_handle_get
 .text.im_new_peer_id
                0x000000000002f1a4       0x14 _build/nrf52832_xxaa/id_manager.c.o
                0x000000000002f1a4                im_new_peer_id
 .text.im_peer_free
                0x000000000002f1b8       0x54 _build/nrf52832_xxaa/id_manager.c.o
                0x000000000002f1b8                im_peer_free
 .text.sd_ble_gap_data_length_update
                0x000000000002f20c        0x4 _build/nrf52832_xxaa/nrf_ble_gatt.c.o
 .text.sd_ble_gattc_exchange_mtu_request
                0x000000000002f210        0x4 _build/nrf52832_xxaa/nrf_ble_gatt.c.o
 .text.sd_ble_gatts_exchange_mtu_reply
                0x000000000002f214        0x4 _build/nrf52832_xxaa/nrf_ble_gatt.c.o
 .text.data_length_update.constprop.6
                0x000000000002f218       0x8c _build/nrf52832_xxaa/nrf_ble_gatt.c.o
 .text.nrf_ble_gatt_init
                0x000000000002f2a4       0x28 _build/nrf52832_xxaa/nrf_ble_gatt.c.o
                0x000000000002f2a4                nrf_ble_gatt_init
 .text.nrf_ble_gatt_on_ble_evt
                0x000000000002f2cc      0x1b4 _build/nrf52832_xxaa/nrf_ble_gatt.c.o
                0x000000000002f2cc                nrf_ble_gatt_on_ble_evt
 .text.sd_ble_gatts_rw_authorize_reply
                0x000000000002f480        0x4 _build/nrf52832_xxaa/nrf_ble_qwr.c.o
 .text.sd_ble_user_mem_reply
                0x000000000002f484        0x4 _build/nrf52832_xxaa/nrf_ble_qwr.c.o
 .text.nrf_ble_qwr_init
                0x000000000002f488       0x24 _build/nrf52832_xxaa/nrf_ble_qwr.c.o
                0x000000000002f488                nrf_ble_qwr_init
 .text.nrf_ble_qwr_conn_handle_assign
                0x000000000002f4ac       0x18 _build/nrf52832_xxaa/nrf_ble_qwr.c.o
                0x000000000002f4ac                nrf_ble_qwr_conn_handle_assign
 .text.nrf_ble_qwr_on_ble_evt
                0x000000000002f4c4       0xf0 _build/nrf52832_xxaa/nrf_ble_qwr.c.o
                0x000000000002f4c4                nrf_ble_qwr_on_ble_evt
 .text.peer_data_delete_process
                0x000000000002f5b4       0xc0 _build/nrf52832_xxaa/peer_data_storage.c.o
 .text.fds_evt_handler
                0x000000000002f674      0x118 _build/nrf52832_xxaa/peer_data_storage.c.o
 .text.pds_init
                0x000000000002f78c       0xac _build/nrf52832_xxaa/peer_data_storage.c.o
                0x000000000002f78c                pds_init
 .text.pds_peer_data_read
                0x000000000002f838       0x8c _build/nrf52832_xxaa/peer_data_storage.c.o
                0x000000000002f838                pds_peer_data_read
 .text.pds_peer_data_iterate_prepare
                0x000000000002f8c4       0x10 _build/nrf52832_xxaa/peer_data_storage.c.o
                0x000000000002f8c4                pds_peer_data_iterate_prepare
 .text.pds_peer_data_iterate
                0x000000000002f8d4       0x5c _build/nrf52832_xxaa/peer_data_storage.c.o
                0x000000000002f8d4                pds_peer_data_iterate
 .text.pds_peer_data_store
                0x000000000002f930       0xcc _build/nrf52832_xxaa/peer_data_storage.c.o
                0x000000000002f930                pds_peer_data_store
 .text.pds_peer_id_allocate
                0x000000000002f9fc        0x8 _build/nrf52832_xxaa/peer_data_storage.c.o
                0x000000000002f9fc                pds_peer_id_allocate
 .text.pds_peer_id_free
                0x000000000002fa04       0x18 _build/nrf52832_xxaa/peer_data_storage.c.o
                0x000000000002fa04                pds_peer_id_free
 .text.pds_peer_id_is_allocated
                0x000000000002fa1c        0x4 _build/nrf52832_xxaa/peer_data_storage.c.o
                0x000000000002fa1c                pds_peer_id_is_allocated
 .text.pds_next_peer_id_get
                0x000000000002fa20        0x4 _build/nrf52832_xxaa/peer_data_storage.c.o
                0x000000000002fa20                pds_next_peer_id_get
 .text.pds_next_deleted_peer_id_get
                0x000000000002fa24        0x4 _build/nrf52832_xxaa/peer_data_storage.c.o
                0x000000000002fa24                pds_next_deleted_peer_id_get
 .text.write_buf_store
                0x000000000002fa28      0x108 _build/nrf52832_xxaa/peer_database.c.o
                0x000000000002fa28                write_buf_store
 .text.pdb_pds_evt_handler
                0x000000000002fb30      0x1f8 _build/nrf52832_xxaa/peer_database.c.o
                0x000000000002fb30                pdb_pds_evt_handler
 .text.pdb_init
                0x000000000002fd28       0xb8 _build/nrf52832_xxaa/peer_database.c.o
                0x000000000002fd28                pdb_init
 .text.pdb_peer_free
                0x000000000002fde0      0x1a0 _build/nrf52832_xxaa/peer_database.c.o
                0x000000000002fde0                pdb_peer_free
 .text.pdb_peer_data_ptr_get
                0x000000000002ff80        0x8 _build/nrf52832_xxaa/peer_database.c.o
                0x000000000002ff80                pdb_peer_data_ptr_get
 .text.pdb_write_buf_get
                0x000000000002ff88      0x1e4 _build/nrf52832_xxaa/peer_database.c.o
                0x000000000002ff88                pdb_write_buf_get
 .text.pdb_write_buf_release
                0x000000000003016c       0xcc _build/nrf52832_xxaa/peer_database.c.o
                0x000000000003016c                pdb_write_buf_release
 .text.pdb_write_buf_store
                0x0000000000030238       0xa0 _build/nrf52832_xxaa/peer_database.c.o
                0x0000000000030238                pdb_write_buf_store
 .text.peer_id_init
                0x00000000000302d8       0x10 _build/nrf52832_xxaa/peer_id.c.o
                0x00000000000302d8                peer_id_init
 .text.peer_id_allocate
                0x00000000000302e8       0x40 _build/nrf52832_xxaa/peer_id.c.o
                0x00000000000302e8                peer_id_allocate
 .text.peer_id_delete
                0x0000000000030328       0x28 _build/nrf52832_xxaa/peer_id.c.o
                0x0000000000030328                peer_id_delete
 .text.peer_id_free
                0x0000000000030350       0x28 _build/nrf52832_xxaa/peer_id.c.o
                0x0000000000030350                peer_id_free
 .text.peer_id_is_allocated
                0x0000000000030378       0x14 _build/nrf52832_xxaa/peer_id.c.o
                0x0000000000030378                peer_id_is_allocated
 .text.peer_id_get_next_used
                0x000000000003038c       0x7c _build/nrf52832_xxaa/peer_id.c.o
                0x000000000003038c                peer_id_get_next_used
 .text.peer_id_get_next_deleted
                0x0000000000030408       0x40 _build/nrf52832_xxaa/peer_id.c.o
                0x0000000000030408                peer_id_get_next_deleted
 .text.ble_evt_handler
                0x0000000000030448       0x24 _build/nrf52832_xxaa/peer_manager.c.o
 .text.pm_peer_ranks_get.part.4
                0x000000000003046c       0xf0 _build/nrf52832_xxaa/peer_manager.c.o
 .text.pm_pdb_evt_handler
                0x000000000003055c      0x258 _build/nrf52832_xxaa/peer_manager.c.o
                0x000000000003055c                pm_pdb_evt_handler
 .text.pm_sm_evt_handler
                0x00000000000307b4       0x2c _build/nrf52832_xxaa/peer_manager.c.o
                0x00000000000307b4                pm_sm_evt_handler
 .text.pm_gcm_evt_handler
                0x00000000000307e0       0x28 _build/nrf52832_xxaa/peer_manager.c.o
                0x00000000000307e0                pm_gcm_evt_handler
 .text.pm_gscm_evt_handler
                0x0000000000030808       0x28 _build/nrf52832_xxaa/peer_manager.c.o
                0x0000000000030808                pm_gscm_evt_handler
 .text.pm_im_evt_handler
                0x0000000000030830       0x28 _build/nrf52832_xxaa/peer_manager.c.o
                0x0000000000030830                pm_im_evt_handler
 .text.pm_init  0x0000000000030858       0xe8 _build/nrf52832_xxaa/peer_manager.c.o
                0x0000000000030858                pm_init
 .text.pm_register
                0x0000000000030940       0x38 _build/nrf52832_xxaa/peer_manager.c.o
                0x0000000000030940                pm_register
 .text.pm_sec_params_set
                0x0000000000030978       0x14 _build/nrf52832_xxaa/peer_manager.c.o
                0x0000000000030978                pm_sec_params_set
 .text.pm_conn_secure
                0x000000000003098c       0x1c _build/nrf52832_xxaa/peer_manager.c.o
                0x000000000003098c                pm_conn_secure
 .text.pm_conn_sec_status_get
                0x00000000000309a8       0x70 _build/nrf52832_xxaa/peer_manager.c.o
                0x00000000000309a8                pm_conn_sec_status_get
 .text.pm_peer_delete
                0x0000000000030a18       0x14 _build/nrf52832_xxaa/peer_manager.c.o
                0x0000000000030a18                pm_peer_delete
 .text.pm_peers_delete
                0x0000000000030a2c       0xd4 _build/nrf52832_xxaa/peer_manager.c.o
                0x0000000000030a2c                pm_peers_delete
 .text.pm_peer_ranks_get
                0x0000000000030b00       0x1c _build/nrf52832_xxaa/peer_manager.c.o
                0x0000000000030b00                pm_peer_ranks_get
 .text.pm_peer_rank_highest
                0x0000000000030b1c      0x14c _build/nrf52832_xxaa/peer_manager.c.o
                0x0000000000030b1c                pm_peer_rank_highest
 .text.sd_ble_gap_disconnect
                0x0000000000030c68        0x4 _build/nrf52832_xxaa/peer_manager_handler.c.o
 .text.pm_handler_on_pm_evt
                0x0000000000030c6c      0x314 _build/nrf52832_xxaa/peer_manager_handler.c.o
                0x0000000000030c6c                pm_handler_on_pm_evt
 .text.pm_handler_flash_clean
                0x0000000000030f80      0x388 _build/nrf52832_xxaa/peer_manager_handler.c.o
                0x0000000000030f80                pm_handler_flash_clean
 .text.pm_buffer_init
                0x0000000000031308       0x2c _build/nrf52832_xxaa/pm_buffer.c.o
                0x0000000000031308                pm_buffer_init
 .text.pm_buffer_block_acquire
                0x0000000000031334       0x98 _build/nrf52832_xxaa/pm_buffer.c.o
                0x0000000000031334                pm_buffer_block_acquire
 .text.pm_buffer_ptr_get
                0x00000000000313cc       0x34 _build/nrf52832_xxaa/pm_buffer.c.o
                0x00000000000313cc                pm_buffer_ptr_get
 .text.pm_buffer_release
                0x0000000000031400       0x38 _build/nrf52832_xxaa/pm_buffer.c.o
                0x0000000000031400                pm_buffer_release
 .text.sd_ble_gap_authenticate
                0x0000000000031438        0x4 _build/nrf52832_xxaa/security_dispatcher.c.o
 .text.sd_ble_gap_sec_params_reply
                0x000000000003143c        0x4 _build/nrf52832_xxaa/security_dispatcher.c.o
 .text.sd_ble_gap_sec_info_reply
                0x0000000000031440        0x4 _build/nrf52832_xxaa/security_dispatcher.c.o
 .text.smd_init
                0x0000000000031444       0x90 _build/nrf52832_xxaa/security_dispatcher.c.o
                0x0000000000031444                smd_init
 .text.smd_params_reply
                0x00000000000314d4      0x198 _build/nrf52832_xxaa/security_dispatcher.c.o
                0x00000000000314d4                smd_params_reply
 .text.smd_link_secure
                0x000000000003166c       0x2c _build/nrf52832_xxaa/security_dispatcher.c.o
                0x000000000003166c                smd_link_secure
 .text.smd_ble_evt_handler
                0x0000000000031698      0x834 _build/nrf52832_xxaa/security_dispatcher.c.o
                0x0000000000031698                smd_ble_evt_handler
 .text.events_send_from_err_code.part.1
                0x0000000000031ecc       0xb8 _build/nrf52832_xxaa/security_manager.c.o
 .text.link_secure
                0x0000000000031f84      0x130 _build/nrf52832_xxaa/security_manager.c.o
 .text.link_secure_pending_handle
                0x00000000000320b4       0x30 _build/nrf52832_xxaa/security_manager.c.o
 .text.smd_params_reply_perform
                0x00000000000320e4       0xb4 _build/nrf52832_xxaa/security_manager.c.o
 .text.params_reply_pending_handle
                0x0000000000032198        0x8 _build/nrf52832_xxaa/security_manager.c.o
 .text.sm_smd_evt_handler
                0x00000000000321a0       0x58 _build/nrf52832_xxaa/security_manager.c.o
                0x00000000000321a0                sm_smd_evt_handler
 .text.sm_pdb_evt_handler
                0x00000000000321f8       0x48 _build/nrf52832_xxaa/security_manager.c.o
                0x00000000000321f8                sm_pdb_evt_handler
 .text.sm_init  0x0000000000032240       0x90 _build/nrf52832_xxaa/security_manager.c.o
                0x0000000000032240                sm_init
 .text.sm_ble_evt_handler
                0x00000000000322d0       0x34 _build/nrf52832_xxaa/security_manager.c.o
                0x00000000000322d0                sm_ble_evt_handler
 .text.sm_sec_params_set
                0x0000000000032304       0x88 _build/nrf52832_xxaa/security_manager.c.o
                0x0000000000032304                sm_sec_params_set
 .text.sm_link_secure
                0x000000000003238c       0xfc _build/nrf52832_xxaa/security_manager.c.o
                0x000000000003238c                sm_link_secure
 .text.sd_softdevice_enable
                0x0000000000032488        0x4 _build/nrf52832_xxaa/nrf_sdh.c.o
 .text.sd_softdevice_disable
                0x000000000003248c        0x4 _build/nrf52832_xxaa/nrf_sdh.c.o
 .text.nrf_sdh_enable_request
                0x0000000000032490      0x118 _build/nrf52832_xxaa/nrf_sdh.c.o
                0x0000000000032490                nrf_sdh_enable_request
 .text.nrf_sdh_disable_request
                0x00000000000325a8       0xe4 _build/nrf52832_xxaa/nrf_sdh.c.o
                0x00000000000325a8                nrf_sdh_disable_request
 .text.nrf_sdh_request_continue
                0x000000000003268c       0x20 _build/nrf52832_xxaa/nrf_sdh.c.o
                0x000000000003268c                nrf_sdh_request_continue
 .text.nrf_sdh_is_enabled
                0x00000000000326ac        0xc _build/nrf52832_xxaa/nrf_sdh.c.o
                0x00000000000326ac                nrf_sdh_is_enabled
 .text.SWI2_EGU2_IRQHandler
                0x00000000000326b8       0x2c _build/nrf52832_xxaa/nrf_sdh.c.o
                0x00000000000326b8                SWI2_EGU2_IRQHandler
 .text.sd_ble_enable
                0x00000000000326e4        0x4 _build/nrf52832_xxaa/nrf_sdh_ble.c.o
 .text.sd_ble_cfg_set
                0x00000000000326e8        0x4 _build/nrf52832_xxaa/nrf_sdh_ble.c.o
 .text.sd_ble_evt_get
                0x00000000000326ec        0x4 _build/nrf52832_xxaa/nrf_sdh_ble.c.o
 .text.nrf_sdh_ble_evts_poll
                0x00000000000326f0       0x5c _build/nrf52832_xxaa/nrf_sdh_ble.c.o
 .text.nrf_sdh_ble_default_cfg_set
                0x000000000003274c      0x17c _build/nrf52832_xxaa/nrf_sdh_ble.c.o
                0x000000000003274c                nrf_sdh_ble_default_cfg_set
 .text.nrf_sdh_ble_enable
                0x00000000000328c8       0x9c _build/nrf52832_xxaa/nrf_sdh_ble.c.o
                0x00000000000328c8                nrf_sdh_ble_enable
 .text.sd_evt_get
                0x0000000000032964        0x4 _build/nrf52832_xxaa/nrf_sdh_soc.c.o
 .text.nrf_sdh_soc_evts_poll
                0x0000000000032968       0x4c _build/nrf52832_xxaa/nrf_sdh_soc.c.o
 .text.exit     0x00000000000329b4       0x28 /usr/local/gcc-arm-none-eabi-8-2019-q3-update/bin/../lib/gcc/arm-none-eabi/8.3.1/../../../../arm-none-eabi/lib/thumb/v7e-m+fp/hard/libc_nano.a(lib_a-exit.o)
                0x00000000000329b4                exit
 .text.__libc_init_array
                0x00000000000329dc       0x48 /usr/local/gcc-arm-none-eabi-8-2019-q3-update/bin/../lib/gcc/arm-none-eabi/8.3.1/../../../../arm-none-eabi/lib/thumb/v7e-m+fp/hard/libc_nano.a(lib_a-init.o)
                0x00000000000329dc                __libc_init_array
 .text.memcmp   0x0000000000032a24       0x1c /usr/local/gcc-arm-none-eabi-8-2019-q3-update/bin/../lib/gcc/arm-none-eabi/8.3.1/../../../../arm-none-eabi/lib/thumb/v7e-m+fp/hard/libc_nano.a(lib_a-memcmp.o)
                0x0000000000032a24                memcmp
 .text.memcpy   0x0000000000032a40       0x1c /usr/local/gcc-arm-none-eabi-8-2019-q3-update/bin/../lib/gcc/arm-none-eabi/8.3.1/../../../../arm-none-eabi/lib/thumb/v7e-m+fp/hard/libc_nano.a(lib_a-memcpy-stub.o)
                0x0000000000032a40                memcpy
 .text.memset   0x0000000000032a5c       0x10 /usr/local/gcc-arm-none-eabi-8-2019-q3-update/bin/../lib/gcc/arm-none-eabi/8.3.1/../../../../arm-none-eabi/lib/thumb/v7e-m+fp/hard/libc_nano.a(lib_a-memset.o)
                0x0000000000032a5c                memset
 .text          0x0000000000032a6c       0x10 /usr/local/gcc-arm-none-eabi-8-2019-q3-update/bin/../lib/gcc/arm-none-eabi/8.3.1/../../../../arm-none-eabi/lib/thumb/v7e-m+fp/hard/libc_nano.a(lib_a-strlen.o)
                0x0000000000032a6c                strlen
 .text._exit    0x0000000000032a7c        0x4 /usr/local/gcc-arm-none-eabi-8-2019-q3-update/bin/../lib/gcc/arm-none-eabi/8.3.1/../../../../arm-none-eabi/lib/thumb/v7e-m+fp/hard/libnosys.a(_exit.o)
                0x0000000000032a7c                _exit
 .text          0x0000000000032a80       0x30 /usr/local/gcc-arm-none-eabi-8-2019-q3-update/bin/../lib/gcc/arm-none-eabi/8.3.1/thumb/v7e-m+fp/hard/libgcc.a(_aeabi_uldivmod.o)
                0x0000000000032a80                __aeabi_uldivmod
 .text          0x0000000000032ab0      0x2d0 /usr/local/gcc-arm-none-eabi-8-2019-q3-update/bin/../lib/gcc/arm-none-eabi/8.3.1/thumb/v7e-m+fp/hard/libgcc.a(_udivmoddi4.o)
                0x0000000000032ab0                __udivmoddi4
 .text          0x0000000000032d80        0x4 /usr/local/gcc-arm-none-eabi-8-2019-q3-update/bin/../lib/gcc/arm-none-eabi/8.3.1/thumb/v7e-m+fp/hard/libgcc.a(_dvmd_tls.o)
                0x0000000000032d80                __aeabi_ldiv0
                0x0000000000032d80                __aeabi_idiv0
 *(.init)
 .init          0x0000000000032d84        0x4 /usr/local/gcc-arm-none-eabi-8-2019-q3-update/bin/../lib/gcc/arm-none-eabi/8.3.1/thumb/v7e-m+fp/hard/crti.o
                0x0000000000032d84                _init
 .init          0x0000000000032d88        0x8 /usr/local/gcc-arm-none-eabi-8-2019-q3-update/bin/../lib/gcc/arm-none-eabi/8.3.1/thumb/v7e-m+fp/hard/crtn.o
 *(.fini)
 .fini          0x0000000000032d90        0x4 /usr/local/gcc-arm-none-eabi-8-2019-q3-update/bin/../lib/gcc/arm-none-eabi/8.3.1/thumb/v7e-m+fp/hard/crti.o
                0x0000000000032d90                _fini
 .fini          0x0000000000032d94        0x8 /usr/local/gcc-arm-none-eabi-8-2019-q3-update/bin/../lib/gcc/arm-none-eabi/8.3.1/thumb/v7e-m+fp/hard/crtn.o
 *crtbegin.o(.ctors)
 *crtbegin?.o(.ctors)
 *(EXCLUDE_FILE(*crtend.o *crtend?.o) .ctors)
 *(SORT_BY_NAME(.ctors.*))
 *(.ctors)
 *crtbegin.o(.dtors)
 *crtbegin?.o(.dtors)
 *(EXCLUDE_FILE(*crtend.o *crtend?.o) .dtors)
 *(SORT_BY_NAME(.dtors.*))
 *(.dtors)
 *(.rodata*)
 .rodata        0x0000000000032d9c       0x20 _build/nrf52832_xxaa/nrf_log_backend_uart.c.o
 .rodata.nrf_log_backend_uart_api
                0x0000000000032dbc        0xc _build/nrf52832_xxaa/nrf_log_backend_uart.c.o
                0x0000000000032dbc                nrf_log_backend_uart_api
 .rodata.str1.4
                0x0000000000032dc8       0x11 _build/nrf52832_xxaa/nrf_log_default_backends.c.o
 *fill*         0x0000000000032dd9        0x3 
 .rodata.m_log_push_ringbuf
                0x0000000000032ddc        0xc _build/nrf52832_xxaa/nrf_log_frontend.c.o
 .rodata.nrf_log_frontend_dequeue.str1.4
                0x0000000000032de8       0x11 _build/nrf52832_xxaa/nrf_log_frontend.c.o
 *fill*         0x0000000000032df9        0x3 
 .rodata.str1.4
                0x0000000000032dfc        0x4 _build/nrf52832_xxaa/nrf_log_frontend.c.o
 .rodata.m_colors
                0x0000000000032e00       0x24 _build/nrf52832_xxaa/nrf_log_str_formatter.c.o
 .rodata.nrf_log_hexdump_entry_process.str1.4
                0x0000000000032e24       0x13 _build/nrf52832_xxaa/nrf_log_str_formatter.c.o
                                         0x16 (size before relaxing)
 *fill*         0x0000000000032e37        0x1 
 .rodata.nrf_log_std_entry_process.str1.4
                0x0000000000032e38        0x3 _build/nrf52832_xxaa/nrf_log_str_formatter.c.o
 *fill*         0x0000000000032e3b        0x1 
 .rodata.prefix_process.str1.4
                0x0000000000032e3c       0x32 _build/nrf52832_xxaa/nrf_log_str_formatter.c.o
                                         0x36 (size before relaxing)
 *fill*         0x0000000000032e6e        0x2 
 .rodata.severity_names
                0x0000000000032e70       0x14 _build/nrf52832_xxaa/nrf_log_str_formatter.c.o
 .rodata.str1.4
                0x0000000000032e84       0x56 _build/nrf52832_xxaa/nrf_log_str_formatter.c.o
 *fill*         0x0000000000032eda        0x2 
 .rodata.m_detection_delay_timer_id
                0x0000000000032edc        0x4 _build/nrf52832_xxaa/app_button.c.o
 .rodata.app_error_fault_handler.str1.4
                0x0000000000032ee0       0x19 _build/nrf52832_xxaa/app_error_weak.c.o
 *fill*         0x0000000000032ef9        0x7 
 .rodata.delay_machine_code.8819
                0x0000000000032f00        0x6 _build/nrf52832_xxaa/app_timer.c.o
 *fill*         0x0000000000032f06        0x2 
 .rodata.dirty_header.9148
                0x0000000000032f08        0x4 _build/nrf52832_xxaa/fds.c.o
 .rodata.page_tag_data.9021
                0x0000000000032f0c        0x8 _build/nrf52832_xxaa/fds.c.o
 .rodata.page_tag_swap.9017
                0x0000000000032f14        0x8 _build/nrf52832_xxaa/fds.c.o
 .rodata._aV2C.7517
                0x0000000000032f1c       0x10 _build/nrf52832_xxaa/nrf_fprintf_format.c.o
 .rodata.__func__.7689
                0x0000000000032f2c       0x12 _build/nrf52832_xxaa/nrf_fstorage.c.o
 *fill*         0x0000000000032f3e        0x2 
 .rodata.__func__.7710
                0x0000000000032f40       0x13 _build/nrf52832_xxaa/nrf_fstorage.c.o
 *fill*         0x0000000000032f53        0x1 
 .rodata.__func__.7717
                0x0000000000032f54       0x13 _build/nrf52832_xxaa/nrf_fstorage.c.o
 *fill*         0x0000000000032f67        0x1 
 .rodata.nrf_fstorage_erase.str1.4
                0x0000000000032f68       0x77 _build/nrf52832_xxaa/nrf_fstorage.c.o
 *fill*         0x0000000000032fdf        0x1 
 .rodata.nrf_fstorage_init.str1.4
                0x0000000000032fe0       0x3a _build/nrf52832_xxaa/nrf_fstorage.c.o
 *fill*         0x000000000003301a        0x2 
 .rodata.nrf_fstorage_read.str1.4
                0x000000000003301c       0x4a _build/nrf52832_xxaa/nrf_fstorage.c.o
 *fill*         0x0000000000033066        0x2 
 .rodata.nrf_fstorage_uninit.str1.4
                0x0000000000033068        0xc _build/nrf52832_xxaa/nrf_fstorage.c.o
 .rodata.nrf_fstorage_write.str1.4
                0x0000000000033074       0x97 _build/nrf52832_xxaa/nrf_fstorage.c.o
 *fill*         0x000000000003310b        0x1 
 .rodata.str1.4
                0x000000000003310c        0xd _build/nrf52832_xxaa/nrf_fstorage.c.o
 *fill*         0x0000000000033119        0x3 
 .rodata.m_flash_info
                0x000000000003311c        0xc _build/nrf52832_xxaa/nrf_fstorage_sd.c.o
 .rodata.nrf_fstorage_sd
                0x0000000000033128       0x20 _build/nrf52832_xxaa/nrf_fstorage_sd.c.o
                0x0000000000033128                nrf_fstorage_sd
 .rodata.pwr_mgmt_data
                0x0000000000033148        0xc _build/nrf52832_xxaa/nrf_pwr_mgmt.c.o
 .rodata.str1.4
                0x0000000000033154        0x9 _build/nrf52832_xxaa/nrf_pwr_mgmt.c.o
 *fill*         0x000000000003315d        0x3 
 .rodata.m_unknown_str
                0x0000000000033160       0x13 _build/nrf52832_xxaa/nrf_strerror.c.o
 *fill*         0x0000000000033173        0x1 
 .rodata.nrf_strerror_array
                0x0000000000033174      0x128 _build/nrf52832_xxaa/nrf_strerror.c.o
 .rodata.str1.4
                0x000000000003329c      0x3e9 _build/nrf52832_xxaa/nrf_strerror.c.o
 *fill*         0x0000000000033685        0x3 
 .rodata.m_board_btn_list
                0x0000000000033688        0x4 _build/nrf52832_xxaa/boards.c.o
 .rodata.m_board_led_list
                0x000000000003368c        0x4 _build/nrf52832_xxaa/boards.c.o
 .rodata.str1.4
                0x0000000000033690        0x6 _build/nrf52832_xxaa/nrf_drv_clock.c.o
 *fill*         0x0000000000033696        0x2 
 .rodata.str1.4
                0x0000000000033698        0x6 _build/nrf52832_xxaa/nrfx_clock.c.o
 *fill*         0x000000000003369e        0x2 
 .rodata.str1.4
                0x00000000000336a0        0x7 _build/nrf52832_xxaa/nrfx_gpiote.c.o
 *fill*         0x00000000000336a7        0x1 
 .rodata.str1.4
                0x00000000000336a8        0x4 _build/nrf52832_xxaa/nrfx_prs.c.o
 .rodata.str1.4
                0x00000000000336ac        0x5 _build/nrf52832_xxaa/nrfx_uart.c.o
 *fill*         0x00000000000336b1        0x3 
 .rodata.str1.4
                0x00000000000336b4        0x6 _build/nrf52832_xxaa/nrfx_uarte.c.o
 *fill*         0x00000000000336ba        0x2 
 .rodata.app_buttons
                0x00000000000336bc       0x20 _build/nrf52832_xxaa/bsp.c.o
 .rodata.m_bsp_alert_tmr
                0x00000000000336dc        0x4 _build/nrf52832_xxaa/bsp.c.o
 .rodata.m_bsp_button_tmr
                0x00000000000336e0        0x4 _build/nrf52832_xxaa/bsp.c.o
 .rodata.m_bsp_leds_tmr
                0x00000000000336e4        0x4 _build/nrf52832_xxaa/bsp.c.o
 .rodata.ble_evt_handler.str1.4
                0x00000000000336e8       0x1b _build/nrf52832_xxaa/main.c.o
 *fill*         0x0000000000033703        0x1 
 .rodata.main.str1.4
                0x0000000000033704       0x31 _build/nrf52832_xxaa/main.c.o
 *fill*         0x0000000000033735        0x3 
 .rodata.on_adv_evt.str1.4
                0x0000000000033738       0x12 _build/nrf52832_xxaa/main.c.o
 *fill*         0x000000000003374a        0x2 
 .rodata        0x000000000003374c        0x4 _build/nrf52832_xxaa/gatt_cache_manager.c.o
 .rodata.car_value_false.10930
                0x0000000000033750        0x4 _build/nrf52832_xxaa/gatt_cache_manager.c.o
 .rodata.car_value_true.10929
                0x0000000000033754        0x4 _build/nrf52832_xxaa/gatt_cache_manager.c.o
 .rodata.db_update_pending_handle.str1.4
                0x0000000000033758       0x75 _build/nrf52832_xxaa/gatt_cache_manager.c.o
 *fill*         0x00000000000337cd        0x3 
 .rodata.gcm_ble_evt_handler.str1.4
                0x00000000000337d0       0xb2 _build/nrf52832_xxaa/gatt_cache_manager.c.o
 *fill*         0x0000000000033882        0x2 
 .rodata.gcm_init.str1.4
                0x0000000000033884       0x6f _build/nrf52832_xxaa/gatt_cache_manager.c.o
 *fill*         0x00000000000338f3        0x1 
 .rodata.local_db_apply_in_evt.str1.4
                0x00000000000338f4       0xd1 _build/nrf52832_xxaa/gatt_cache_manager.c.o
 *fill*         0x00000000000339c5        0x3 
 .rodata.sc_send_pending_handle.str1.4
                0x00000000000339c8       0x40 _build/nrf52832_xxaa/gatt_cache_manager.c.o
 .rodata.store_car_value.str1.4
                0x0000000000033a08       0x5d _build/nrf52832_xxaa/gatt_cache_manager.c.o
 *fill*         0x0000000000033a65        0x3 
 .rodata.str1.4
                0x0000000000033a68       0x11 _build/nrf52832_xxaa/gatt_cache_manager.c.o
 *fill*         0x0000000000033a79        0x3 
 .rodata        0x0000000000033a7c       0x10 _build/nrf52832_xxaa/gatts_cache_manager.c.o
 .rodata.gscm_local_db_cache_apply.str1.4
                0x0000000000033a8c       0x78 _build/nrf52832_xxaa/gatts_cache_manager.c.o
 .rodata.gscm_local_db_cache_update.str1.4
                0x0000000000033b04       0x7f _build/nrf52832_xxaa/gatts_cache_manager.c.o
 *fill*         0x0000000000033b83        0x1 
 .rodata.gscm_service_changed_ind_send.str1.4
                0x0000000000033b84       0x4c _build/nrf52832_xxaa/gatts_cache_manager.c.o
 .rodata.service_changed_pending.10633
                0x0000000000033bd0        0x4 _build/nrf52832_xxaa/gatts_cache_manager.c.o
 .rodata.service_changed_pending.10690
                0x0000000000033bd4        0x4 _build/nrf52832_xxaa/gatts_cache_manager.c.o
 .rodata.service_changed_pending_set.str1.4
                0x0000000000033bd8       0x55 _build/nrf52832_xxaa/gatts_cache_manager.c.o
 *fill*         0x0000000000033c2d        0x3 
 .rodata.str1.4
                0x0000000000033c30       0x12 _build/nrf52832_xxaa/gatts_cache_manager.c.o
 *fill*         0x0000000000033c42        0x2 
 .rodata.str1.4
                0x0000000000033c44       0x10 _build/nrf52832_xxaa/id_manager.c.o
 .rodata.data_length_update.constprop.6.str1.4
                0x0000000000033c54       0xe2 _build/nrf52832_xxaa/nrf_ble_gatt.c.o
 *fill*         0x0000000000033d36        0x2 
 .rodata.nrf_ble_gatt_on_ble_evt.str1.4
                0x0000000000033d38       0x63 _build/nrf52832_xxaa/nrf_ble_gatt.c.o
 *fill*         0x0000000000033d9b        0x1 
 .rodata.str1.4
                0x0000000000033d9c        0xd _build/nrf52832_xxaa/nrf_ble_gatt.c.o
 *fill*         0x0000000000033da9        0x3 
 .rodata.pds_init.str1.4
                0x0000000000033dac       0x82 _build/nrf52832_xxaa/peer_data_storage.c.o
 *fill*         0x0000000000033e2e        0x2 
 .rodata.pds_peer_data_store.str1.4
                0x0000000000033e30       0x56 _build/nrf52832_xxaa/peer_data_storage.c.o
 *fill*         0x0000000000033e86        0x2 
 .rodata.peer_data_delete_process.str1.4
                0x0000000000033e88       0x4c _build/nrf52832_xxaa/peer_data_storage.c.o
 .rodata.str1.4
                0x0000000000033ed4       0x11 _build/nrf52832_xxaa/peer_data_storage.c.o
 *fill*         0x0000000000033ee5        0x3 
 .rodata.pdb_init.str1.4
                0x0000000000033ee8       0x1e _build/nrf52832_xxaa/peer_database.c.o
 *fill*         0x0000000000033f06        0x2 
 .rodata.pdb_pds_evt_handler.str1.4
                0x0000000000033f08       0x60 _build/nrf52832_xxaa/peer_database.c.o
 .rodata.pdb_peer_free.str1.4
                0x0000000000033f68       0x52 _build/nrf52832_xxaa/peer_database.c.o
 *fill*         0x0000000000033fba        0x2 
 .rodata.pdb_write_buf_get.str1.4
                0x0000000000033fbc       0x74 _build/nrf52832_xxaa/peer_database.c.o
 .rodata.str1.4
                0x0000000000034030       0x11 _build/nrf52832_xxaa/peer_database.c.o
 *fill*         0x0000000000034041        0x3 
 .rodata.write_buf_store.str1.4
                0x0000000000034044       0x6f _build/nrf52832_xxaa/peer_database.c.o
 *fill*         0x00000000000340b3        0x1 
 .rodata        0x00000000000340b4        0x8 _build/nrf52832_xxaa/peer_manager.c.o
 .rodata.__func__.11009
                0x00000000000340bc        0x8 _build/nrf52832_xxaa/peer_manager.c.o
 .rodata.__func__.11192
                0x00000000000340c4       0x10 _build/nrf52832_xxaa/peer_manager.c.o
 .rodata.pm_init.str1.4
                0x00000000000340d4      0x107 _build/nrf52832_xxaa/peer_manager.c.o
 *fill*         0x00000000000341db        0x1 
 .rodata.pm_peer_rank_highest.str1.4
                0x00000000000341dc       0x40 _build/nrf52832_xxaa/peer_manager.c.o
 .rodata.pm_peer_ranks_get.part.4.str1.4
                0x000000000003421c       0x48 _build/nrf52832_xxaa/peer_manager.c.o
 .rodata.pm_peers_delete.str1.4
                0x0000000000034264       0x48 _build/nrf52832_xxaa/peer_manager.c.o
 .rodata.str1.4
                0x00000000000342ac        0xd _build/nrf52832_xxaa/peer_manager.c.o
 *fill*         0x00000000000342b9        0x3 
 .rodata.m_data_action_str
                0x00000000000342bc        0x8 _build/nrf52832_xxaa/peer_manager_handler.c.o
 .rodata.m_data_id_str
                0x00000000000342c4       0x28 _build/nrf52832_xxaa/peer_manager_handler.c.o
 .rodata.m_roles_str
                0x00000000000342ec        0xc _build/nrf52832_xxaa/peer_manager_handler.c.o
 .rodata.m_sec_procedure_str
                0x00000000000342f8        0xc _build/nrf52832_xxaa/peer_manager_handler.c.o
 .rodata.pm_handler_flash_clean_on_return.str1.4
                0x0000000000034304       0xa7 _build/nrf52832_xxaa/peer_manager_handler.c.o
 *fill*         0x00000000000343ab        0x1 
 .rodata.pm_handler_on_pm_evt.str1.4
                0x00000000000343ac      0x3df _build/nrf52832_xxaa/peer_manager_handler.c.o
 *fill*         0x000000000003478b        0x1 
 .rodata.str1.4
                0x000000000003478c      0x121 _build/nrf52832_xxaa/peer_manager_handler.c.o
 *fill*         0x00000000000348ad        0x3 
 .rodata.smd_ble_evt_handler.str1.4
                0x00000000000348b0      0x232 _build/nrf52832_xxaa/security_dispatcher.c.o
 .rodata.smd_init.str1.4
                0x0000000000034ae2       0x6f _build/nrf52832_xxaa/security_dispatcher.c.o
 *fill*         0x0000000000034ae2        0x2 
 .rodata.smd_params_reply.str1.4
                0x0000000000034ae4       0xb2 _build/nrf52832_xxaa/security_dispatcher.c.o
 *fill*         0x0000000000034b96        0x2 
 .rodata.str1.4
                0x0000000000034b98       0x11 _build/nrf52832_xxaa/security_dispatcher.c.o
 *fill*         0x0000000000034ba9        0x3 
 .rodata.events_send_from_err_code.part.1.str1.4
                0x0000000000034bac      0x123 _build/nrf52832_xxaa/security_manager.c.o
 *fill*         0x0000000000034ccf        0x1 
 .rodata.link_secure.str1.4
                0x0000000000034cd0       0x55 _build/nrf52832_xxaa/security_manager.c.o
 .rodata.sm_init.str1.4
                0x0000000000034d25       0x6f _build/nrf52832_xxaa/security_manager.c.o
 *fill*         0x0000000000034d25        0x3 
 .rodata.str1.4
                0x0000000000034d28       0x10 _build/nrf52832_xxaa/security_manager.c.o
 .rodata        0x0000000000034d38        0x4 _build/nrf52832_xxaa/nrf_sdh.c.o
 .rodata.sdh_req_observers
                0x0000000000034d3c        0xc _build/nrf52832_xxaa/nrf_sdh.c.o
 .rodata.sdh_stack_observers
                0x0000000000034d48        0xc _build/nrf52832_xxaa/nrf_sdh.c.o
 .rodata.sdh_state_observers
                0x0000000000034d54        0xc _build/nrf52832_xxaa/nrf_sdh.c.o
 .rodata.str1.4
                0x0000000000034d60        0x8 _build/nrf52832_xxaa/nrf_sdh.c.o
 .rodata.nrf_sdh_ble_default_cfg_set.str1.4
                0x0000000000034d68      0x187 _build/nrf52832_xxaa/nrf_sdh_ble.c.o
 *fill*         0x0000000000034eef        0x1 
 .rodata.nrf_sdh_ble_enable.str1.4
                0x0000000000034ef0       0xad _build/nrf52832_xxaa/nrf_sdh_ble.c.o
 *fill*         0x0000000000034f9d        0x3 
 .rodata.sdh_ble_observers
                0x0000000000034fa0        0xc _build/nrf52832_xxaa/nrf_sdh_ble.c.o
 .rodata.str1.4
                0x0000000000034fac        0xc _build/nrf52832_xxaa/nrf_sdh_ble.c.o
 .rodata.sdh_soc_observers
                0x0000000000034fb8        0xc _build/nrf52832_xxaa/nrf_sdh_soc.c.o
 .rodata.str1.4
                0x0000000000034fc4        0xc _build/nrf52832_xxaa/nrf_sdh_soc.c.o
 .rodata._ctype_
                0x0000000000034fd0      0x101 /usr/local/gcc-arm-none-eabi-8-2019-q3-update/bin/../lib/gcc/arm-none-eabi/8.3.1/../../../../arm-none-eabi/lib/thumb/v7e-m+fp/hard/libc_nano.a(lib_a-ctype_.o)
                0x0000000000034fd0                _ctype_
 *fill*         0x00000000000350d1        0x3 
 .rodata._global_impure_ptr
                0x00000000000350d4        0x4 /usr/local/gcc-arm-none-eabi-8-2019-q3-update/bin/../lib/gcc/arm-none-eabi/8.3.1/../../../../arm-none-eabi/lib/thumb/v7e-m+fp/hard/libc_nano.a(lib_a-impure.o)
                0x00000000000350d4                _global_impure_ptr
 *(.eh_frame*)
 .eh_frame      0x00000000000350d8        0x0 /usr/local/gcc-arm-none-eabi-8-2019-q3-update/bin/../lib/gcc/arm-none-eabi/8.3.1/thumb/v7e-m+fp/hard/crtbegin.o
 .eh_frame      0x00000000000350d8        0x4 /usr/local/gcc-arm-none-eabi-8-2019-q3-update/bin/../lib/gcc/arm-none-eabi/8.3.1/thumb/v7e-m+fp/hard/crtend.o

.glue_7         0x00000000000350dc        0x0
 .glue_7        0x00000000000350dc        0x0 linker stubs

.glue_7t        0x00000000000350dc        0x0
 .glue_7t       0x00000000000350dc        0x0 linker stubs

.vfp11_veneer   0x00000000000350dc        0x0
 .vfp11_veneer  0x00000000000350dc        0x0 linker stubs

.v4_bx          0x00000000000350dc        0x0
 .v4_bx         0x00000000000350dc        0x0 linker stubs

.iplt           0x00000000000350dc        0x0
 .iplt          0x00000000000350dc        0x0 /usr/local/gcc-arm-none-eabi-8-2019-q3-update/bin/../lib/gcc/arm-none-eabi/8.3.1/thumb/v7e-m+fp/hard/crtbegin.o

.mem_section_dummy_rom

.sdh_soc_observers
                0x00000000000350dc       0x18
                0x00000000000350dc                PROVIDE (__start_sdh_soc_observers = .)
 *(SORT_BY_NAME(.sdh_soc_observers*))
 .sdh_soc_observers0
                0x00000000000350dc        0x8 _build/nrf52832_xxaa/nrf_fstorage_sd.c.o
 .sdh_soc_observers0
                0x00000000000350e4        0x8 _build/nrf52832_xxaa/nrf_drv_clock.c.o
 .sdh_soc_observers1
                0x00000000000350ec        0x8 _build/nrf52832_xxaa/main.c.o
                0x00000000000350f4                PROVIDE (__stop_sdh_soc_observers = .)

.pwr_mgmt_data  0x00000000000350f4        0x0
                0x00000000000350f4                PROVIDE (__start_pwr_mgmt_data = .)
 *(SORT_BY_NAME(.pwr_mgmt_data*))
                0x00000000000350f4                PROVIDE (__stop_pwr_mgmt_data = .)

.sdh_ble_observers
                0x00000000000350f4       0x40
                0x00000000000350f4                PROVIDE (__start_sdh_ble_observers = .)
 *(SORT_BY_NAME(.sdh_ble_observers*))
 .sdh_ble_observers0
                0x00000000000350f4        0x8 _build/nrf52832_xxaa/ble_conn_state.c.o
 .sdh_ble_observers1
                0x00000000000350fc        0x8 _build/nrf52832_xxaa/bsp_btn_ble.c.o
 .sdh_ble_observers1
                0x0000000000035104       0x10 _build/nrf52832_xxaa/main.c.o
 .sdh_ble_observers1
                0x0000000000035114        0x8 _build/nrf52832_xxaa/ble_conn_params.c.o
 .sdh_ble_observers1
                0x000000000003511c        0x8 _build/nrf52832_xxaa/peer_manager.c.o
 .sdh_ble_observers2
                0x0000000000035124        0x8 _build/nrf52832_xxaa/main.c.o
 .sdh_ble_observers3
                0x000000000003512c        0x8 _build/nrf52832_xxaa/main.c.o
                0x0000000000035134                PROVIDE (__stop_sdh_ble_observers = .)

.sdh_req_observers
                0x0000000000035134        0x8
                0x0000000000035134                PROVIDE (__start_sdh_req_observers = .)
 *(SORT_BY_NAME(.sdh_req_observers*))
 .sdh_req_observers0
                0x0000000000035134        0x8 _build/nrf52832_xxaa/nrf_fstorage_sd.c.o
                0x0000000000035134                m_req_obs
                0x000000000003513c                PROVIDE (__stop_sdh_req_observers = .)

.sdh_state_observers
                0x000000000003513c       0x10
                0x000000000003513c                PROVIDE (__start_sdh_state_observers = .)
 *(SORT_BY_NAME(.sdh_state_observers*))
 .sdh_state_observers0
                0x000000000003513c        0x8 _build/nrf52832_xxaa/nrf_fstorage_sd.c.o
 .sdh_state_observers0
                0x0000000000035144        0x8 _build/nrf52832_xxaa/nrf_drv_clock.c.o
                0x000000000003514c                PROVIDE (__stop_sdh_state_observers = .)

.sdh_stack_observers
                0x000000000003514c       0x10
                0x000000000003514c                PROVIDE (__start_sdh_stack_observers = .)
 *(SORT_BY_NAME(.sdh_stack_observers*))
 .sdh_stack_observers0
                0x000000000003514c        0x8 _build/nrf52832_xxaa/nrf_sdh_ble.c.o
 .sdh_stack_observers0
                0x0000000000035154        0x8 _build/nrf52832_xxaa/nrf_sdh_soc.c.o
                0x000000000003515c                PROVIDE (__stop_sdh_stack_observers = .)

.nrf_queue      0x000000000003515c        0x0
                [!provide]                        PROVIDE (__start_nrf_queue = .)
 *(.nrf_queue)
                [!provide]                        PROVIDE (__stop_nrf_queue = .)

.nrf_balloc     0x000000000003515c       0x14
                [!provide]                        PROVIDE (__start_nrf_balloc = .)
 *(.nrf_balloc)
 .nrf_balloc    0x000000000003515c       0x14 _build/nrf52832_xxaa/nrf_log_frontend.c.o
                0x000000000003515c                log_mempool
                [!provide]                        PROVIDE (__stop_nrf_balloc = .)

.cli_command    0x0000000000035170        0x0
                [!provide]                        PROVIDE (__start_cli_command = .)
 *(.cli_command)
                [!provide]                        PROVIDE (__stop_cli_command = .)

.crypto_data    0x0000000000035170        0x0
                [!provide]                        PROVIDE (__start_crypto_data = .)
 *(SORT_BY_NAME(.crypto_data*))
                [!provide]                        PROVIDE (__stop_crypto_data = .)

.log_const_data
                0x0000000000035170       0xb0
                0x0000000000035170                PROVIDE (__start_log_const_data = .)
 *(SORT_BY_NAME(.log_const_data*))
 .log_const_data_CLOCK
                0x0000000000035170        0x8 _build/nrf52832_xxaa/nrfx_clock.c.o
                0x0000000000035170                m_nrf_log_CLOCK_logs_data_const
 .log_const_data_GPIOTE
                0x0000000000035178        0x8 _build/nrf52832_xxaa/nrfx_gpiote.c.o
                0x0000000000035178                m_nrf_log_GPIOTE_logs_data_const
 .log_const_data_PRS
                0x0000000000035180        0x8 _build/nrf52832_xxaa/nrfx_prs.c.o
                0x0000000000035180                m_nrf_log_PRS_logs_data_const
 .log_const_data_UART
                0x0000000000035188        0x8 _build/nrf52832_xxaa/nrfx_uart.c.o
                0x0000000000035188                m_nrf_log_UART_logs_data_const
 .log_const_data_UARTE
                0x0000000000035190        0x8 _build/nrf52832_xxaa/nrfx_uarte.c.o
                0x0000000000035190                m_nrf_log_UARTE_logs_data_const
 .log_const_data_app
                0x0000000000035198        0x8 _build/nrf52832_xxaa/nrf_log_frontend.c.o
                0x0000000000035198                m_nrf_log_app_logs_data_const
 .log_const_data_clock
                0x00000000000351a0        0x8 _build/nrf52832_xxaa/nrf_drv_clock.c.o
                0x00000000000351a0                m_nrf_log_clock_logs_data_const
 .log_const_data_nrf_ble_gatt
                0x00000000000351a8        0x8 _build/nrf52832_xxaa/nrf_ble_gatt.c.o
                0x00000000000351a8                m_nrf_log_nrf_ble_gatt_logs_data_const
 .log_const_data_nrf_fstorage
                0x00000000000351b0        0x8 _build/nrf52832_xxaa/nrf_fstorage.c.o
                0x00000000000351b0                m_nrf_log_nrf_fstorage_logs_data_const
 .log_const_data_nrf_sdh
                0x00000000000351b8        0x8 _build/nrf52832_xxaa/nrf_sdh.c.o
                0x00000000000351b8                m_nrf_log_nrf_sdh_logs_data_const
 .log_const_data_nrf_sdh_ble
                0x00000000000351c0        0x8 _build/nrf52832_xxaa/nrf_sdh_ble.c.o
                0x00000000000351c0                m_nrf_log_nrf_sdh_ble_logs_data_const
 .log_const_data_nrf_sdh_soc
                0x00000000000351c8        0x8 _build/nrf52832_xxaa/nrf_sdh_soc.c.o
                0x00000000000351c8                m_nrf_log_nrf_sdh_soc_logs_data_const
 .log_const_data_peer_manager
                0x00000000000351d0        0x8 _build/nrf52832_xxaa/peer_manager.c.o
                0x00000000000351d0                m_nrf_log_peer_manager_logs_data_const
 .log_const_data_peer_manager_gcm
                0x00000000000351d8        0x8 _build/nrf52832_xxaa/gatt_cache_manager.c.o
                0x00000000000351d8                m_nrf_log_peer_manager_gcm_logs_data_const
 .log_const_data_peer_manager_gscm
                0x00000000000351e0        0x8 _build/nrf52832_xxaa/gatts_cache_manager.c.o
                0x00000000000351e0                m_nrf_log_peer_manager_gscm_logs_data_const
 .log_const_data_peer_manager_handler
                0x00000000000351e8        0x8 _build/nrf52832_xxaa/peer_manager_handler.c.o
                0x00000000000351e8                m_nrf_log_peer_manager_handler_logs_data_const
 .log_const_data_peer_manager_im
                0x00000000000351f0        0x8 _build/nrf52832_xxaa/id_manager.c.o
                0x00000000000351f0                m_nrf_log_peer_manager_im_logs_data_const
 .log_const_data_peer_manager_pdb
                0x00000000000351f8        0x8 _build/nrf52832_xxaa/peer_database.c.o
                0x00000000000351f8                m_nrf_log_peer_manager_pdb_logs_data_const
 .log_const_data_peer_manager_pds
                0x0000000000035200        0x8 _build/nrf52832_xxaa/peer_data_storage.c.o
                0x0000000000035200                m_nrf_log_peer_manager_pds_logs_data_const
 .log_const_data_peer_manager_sm
                0x0000000000035208        0x8 _build/nrf52832_xxaa/security_manager.c.o
                0x0000000000035208                m_nrf_log_peer_manager_sm_logs_data_const
 .log_const_data_peer_manager_smd
                0x0000000000035210        0x8 _build/nrf52832_xxaa/security_dispatcher.c.o
                0x0000000000035210                m_nrf_log_peer_manager_smd_logs_data_const
 .log_const_data_pwr_mgmt
                0x0000000000035218        0x8 _build/nrf52832_xxaa/nrf_pwr_mgmt.c.o
                0x0000000000035218                m_nrf_log_pwr_mgmt_logs_data_const
                0x0000000000035220                PROVIDE (__stop_log_const_data = .)

.log_backends   0x0000000000035220       0x10
                [!provide]                        PROVIDE (__start_log_backends = .)
 *(SORT_BY_NAME(.log_backends*))
 .log_backends  0x0000000000035220       0x10 _build/nrf52832_xxaa/nrf_log_default_backends.c.o
                [!provide]                        PROVIDE (__stop_log_backends = .)

.ARM.extab
 *(.ARM.extab* .gnu.linkonce.armextab.*)
                0x0000000000035230                __exidx_start = .

.ARM.exidx      0x0000000000035230        0x8
 *(.ARM.exidx* .gnu.linkonce.armexidx.*)
 .ARM.exidx     0x0000000000035230        0x8 /usr/local/gcc-arm-none-eabi-8-2019-q3-update/bin/../lib/gcc/arm-none-eabi/8.3.1/../../../../arm-none-eabi/lib/thumb/v7e-m+fp/hard/crt0.o
 .ARM.exidx     0x0000000000035238        0x0 /usr/local/gcc-arm-none-eabi-8-2019-q3-update/bin/../lib/gcc/arm-none-eabi/8.3.1/thumb/v7e-m+fp/hard/libgcc.a(_udivmoddi4.o)
                                          0x8 (size before relaxing)
                0x0000000000035238                __exidx_end = .
                0x0000000000035238                __etext = .

.rel.dyn        0x0000000000035238        0x0
 .rel.iplt      0x0000000000035238        0x0 /usr/local/gcc-arm-none-eabi-8-2019-q3-update/bin/../lib/gcc/arm-none-eabi/8.3.1/thumb/v7e-m+fp/hard/crtbegin.o

.data           0x0000000020002218       0xa8 load address 0x0000000000035238
                0x0000000020002218                __data_start__ = .
 *(vtable)
 *(.data*)
 .data.m_uart   0x0000000020002218       0x14 _build/nrf52832_xxaa/nrf_log_backend_uart.c.o
                0x0000000020002218                m_uart
 .data.log_backend_cb_uart_log_backend
                0x000000002000222c        0x8 _build/nrf52832_xxaa/nrf_log_default_backends.c.o
 .data.SystemCoreClock
                0x0000000020002234        0x4 _build/nrf52832_xxaa/system_nrf52.c.o
                0x0000000020002234                SystemCoreClock
 .data.m_adv_uuids
                0x0000000020002238        0x4 _build/nrf52832_xxaa/main.c.o
 .data.m_conn_handle
                0x000000002000223c        0x2 _build/nrf52832_xxaa/main.c.o
 *fill*         0x000000002000223e        0x2 
 .data.rank_queue.10974
                0x0000000020002240       0x10 _build/nrf52832_xxaa/peer_manager_handler.c.o
 .data.m_flag_allow_repairing
                0x0000000020002250        0x1 _build/nrf52832_xxaa/security_dispatcher.c.o
 .data.m_flag_sec_proc
                0x0000000020002251        0x1 _build/nrf52832_xxaa/security_dispatcher.c.o
 .data.m_flag_sec_proc_bonding
                0x0000000020002252        0x1 _build/nrf52832_xxaa/security_dispatcher.c.o
 .data.m_flag_sec_proc_pairing
                0x0000000020002253        0x1 _build/nrf52832_xxaa/security_dispatcher.c.o
 .data.m_flag_link_secure_force_repairing
                0x0000000020002254        0x1 _build/nrf52832_xxaa/security_manager.c.o
 .data.m_flag_link_secure_null_params
                0x0000000020002255        0x1 _build/nrf52832_xxaa/security_manager.c.o
 .data.m_flag_link_secure_pending_busy
                0x0000000020002256        0x1 _build/nrf52832_xxaa/security_manager.c.o
 .data.m_flag_params_reply_pending_busy
                0x0000000020002257        0x1 _build/nrf52832_xxaa/security_manager.c.o
 .data.impure_data
                0x0000000020002258       0x60 /usr/local/gcc-arm-none-eabi-8-2019-q3-update/bin/../lib/gcc/arm-none-eabi/8.3.1/../../../../arm-none-eabi/lib/thumb/v7e-m+fp/hard/libc_nano.a(lib_a-impure.o)
                0x00000000200022b8                . = ALIGN (0x4)
                0x00000000200022b8                PROVIDE (__preinit_array_start = .)
 *(.preinit_array)
                0x00000000200022b8                PROVIDE (__preinit_array_end = .)
                0x00000000200022b8                . = ALIGN (0x4)
                0x00000000200022b8                PROVIDE (__init_array_start = .)
 *(SORT_BY_NAME(.init_array.*))
 *(.init_array)
 .init_array    0x00000000200022b8        0x4 /usr/local/gcc-arm-none-eabi-8-2019-q3-update/bin/../lib/gcc/arm-none-eabi/8.3.1/thumb/v7e-m+fp/hard/crtbegin.o
                0x00000000200022bc                PROVIDE (__init_array_end = .)
                0x00000000200022bc                . = ALIGN (0x4)
                [!provide]                        PROVIDE (__fini_array_start = .)
 *(SORT_BY_NAME(.fini_array.*))
 *(.fini_array)
 .fini_array    0x00000000200022bc        0x4 /usr/local/gcc-arm-none-eabi-8-2019-q3-update/bin/../lib/gcc/arm-none-eabi/8.3.1/thumb/v7e-m+fp/hard/crtbegin.o
                [!provide]                        PROVIDE (__fini_array_end = .)
 *(.jcr*)
                0x00000000200022c0                . = ALIGN (0x4)
                0x00000000200022c0                __data_end__ = .
LOAD /usr/local/gcc-arm-none-eabi-8-2019-q3-update/bin/../lib/gcc/arm-none-eabi/8.3.1/thumb/v7e-m+fp/hard/crti.o
LOAD /usr/local/gcc-arm-none-eabi-8-2019-q3-update/bin/../lib/gcc/arm-none-eabi/8.3.1/thumb/v7e-m+fp/hard/crtbegin.o
LOAD /usr/local/gcc-arm-none-eabi-8-2019-q3-update/bin/../lib/gcc/arm-none-eabi/8.3.1/../../../../arm-none-eabi/lib/thumb/v7e-m+fp/hard/crt0.o
LOAD _build/nrf52832_xxaa/gcc_startup_nrf52.S.o
LOAD _build/nrf52832_xxaa/nrf_log_backend_rtt.c.o
LOAD _build/nrf52832_xxaa/nrf_log_backend_serial.c.o
LOAD _build/nrf52832_xxaa/nrf_log_backend_uart.c.o
LOAD _build/nrf52832_xxaa/nrf_log_default_backends.c.o
LOAD _build/nrf52832_xxaa/nrf_log_frontend.c.o
LOAD _build/nrf52832_xxaa/nrf_log_str_formatter.c.o
LOAD _build/nrf52832_xxaa/app_button.c.o
LOAD _build/nrf52832_xxaa/app_error.c.o
LOAD _build/nrf52832_xxaa/app_error_handler_gcc.c.o
LOAD _build/nrf52832_xxaa/app_error_weak.c.o
LOAD _build/nrf52832_xxaa/app_scheduler.c.o
LOAD _build/nrf52832_xxaa/app_timer.c.o
LOAD _build/nrf52832_xxaa/app_util_platform.c.o
LOAD _build/nrf52832_xxaa/crc16.c.o
LOAD _build/nrf52832_xxaa/fds.c.o
LOAD _build/nrf52832_xxaa/hardfault_implementation.c.o
LOAD _build/nrf52832_xxaa/nrf_assert.c.o
LOAD _build/nrf52832_xxaa/nrf_atfifo.c.o
LOAD _build/nrf52832_xxaa/nrf_atflags.c.o
LOAD _build/nrf52832_xxaa/nrf_atomic.c.o
LOAD _build/nrf52832_xxaa/nrf_balloc.c.o
LOAD _build/nrf52832_xxaa/nrf_fprintf.c.o
LOAD _build/nrf52832_xxaa/nrf_fprintf_format.c.o
LOAD _build/nrf52832_xxaa/nrf_fstorage.c.o
LOAD _build/nrf52832_xxaa/nrf_fstorage_sd.c.o
LOAD _build/nrf52832_xxaa/nrf_memobj.c.o
LOAD _build/nrf52832_xxaa/nrf_pwr_mgmt.c.o